tracked_cs_hashes generated from resumed HEAD c9ff301; source=repo; target=external copyRoot
adapters/conformance/Runtime/AudioScenarios.cs|repo=09e0cbb750329cac91163fd5ef6d8ce2fc04ddc9d78ffb54fa02a74d94e36615|copy=09e0cbb750329cac91163fd5ef6d8ce2fc04ddc9d78ffb54fa02a74d94e36615|match=True
adapters/conformance/Runtime/CameraScenarios.cs|repo=8792b2387a360cb21bb35e53beb0957cbdb7001d68dd770b78cf43cf0afad2a3|copy=8792b2387a360cb21bb35e53beb0957cbdb7001d68dd770b78cf43cf0afad2a3|match=True
adapters/conformance/Runtime/ClockScenarios.cs|repo=9cc0e96e375e6e8527c6ba3eb336f44d96c2c8f04e03811ea660ee2a7abd5139|copy=9cc0e96e375e6e8527c6ba3eb336f44d96c2c8f04e03811ea660ee2a7abd5139|match=True
adapters/conformance/Runtime/ConformanceContext.cs|repo=51522f77770a8cac336ac8e95120afdf18bdb7a25b80cfdf25e3935db93e639a|copy=51522f77770a8cac336ac8e95120afdf18bdb7a25b80cfdf25e3935db93e639a|match=True
adapters/conformance/Runtime/ConformanceScenario.cs|repo=9a4b15ef712c210fa4bf9ce6278921b702c3cefdc4c1b65e4150dd4c708975bb|copy=9a4b15ef712c210fa4bf9ce6278921b702c3cefdc4c1b65e4150dd4c708975bb|match=True
adapters/conformance/Runtime/FileSystemScenarios.cs|repo=f6e1156629d5c6296375d205427367996b860776c0e83823d782d9dc84cab6c9|copy=f6e1156629d5c6296375d205427367996b860776c0e83823d782d9dc84cab6c9|match=True
adapters/conformance/Runtime/IConformanceAssert.cs|repo=c50563434fe08313ce7f4cc7a394d62fa7bfcc4951641da1236828bd022f51f2|copy=c50563434fe08313ce7f4cc7a394d62fa7bfcc4951641da1236828bd022f51f2|match=True
adapters/conformance/Runtime/InputScenarios.cs|repo=feb143a1c8b6b91544c3e82bc0c23f5b23643da5d1d6ad2b4ecb2bb9bfe8b670|copy=feb143a1c8b6b91544c3e82bc0c23f5b23643da5d1d6ad2b4ecb2bb9bfe8b670|match=True
adapters/conformance/Runtime/Navigation2DScenarios.cs|repo=fbe9791d93eca683534b92bb653b954801fe62d97287d9ca37116d3408b73052|copy=fbe9791d93eca683534b92bb653b954801fe62d97287d9ca37116d3408b73052|match=True
adapters/conformance/Runtime/PlatformScenarios.cs|repo=5633fa0a64e26e7876fd865b487604051dfcac562c1df7f9caa21c06ced07235|copy=5633fa0a64e26e7876fd865b487604051dfcac562c1df7f9caa21c06ced07235|match=True
adapters/conformance/Runtime/Renderer2DScenarios.cs|repo=043a98600e8c8582dee92be9d9f6b6766e611bdc8bd94ad3cf1e2581f827526d|copy=043a98600e8c8582dee92be9d9f6b6766e611bdc8bd94ad3cf1e2581f827526d|match=True
adapters/conformance/Runtime/Renderer3DScenarios.cs|repo=0e59944dd6ce21a37eb00286fe7d1b241482ac395467b5e9c6594e225d0d6ce8|copy=0e59944dd6ce21a37eb00286fe7d1b241482ac395467b5e9c6594e225d0d6ce8|match=True
adapters/conformance/Runtime/ResourceLoaderScenarios.cs|repo=544dae918ed3ce5e1d85b87ce4aaf6e90cad6cb47501ac956c80646e7310d4e8|copy=544dae918ed3ce5e1d85b87ce4aaf6e90cad6cb47501ac956c80646e7310d4e8|match=True
adapters/conformance/Runtime/SpatialQueryScenarios.cs|repo=4bac0f44082cca50056dc83b3fc38b9b37107172fa62eecfa29af5b463884e3e|copy=4bac0f44082cca50056dc83b3fc38b9b37107172fa62eecfa29af5b463884e3e|match=True
adapters/conformance/Runtime/UISurfaceScenarios.cs|repo=6f95ec400229f4063475fbd9b1de41855158ee45368a6c694e190e8ff4e4f28d|copy=6f95ec400229f4063475fbd9b1de41855158ee45368a6c694e190e8ff4e4f28d|match=True
adapters/conformance/Runtime/WindowScenarios.cs|repo=3c2edda68b4eb34c07c1ab80c9665e20409be7d858f533906ac3d6af9b70332f|copy=3c2edda68b4eb34c07c1ab80c9665e20409be7d858f533906ac3d6af9b70332f|match=True
adapters/unity/Assets/Editor/GeneratePlaceholderModelAssets.cs|repo=372881409bcd4876d1d3c23279943200a91c739144dc7e9eed078fd99ec7e990|copy=372881409bcd4876d1d3c23279943200a91c739144dc7e9eed078fd99ec7e990|match=True
adapters/unity/Assets/Editor/GreyBoxSceneBuilder.cs|repo=7e10f27bef003cbc7b0a2b3aa5c2756fa5031b7b19ed1cf2ff9df43f0ab4abeb|copy=7e10f27bef003cbc7b0a2b3aa5c2756fa5031b7b19ed1cf2ff9df43f0ab4abeb|match=True
adapters/unity/Assets/Editor/Il2CppPlayerBuilder.cs|repo=f1337a4a59c3ddaea32ed1b674b10dcb3849542cb2ed7614fb7f1c5758235244|copy=f1337a4a59c3ddaea32ed1b674b10dcb3849542cb2ed7614fb7f1c5758235244|match=True
adapters/unity/Assets/Editor/ShellSceneBuilder.cs|repo=a9442ac7132a0ba57ae967c05bc0add6de2d0e7aa3513a61ebb005fd7d0a3658|copy=a9442ac7132a0ba57ae967c05bc0add6de2d0e7aa3513a61ebb005fd7d0a3658|match=True
adapters/unity/Packages/com.gamefoundation.adapter.unity/Editor/ProjectSetup.cs|repo=e82ff9a17d8b7e81f7e8f0ed3d52a941c320556450a6f8327f03ce002f7f1a92|copy=e82ff9a17d8b7e81f7e8f0ed3d52a941c320556450a6f8327f03ce002f7f1a92|match=True
adapters/unity/Packages/com.gamefoundation.adapter.unity/Runtime/AdapterMarker.cs|repo=b04da566d34c2ceaa69dd2586d7e0ed702aaec0cf696b584544c59047511383b|copy=b04da566d34c2ceaa69dd2586d7e0ed702aaec0cf696b584544c59047511383b|match=True
adapters/unity/Packages/com.gamefoundation.adapter.unity/Runtime/AssemblyInfo.cs|repo=2a231a56cdcc43f624cb3569f6614d37b0d28c00e8f05860a78ea446b61d85de|copy=2a231a56cdcc43f624cb3569f6614d37b0d28c00e8f05860a78ea446b61d85de|match=True
adapters/unity/Packages/com.gamefoundation.adapter.unity/Runtime/Bootstrap/GameFoundationBootstrap.cs|repo=0096e7b245e385f6eb982cfd6832baecad4a31782e8bc22f00e83edb6d84caa8|copy=0096e7b245e385f6eb982cfd6832baecad4a31782e8bc22f00e83edb6d84caa8|match=True
adapters/unity/Packages/com.gamefoundation.adapter.unity/Runtime/EngineAdapter/AnimStateFinishRelay.cs|repo=0eb81b91bb3617782ccd75b3c68762bbd3e23015d1b917f7326a11f7913ea9fe|copy=0eb81b91bb3617782ccd75b3c68762bbd3e23015d1b917f7326a11f7913ea9fe|match=True
adapters/unity/Packages/com.gamefoundation.adapter.unity/Runtime/EngineAdapter/EffectSequencePlayer.cs|repo=85db20b3476dc7f5d0f2add88daa7c1a4d604bb2456c0cf8efd3a4399fc67d30|copy=85db20b3476dc7f5d0f2add88daa7c1a4d604bb2456c0cf8efd3a4399fc67d30|match=True
adapters/unity/Packages/com.gamefoundation.adapter.unity/Runtime/EngineAdapter/UnityAudio.cs|repo=2f44be6e7b5a4dbf96516fff8a762e3ab1f8fcf40a4d8a5bb39b474f54f90f43|copy=2f44be6e7b5a4dbf96516fff8a762e3ab1f8fcf40a4d8a5bb39b474f54f90f43|match=True
adapters/unity/Packages/com.gamefoundation.adapter.unity/Runtime/EngineAdapter/UnityCamera.cs|repo=7bd50ca9bc0cadf31cea3f5cd0812b34a2aa82b5559f2c9f4ae855c9b722c5a6|copy=7bd50ca9bc0cadf31cea3f5cd0812b34a2aa82b5559f2c9f4ae855c9b722c5a6|match=True
adapters/unity/Packages/com.gamefoundation.adapter.unity/Runtime/EngineAdapter/UnityClock.cs|repo=f70cc0d25b4349b20a9dc681638fad964ef7b27dfd1a145ca40d2e07dc0ad127|copy=f70cc0d25b4349b20a9dc681638fad964ef7b27dfd1a145ca40d2e07dc0ad127|match=True
adapters/unity/Packages/com.gamefoundation.adapter.unity/Runtime/EngineAdapter/UnityEngineHost.cs|repo=37463afae2d580ef4721c244075c5efa20968018f9637306cffdec2df9a7b04c|copy=37463afae2d580ef4721c244075c5efa20968018f9637306cffdec2df9a7b04c|match=True
adapters/unity/Packages/com.gamefoundation.adapter.unity/Runtime/EngineAdapter/UnityFileSystem.cs|repo=53943f471ef37ba023bca4e903cc4dbc272b622638e0355db35e6abd47d4f07e|copy=53943f471ef37ba023bca4e903cc4dbc272b622638e0355db35e6abd47d4f07e|match=True
adapters/unity/Packages/com.gamefoundation.adapter.unity/Runtime/EngineAdapter/UnityInput.cs|repo=fbd4188112625f1582bb805a45a4e78e097eefc01193f409c215bc08d8dfc8db|copy=fbd4188112625f1582bb805a45a4e78e097eefc01193f409c215bc08d8dfc8db|match=True
adapters/unity/Packages/com.gamefoundation.adapter.unity/Runtime/EngineAdapter/UnityNavigation2D.cs|repo=90f34d536e2c3ffb89c85652d885a68998cd7560bec4510abd80e18af68d720e|copy=90f34d536e2c3ffb89c85652d885a68998cd7560bec4510abd80e18af68d720e|match=True
adapters/unity/Packages/com.gamefoundation.adapter.unity/Runtime/EngineAdapter/UnityPlatform.cs|repo=76b4db5680523a82d5ebb1389ab87853b9099a766af29058a7bdcdb669ba0338|copy=76b4db5680523a82d5ebb1389ab87853b9099a766af29058a7bdcdb669ba0338|match=True
adapters/unity/Packages/com.gamefoundation.adapter.unity/Runtime/EngineAdapter/UnityRenderer2D.cs|repo=b21c64d6627c56b50fd9f9a7f13c7a49c0bb651a80d123fdd898d7702bd87b97|copy=b21c64d6627c56b50fd9f9a7f13c7a49c0bb651a80d123fdd898d7702bd87b97|match=True
adapters/unity/Packages/com.gamefoundation.adapter.unity/Runtime/EngineAdapter/UnityRenderer3D.cs|repo=c614f3efb5e78000bae6c032b4bbfe7971c9363f8f47fa33375b9dda7cf2ba1b|copy=c614f3efb5e78000bae6c032b4bbfe7971c9363f8f47fa33375b9dda7cf2ba1b|match=True
adapters/unity/Packages/com.gamefoundation.adapter.unity/Runtime/EngineAdapter/UnityResourceLoader.cs|repo=0200922913bd246a98172c5b8e1f4370f4fa2679329972113ad59fad4e21faf5|copy=0200922913bd246a98172c5b8e1f4370f4fa2679329972113ad59fad4e21faf5|match=True
adapters/unity/Packages/com.gamefoundation.adapter.unity/Runtime/EngineAdapter/UnitySpatialQuery.cs|repo=d5506a40d602850d870070c7d5e007837e250fd16a9fbc69e0cd94e9e44f353b|copy=d5506a40d602850d870070c7d5e007837e250fd16a9fbc69e0cd94e9e44f353b|match=True
adapters/unity/Packages/com.gamefoundation.adapter.unity/Runtime/EngineAdapter/UnityUISurface.cs|repo=e39e2f7a9cef0b6e9aae9fb9a3594930f3c4a1ddc318743d190163695419303f|copy=e39e2f7a9cef0b6e9aae9fb9a3594930f3c4a1ddc318743d190163695419303f|match=True
adapters/unity/Packages/com.gamefoundation.adapter.unity/Runtime/EngineAdapter/UnityWindow.cs|repo=884ee187599be9a797be136871676814c34b063cbedfaeaa119c079f040139a8|copy=884ee187599be9a797be136871676814c34b063cbedfaeaa119c079f040139a8|match=True
adapters/unity/Packages/com.gamefoundation.adapter.unity/Runtime/EngineAdapter/WavDecoder.cs|repo=01eb5d7418eb5a8da577a3059af5cdd5fe9979bd1758fe7068d468b9edf33d3a|copy=01eb5d7418eb5a8da577a3059af5cdd5fe9979bd1758fe7068d468b9edf33d3a|match=True
adapters/unity/Packages/com.gamefoundation.adapter.unity/Runtime/Presentation/AnimClipResolver.cs|repo=0bc46fe26c208a4a7896085abbb0f6c06cefc001f80f00f967ff2c6ea7a3873d|copy=0bc46fe26c208a4a7896085abbb0f6c06cefc001f80f00f967ff2c6ea7a3873d|match=True
adapters/unity/Packages/com.gamefoundation.adapter.unity/Runtime/Presentation/FlashReceiver.cs|repo=fb3dd280e95a17067d717d0ea02319e6e45f109e58a16d665c212dd3662316ab|copy=fb3dd280e95a17067d717d0ea02319e6e45f109e58a16d665c212dd3662316ab|match=True
adapters/unity/Packages/com.gamefoundation.adapter.unity/Runtime/Presentation/FloatingTextReceiver.cs|repo=98cec0b8dff1b58e865cb1505b2846b3e825e31bea459420173ef810ff877da9|copy=98cec0b8dff1b58e865cb1505b2846b3e825e31bea459420173ef810ff877da9|match=True
adapters/unity/Packages/com.gamefoundation.adapter.unity/Runtime/Presentation/FreezeFrameReceiver.cs|repo=7aebaa0b9c514e2388b6e7e077e002cc445e46e4c6a226a698acf6eecca8a0ea|copy=7aebaa0b9c514e2388b6e7e077e002cc445e46e4c6a226a698acf6eecca8a0ea|match=True
adapters/unity/Packages/com.gamefoundation.adapter.unity/Runtime/Presentation/RespawnFeedbackReceiver.cs|repo=73018f7b6d755c9ee4b0eb4f92ac04732065e14545c974250beb8ca373da23fc|copy=73018f7b6d755c9ee4b0eb4f92ac04732065e14545c974250beb8ca373da23fc|match=True
adapters/unity/Packages/com.gamefoundation.adapter.unity/Runtime/Presentation/UnityFrameAnimPlayer.cs|repo=7bdc9e0ff53b06a9edc7b7db60a78af795617afcae36c363803de6cd85d7a86d|copy=7bdc9e0ff53b06a9edc7b7db60a78af795617afcae36c363803de6cd85d7a86d|match=True
adapters/unity/Packages/com.gamefoundation.adapter.unity/Runtime/Presentation/UnityModelView.cs|repo=4cc74c72e701465db910a8f1400f8a3e1f6c12f8a6fbb9ce52b9d0f5f1c61799|copy=4cc74c72e701465db910a8f1400f8a3e1f6c12f8a6fbb9ce52b9d0f5f1c61799|match=True
adapters/unity/Packages/com.gamefoundation.adapter.unity/Runtime/Presentation/UnitySpriteView.cs|repo=2865858a9f5efa0a91c7493ec20160eca6b6e47b3cd2df530b3a2ce4e8e5e317|copy=2865858a9f5efa0a91c7493ec20160eca6b6e47b3cd2df530b3a2ce4e8e5e317|match=True
adapters/unity/Packages/com.gamefoundation.adapter.unity/Runtime/Presentation/UnityViewFactory.cs|repo=bb2ff7dc72f63092796a3eafc3d1dda69c0098e5fdc644acc859ad625831ed72|copy=bb2ff7dc72f63092796a3eafc3d1dda69c0098e5fdc644acc859ad625831ed72|match=True
adapters/unity/Packages/com.gamefoundation.adapter.unity/Runtime/Shell/FrameworkResidentHost.cs|repo=83266c91184a2c73d15cc427abb705aaa80a6d46e39ca1b2be927a6cc444baae|copy=83266c91184a2c73d15cc427abb705aaa80a6d46e39ca1b2be927a6cc444baae|match=True
adapters/unity/Packages/com.gamefoundation.adapter.unity/Runtime/Shell/ShellRoot.cs|repo=6946ed2fb4cb92f0aea67130b308c82a76a1d19aeba09b831f42535382369e26|copy=6946ed2fb4cb92f0aea67130b308c82a76a1d19aeba09b831f42535382369e26|match=True
adapters/unity/Packages/com.gamefoundation.adapter.unity/Runtime/Shell/SmokeRunner.cs|repo=2a9aee1a74bb7658275e79fd1fbd82e222da09728842980832f0de7cd1c8013d|copy=2a9aee1a74bb7658275e79fd1fbd82e222da09728842980832f0de7cd1c8013d|match=True
adapters/unity/Packages/com.gamefoundation.adapter.unity/Runtime/Ui/IUiPanel.cs|repo=6ed100530df925d118c96a8a1d7a376a24cdd52b60f0984f1a9d93b65ffb6425|copy=6ed100530df925d118c96a8a1d7a376a24cdd52b60f0984f1a9d93b65ffb6425|match=True
adapters/unity/Packages/com.gamefoundation.adapter.unity/Runtime/Ui/Panels/DialogSettingsPanels.cs|repo=2b4037defc8e0ac137aba6a52f3bfbc1d81eb1b747417852d2432e959ad1e4c3|copy=2b4037defc8e0ac137aba6a52f3bfbc1d81eb1b747417852d2432e959ad1e4c3|match=True
adapters/unity/Packages/com.gamefoundation.adapter.unity/Runtime/Ui/Panels/GameplayPanels.cs|repo=fc49994bb13949322fbb86ef3c6854267bea0a67a1bce8477b7f648e7f2f2a24|copy=fc49994bb13949322fbb86ef3c6854267bea0a67a1bce8477b7f648e7f2f2a24|match=True
adapters/unity/Packages/com.gamefoundation.adapter.unity/Runtime/Ui/Panels/SharedPanels.cs|repo=90ef81b7ad43b5941c860d545553d4f4e3f9240e799fc4e416ba35d11ed1fa6a|copy=90ef81b7ad43b5941c860d545553d4f4e3f9240e799fc4e416ba35d11ed1fa6a|match=True
adapters/unity/Packages/com.gamefoundation.adapter.unity/Runtime/Ui/Panels/ShopPanel.cs|repo=76963b5a5f10e56795388bb0a6e2fbdfecf48b6dca2cf54ed9ca8826fc41d661|copy=76963b5a5f10e56795388bb0a6e2fbdfecf48b6dca2cf54ed9ca8826fc41d661|match=True
adapters/unity/Packages/com.gamefoundation.adapter.unity/Runtime/Ui/UiPanelHost.cs|repo=a7f194c072ad6945d8b329aa408c468e80866bb91911a972fb65e90bc6c18fcd|copy=a7f194c072ad6945d8b329aa408c468e80866bb91911a972fb65e90bc6c18fcd|match=True
adapters/unity/Packages/com.gamefoundation.adapter.unity/Runtime/Ui/UiRoot.cs|repo=ed7c5c99189c1c0cded158d42852045625a9fe3379c0027a095b38ed63f9366e|copy=ed7c5c99189c1c0cded158d42852045625a9fe3379c0027a095b38ed63f9366e|match=True
adapters/unity/Packages/com.gamefoundation.adapter.unity/Runtime/Ui/UiSkin.cs|repo=926676cc21db37a95233a2aee932bd2abf8d523e0735706c90fadd41fb6e3182|copy=926676cc21db37a95233a2aee932bd2abf8d523e0735706c90fadd41fb6e3182|match=True
adapters/unity/Packages/com.gamefoundation.adapter.unity/Runtime/Ui/UiWidgets.cs|repo=5ba2bf3088125116c2b017e4ae0b552e3d9d9de1338b6672e2def2fd8b9ffd72|copy=5ba2bf3088125116c2b017e4ae0b552e3d9d9de1338b6672e2def2fd8b9ffd72|match=True
adapters/unity/Packages/com.gamefoundation.adapter.unity/Tests/Editor/ConformanceUnityEditorTests.cs|repo=ffb70e835fa0ee6666531741d93ad300de9056309f60817ecc5430189bbc4c99|copy=ffb70e835fa0ee6666531741d93ad300de9056309f60817ecc5430189bbc4c99|match=True
adapters/unity/Packages/com.gamefoundation.adapter.unity/Tests/Editor/UnityClockTests.cs|repo=45f8e2e1912cdf475bdbb01e83939482b9db7e25a3dd00709dc6e029d6ad6320|copy=45f8e2e1912cdf475bdbb01e83939482b9db7e25a3dd00709dc6e029d6ad6320|match=True
adapters/unity/Packages/com.gamefoundation.adapter.unity/Tests/Editor/UnityFileSystemTests.cs|repo=7c7c1c8c5a45ad51ba0e266201748e99ab86da53bd96107693d113c42e10e2be|copy=7c7c1c8c5a45ad51ba0e266201748e99ab86da53bd96107693d113c42e10e2be|match=True
adapters/unity/Packages/com.gamefoundation.adapter.unity/Tests/Editor/UnityNavigation2DTests.cs|repo=8af93cd8722555beefd5a9684baa232efb29edff47a1f1dfb16efdca509ae516|copy=8af93cd8722555beefd5a9684baa232efb29edff47a1f1dfb16efdca509ae516|match=True
adapters/unity/Packages/com.gamefoundation.adapter.unity/Tests/Editor/UnityPlatformTests.cs|repo=1a14177c01a42eaf4d84a3c3ef252d7b89fdc5b764db08c3fcd1cfdfad421da7|copy=1a14177c01a42eaf4d84a3c3ef252d7b89fdc5b764db08c3fcd1cfdfad421da7|match=True
adapters/unity/Packages/com.gamefoundation.adapter.unity/Tests/Editor/UnityResourceLoaderFontTests.cs|repo=b501262d3bc98ecdeacdc2424d18188af64545df66ff67fd6dbf0820e8a78cae|copy=b501262d3bc98ecdeacdc2424d18188af64545df66ff67fd6dbf0820e8a78cae|match=True
adapters/unity/Packages/com.gamefoundation.adapter.unity/Tests/Editor/UnitySpatialQueryTests.cs|repo=1db4b4a336571528f8210d60c1a599dc0bd9f47530f3bd853cebb45f95ef83df|copy=1db4b4a336571528f8210d60c1a599dc0bd9f47530f3bd853cebb45f95ef83df|match=True
adapters/unity/Packages/com.gamefoundation.adapter.unity/Tests/Editor/WavDecoderTests.cs|repo=ed7ac8b6919a6798e40ea397b5520c8793566b306b154c83641468874fec5a4c|copy=ed7ac8b6919a6798e40ea397b5520c8793566b306b154c83641468874fec5a4c|match=True
adapters/unity/Packages/com.gamefoundation.adapter.unity/Tests/Runtime/AnimationLayerTests.cs|repo=636903baadaaec5309711e583af3b47c5a3a896e5d1b7b4199848edd6598eaa0|copy=636903baadaaec5309711e583af3b47c5a3a896e5d1b7b4199848edd6598eaa0|match=True
adapters/unity/Packages/com.gamefoundation.adapter.unity/Tests/Runtime/AnimClipResolverTests.cs|repo=e7987cea9f681cea330f2e1dd7723cd77ffd16c3556f2732c8154c22c7e69ac4|copy=e7987cea9f681cea330f2e1dd7723cd77ffd16c3556f2732c8154c22c7e69ac4|match=True
adapters/unity/Packages/com.gamefoundation.adapter.unity/Tests/Runtime/AnimReplayAndFinishEndToEndTests.cs|repo=482af5d185e9b8e7230e15750b6f95fb01519c6ffed836e0046a1395ec9b0c14|copy=482af5d185e9b8e7230e15750b6f95fb01519c6ffed836e0046a1395ec9b0c14|match=True
adapters/unity/Packages/com.gamefoundation.adapter.unity/Tests/Runtime/AuditBlockersPlayModeTests.cs|repo=467ffd7705d03dc6e624799c7375eccbffa767fa13cf92a430f4c768d427d19f|copy=467ffd7705d03dc6e624799c7375eccbffa767fa13cf92a430f4c768d427d19f|match=True
adapters/unity/Packages/com.gamefoundation.adapter.unity/Tests/Runtime/ConformanceUnityTests.cs|repo=1218bdeaa43c8f66225c191cd00dc607bab34773b5a8c66805a53ffabce0b57b|copy=1218bdeaa43c8f66225c191cd00dc607bab34773b5a8c66805a53ffabce0b57b|match=True
adapters/unity/Packages/com.gamefoundation.adapter.unity/Tests/Runtime/DiscreteCombatTests.cs|repo=a42f3a1c0bad94c97f837e4bbbdbf48bc5cf44214c282a8c55489fc8affcdbfc|copy=a42f3a1c0bad94c97f837e4bbbdbf48bc5cf44214c282a8c55489fc8affcdbfc|match=True
adapters/unity/Packages/com.gamefoundation.adapter.unity/Tests/Runtime/EquipmentVisualReplayTests.cs|repo=46d5a0aa50c5bd77359aa3cf16653f7fb5a3a0531fdbb33ccbb68398b080de23|copy=46d5a0aa50c5bd77359aa3cf16653f7fb5a3a0531fdbb33ccbb68398b080de23|match=True
adapters/unity/Packages/com.gamefoundation.adapter.unity/Tests/Runtime/EquipVisualSocketClearTests.cs|repo=137316309fc0b084fceb5f5d7b372842dd9917c81ddb96b1ba83b3ea59230387|copy=137316309fc0b084fceb5f5d7b372842dd9917c81ddb96b1ba83b3ea59230387|match=True
adapters/unity/Packages/com.gamefoundation.adapter.unity/Tests/Runtime/GameFoundationBootstrapQuestDayProviderTests.cs|repo=7cffaeab5523d4e7783988b4d5c7e3988d6d164a1c8ac6356777e9c25edcf8f2|copy=7cffaeab5523d4e7783988b4d5c7e3988d6d164a1c8ac6356777e9c25edcf8f2|match=True
adapters/unity/Packages/com.gamefoundation.adapter.unity/Tests/Runtime/GlobalPlayModeTestSetup.cs|repo=d832ea820b373ea3cb9693d7a22b1faa8cc139f50a21cc2b9c3cc26baecd7c85|copy=d832ea820b373ea3cb9693d7a22b1faa8cc139f50a21cc2b9c3cc26baecd7c85|match=True
adapters/unity/Packages/com.gamefoundation.adapter.unity/Tests/Runtime/GlobalPlayModeTestSetupTests.cs|repo=416f5c920807f7941ae33a13f1d3ac8ab87eac824c223cf84b78250f8d3d0f94|copy=416f5c920807f7941ae33a13f1d3ac8ab87eac824c223cf84b78250f8d3d0f94|match=True
adapters/unity/Packages/com.gamefoundation.adapter.unity/Tests/Runtime/GreyBoxTests.cs|repo=e20abb88bae71abdb8ea7c9ce938a789167d05d935f3ed8702f619e97c167d31|copy=e20abb88bae71abdb8ea7c9ce938a789167d05d935f3ed8702f619e97c167d31|match=True
adapters/unity/Packages/com.gamefoundation.adapter.unity/Tests/Runtime/HitFrameSyncEndToEndTests.cs|repo=7b95650942a91e55f45e74c62ce79d662d6d6e3f41d3762f0258dc2112edaa85|copy=7b95650942a91e55f45e74c62ce79d662d6d6e3f41d3762f0258dc2112edaa85|match=True
adapters/unity/Packages/com.gamefoundation.adapter.unity/Tests/Runtime/ModelClipEventIsolationTests.cs|repo=5f6481136f72cbda7943358ec968c1f163807074a098ce65872317ddc4c9a3eb|copy=5f6481136f72cbda7943358ec968c1f163807074a098ce65872317ddc4c9a3eb|match=True
adapters/unity/Packages/com.gamefoundation.adapter.unity/Tests/Runtime/ModelIntegrationTests.cs|repo=29209aa1a24a07af417bf76e200078a289bb3462c956d5c25dd3d6cb0c25eb0a|copy=29209aa1a24a07af417bf76e200078a289bb3462c956d5c25dd3d6cb0c25eb0a|match=True
adapters/unity/Packages/com.gamefoundation.adapter.unity/Tests/Runtime/ModelViewTests.cs|repo=094a94642c9c8044069d1aa60ae15286667959ef994ab6a337c0c14b1d90295c|copy=094a94642c9c8044069d1aa60ae15286667959ef994ab6a337c0c14b1d90295c|match=True
adapters/unity/Packages/com.gamefoundation.adapter.unity/Tests/Runtime/MovementStopAndBlockingPlayModeTests.cs|repo=e06b2311b8ae8f5e62cd9604c77f146d1ce581705eed9523936ffb2a56919022|copy=e06b2311b8ae8f5e62cd9604c77f146d1ce581705eed9523936ffb2a56919022|match=True
adapters/unity/Packages/com.gamefoundation.adapter.unity/Tests/Runtime/PlayModeIsolation.cs|repo=4749169fd719a18dba5b106b4caa492784b22ca5fcc6661c54f7aaa7720696ea|copy=4749169fd719a18dba5b106b4caa492784b22ca5fcc6661c54f7aaa7720696ea|match=True
adapters/unity/Packages/com.gamefoundation.adapter.unity/Tests/Runtime/PlayModeTestBase.cs|repo=8791edf494685dc4106563e8713991f2084eaeea7155e1419c0a0eadc49b0c83|copy=8791edf494685dc4106563e8713991f2084eaeea7155e1419c0a0eadc49b0c83|match=True
adapters/unity/Packages/com.gamefoundation.adapter.unity/Tests/Runtime/Pres170_01SharedClipEventIsolationTests.cs|repo=366ed15c6391175a05126a42346b10d282daf18009f36c743849d43e25ed5a2b|copy=366ed15c6391175a05126a42346b10d282daf18009f36c743849d43e25ed5a2b|match=True
adapters/unity/Packages/com.gamefoundation.adapter.unity/Tests/Runtime/SharedBootstrapDiscreteTests.cs|repo=12cce425e3d71a34b183345b2b5536f3cdb82cdcb5401e8d0fb506415cd43eaa|copy=12cce425e3d71a34b183345b2b5536f3cdb82cdcb5401e8d0fb506415cd43eaa|match=True
adapters/unity/Packages/com.gamefoundation.adapter.unity/Tests/Runtime/ShellFlowTests.cs|repo=1c2909c30da8c33cef092087dc7cd33faecc704e5cbb1cc8d1d9f823f5e35441|copy=1c2909c30da8c33cef092087dc7cd33faecc704e5cbb1cc8d1d9f823f5e35441|match=True
adapters/unity/Packages/com.gamefoundation.adapter.unity/Tests/Runtime/SlotMeshResourceContractTests.cs|repo=84f39dd416a345c636aa87f7d3b6a066bfb770b33d888bb6d0ef5e099555bd41|copy=84f39dd416a345c636aa87f7d3b6a066bfb770b33d888bb6d0ef5e099555bd41|match=True
adapters/unity/Packages/com.gamefoundation.adapter.unity/Tests/Runtime/SpriteEquipVisualWiringTests.cs|repo=123417d532bf25f835cb0bb45962157e9cbb31390216e759f5b0f51bc73dcf11|copy=123417d532bf25f835cb0bb45962157e9cbb31390216e759f5b0f51bc73dcf11|match=True
adapters/unity/Packages/com.gamefoundation.adapter.unity/Tests/Runtime/UiSuiteTests.cs|repo=90e31c2ee426e1b57c18465b909a3d7a477e9317102966f8a0cd325a09339f4c|copy=90e31c2ee426e1b57c18465b909a3d7a477e9317102966f8a0cd325a09339f4c|match=True
adapters/unity/Packages/com.gamefoundation.adapter.unity/Tests/Runtime/UnityAudioTests.cs|repo=8a56b830c87170b6efd6d1de1d969c69295cfbb2a44e647997022fd8cbe54518|copy=8a56b830c87170b6efd6d1de1d969c69295cfbb2a44e647997022fd8cbe54518|match=True
adapters/unity/Packages/com.gamefoundation.adapter.unity/Tests/Runtime/UnityCameraTests.cs|repo=3da7eb8b72fa42bcd296044498faca8b205b45b7e7abcca8ca1d6542889949af|copy=3da7eb8b72fa42bcd296044498faca8b205b45b7e7abcca8ca1d6542889949af|match=True
adapters/unity/Packages/com.gamefoundation.adapter.unity/Tests/Runtime/UnityInputTests.cs|repo=ad8d34bc8cedf4f259942557cda0a4d5102e7349ee7fedf9903918d6e902b5df|copy=ad8d34bc8cedf4f259942557cda0a4d5102e7349ee7fedf9903918d6e902b5df|match=True
adapters/unity/Packages/com.gamefoundation.adapter.unity/Tests/Runtime/UnityRenderer2DTests.cs|repo=170f0819f2a52dd5676b216dc901e6551c58ab5d57313a456e196aeb567cd3f0|copy=170f0819f2a52dd5676b216dc901e6551c58ab5d57313a456e196aeb567cd3f0|match=True
adapters/unity/Packages/com.gamefoundation.adapter.unity/Tests/Runtime/UnityRenderer3DTests.cs|repo=f7642bc4d5da4c4c75c07c42c4b7c19120ef03e6773ff796bf34a118685adc4b|copy=f7642bc4d5da4c4c75c07c42c4b7c19120ef03e6773ff796bf34a118685adc4b|match=True
adapters/unity/Packages/com.gamefoundation.adapter.unity/Tests/Runtime/UnityResourceLoaderTests.cs|repo=daf8f79ebc70d70b4d2d2f70a3296cde3a0ecf3006dca4a92634e4abb7903ec3|copy=daf8f79ebc70d70b4d2d2f70a3296cde3a0ecf3006dca4a92634e4abb7903ec3|match=True
adapters/unity/Packages/com.gamefoundation.adapter.unity/Tests/Runtime/UnityUISurfaceTests.cs|repo=c955048c691d36f7a7845d396f6867a1d4c2cb9fcbb99cd75b5b01c448abe715|copy=c955048c691d36f7a7845d396f6867a1d4c2cb9fcbb99cd75b5b01c448abe715|match=True
adapters/unity/Packages/com.gamefoundation.adapter.unity/Tests/Runtime/UnityViewFactoryDefaultAnimationTests.cs|repo=a231149bfdd382b794b78e089adc627a9f4072cf29235bc83792790ee4e8a9eb|copy=a231149bfdd382b794b78e089adc627a9f4072cf29235bc83792790ee4e8a9eb|match=True
adapters/unity/Packages/com.gamefoundation.adapter.unity/Tests/Runtime/UnityWindowTests.cs|repo=f051f278eb7d315bd18dc0bd14812157a76037a6514652b8a6771ff9a6a038c0|copy=f051f278eb7d315bd18dc0bd14812157a76037a6514652b8a6771ff9a6a038c0|match=True
adapters/unity/Packages/com.gamefoundation.adapter.unity/Tests/Runtime/VerticalSliceTests.cs|repo=b6c80262cde5dfbb2a2e37a4ad8f297dec0099ddaa26e7d2b9f1775011a03260|copy=b6c80262cde5dfbb2a2e37a4ad8f297dec0099ddaa26e7d2b9f1775011a03260|match=True
adapters/unity/Packages/com.gamefoundation.adapter.unity/Tests/Runtime/WeaponClipRegistrationTests.cs|repo=8a7bc5eec0657df235cafc04a9f70ac9262f3d125a9e9243678fc83656240a56|copy=8a7bc5eec0657df235cafc04a9f70ac9262f3d125a9e9243678fc83656240a56|match=True
games/_template/Editor/GameSceneBuilder.cs|repo=0aaf99ede88a1def1cc9293f6322793820cfe5a907293c55c81d634406db8730|copy=0aaf99ede88a1def1cc9293f6322793820cfe5a907293c55c81d634406db8730|match=True
games/_template/Runtime/DataHotReload.cs|repo=a9784ab7791ff485978b623a6acb74c6d6d31b89927bb9ac586831ab3cdfd573|copy=a9784ab7791ff485978b623a6acb74c6d6d31b89927bb9ac586831ab3cdfd573|match=True
games/_template/Runtime/GameBootstrap.cs|repo=8f7816e5374845915285033be039be1e02482d299ad75f0bb618061336a36fa3|copy=8f7816e5374845915285033be039be1e02482d299ad75f0bb618061336a36fa3|match=True
games/_template/Runtime/GameOptions.cs|repo=de71eb75d7b16bedce31f3ad63a61bc6353fdc80bcf1eda267159e98ce68ca09|copy=de71eb75d7b16bedce31f3ad63a61bc6353fdc80bcf1eda267159e98ce68ca09|match=True
games/_template/Runtime/GameTemplateMarker.cs|repo=c9bf32ef81b37f17c4f2631fa6242f641bb7d364a25035f26ada1085ca864aac|copy=c9bf32ef81b37f17c4f2631fa6242f641bb7d364a25035f26ada1085ca864aac|match=True
games/_template/Runtime/SampleNewGameStarter.cs|repo=2cbfc8a30754f58382a1634d26e3c387dc34b68ad2148d2162fa62035cf1a890|copy=2cbfc8a30754f58382a1634d26e3c387dc34b68ad2148d2162fa62035cf1a890|match=True
games/_template/Runtime/TemplateAutoStart.cs|repo=74fea6b1c17659b18edf612dfd13aea185428081dd770a74c83c2ea5030bc19a|copy=74fea6b1c17659b18edf612dfd13aea185428081dd770a74c83c2ea5030bc19a|match=True
games/_template/Runtime/TemplateShellUi.cs|repo=7d5249864b7f719ca3877134fe2518275800e8b867ee6c2f518d9d6c8e9ef4ae|copy=7d5249864b7f719ca3877134fe2518275800e8b867ee6c2f518d9d6c8e9ef4ae|match=True
games/_template/Runtime/TemplateSmokeRunner.cs|repo=4ea9576a294f81abce3c6d66589377d4f7c457728d6f750e020fc39e08b0b262|copy=4ea9576a294f81abce3c6d66589377d4f7c457728d6f750e020fc39e08b0b262|match=True
games/_template/Tests/Editor/DataHotReloadEditModeTests.cs|repo=51ed52bc4ad0a3a863602ab993bdf24a5eb56559fd863e074395e1d63dd54780|copy=51ed52bc4ad0a3a863602ab993bdf24a5eb56559fd863e074395e1d63dd54780|match=True
games/_template/Tests/Runtime/GameTemplateSmokeTests.cs|repo=ee39c0734450b7fe28fe95cbb63a5cc92d966814ca205c4add9b8d1bb3a093f4|copy=ee39c0734450b7fe28fe95cbb63a5cc92d966814ca205c4add9b8d1bb3a093f4|match=True
