repo=D:\workespace\ws-game-artifacts\audit-c9ff301-resumed
external=D:\workespace\ws-game-unity-audit-c9ff301\copyRoot
count=90
372881409bcd4876d1d3c23279943200a91c739144dc7e9eed078fd99ec7e990  372881409bcd4876d1d3c23279943200a91c739144dc7e9eed078fd99ec7e990  adapters/unity/Assets/Editor/GeneratePlaceholderModelAssets.cs
7e10f27bef003cbc7b0a2b3aa5c2756fa5031b7b19ed1cf2ff9df43f0ab4abeb  7e10f27bef003cbc7b0a2b3aa5c2756fa5031b7b19ed1cf2ff9df43f0ab4abeb  adapters/unity/Assets/Editor/GreyBoxSceneBuilder.cs
f1337a4a59c3ddaea32ed1b674b10dcb3849542cb2ed7614fb7f1c5758235244  f1337a4a59c3ddaea32ed1b674b10dcb3849542cb2ed7614fb7f1c5758235244  adapters/unity/Assets/Editor/Il2CppPlayerBuilder.cs
a9442ac7132a0ba57ae967c05bc0add6de2d0e7aa3513a61ebb005fd7d0a3658  a9442ac7132a0ba57ae967c05bc0add6de2d0e7aa3513a61ebb005fd7d0a3658  adapters/unity/Assets/Editor/ShellSceneBuilder.cs
e82ff9a17d8b7e81f7e8f0ed3d52a941c320556450a6f8327f03ce002f7f1a92  e82ff9a17d8b7e81f7e8f0ed3d52a941c320556450a6f8327f03ce002f7f1a92  adapters/unity/Packages/com.gamefoundation.adapter.unity/Editor/ProjectSetup.cs
b04da566d34c2ceaa69dd2586d7e0ed702aaec0cf696b584544c59047511383b  b04da566d34c2ceaa69dd2586d7e0ed702aaec0cf696b584544c59047511383b  adapters/unity/Packages/com.gamefoundation.adapter.unity/Runtime/AdapterMarker.cs
2a231a56cdcc43f624cb3569f6614d37b0d28c00e8f05860a78ea446b61d85de  2a231a56cdcc43f624cb3569f6614d37b0d28c00e8f05860a78ea446b61d85de  adapters/unity/Packages/com.gamefoundation.adapter.unity/Runtime/AssemblyInfo.cs
0096e7b245e385f6eb982cfd6832baecad4a31782e8bc22f00e83edb6d84caa8  0096e7b245e385f6eb982cfd6832baecad4a31782e8bc22f00e83edb6d84caa8  adapters/unity/Packages/com.gamefoundation.adapter.unity/Runtime/Bootstrap/GameFoundationBootstrap.cs
0eb81b91bb3617782ccd75b3c68762bbd3e23015d1b917f7326a11f7913ea9fe  0eb81b91bb3617782ccd75b3c68762bbd3e23015d1b917f7326a11f7913ea9fe  adapters/unity/Packages/com.gamefoundation.adapter.unity/Runtime/EngineAdapter/AnimStateFinishRelay.cs
85db20b3476dc7f5d0f2add88daa7c1a4d604bb2456c0cf8efd3a4399fc67d30  85db20b3476dc7f5d0f2add88daa7c1a4d604bb2456c0cf8efd3a4399fc67d30  adapters/unity/Packages/com.gamefoundation.adapter.unity/Runtime/EngineAdapter/EffectSequencePlayer.cs
2f44be6e7b5a4dbf96516fff8a762e3ab1f8fcf40a4d8a5bb39b474f54f90f43  2f44be6e7b5a4dbf96516fff8a762e3ab1f8fcf40a4d8a5bb39b474f54f90f43  adapters/unity/Packages/com.gamefoundation.adapter.unity/Runtime/EngineAdapter/UnityAudio.cs
7bd50ca9bc0cadf31cea3f5cd0812b34a2aa82b5559f2c9f4ae855c9b722c5a6  7bd50ca9bc0cadf31cea3f5cd0812b34a2aa82b5559f2c9f4ae855c9b722c5a6  adapters/unity/Packages/com.gamefoundation.adapter.unity/Runtime/EngineAdapter/UnityCamera.cs
f70cc0d25b4349b20a9dc681638fad964ef7b27dfd1a145ca40d2e07dc0ad127  f70cc0d25b4349b20a9dc681638fad964ef7b27dfd1a145ca40d2e07dc0ad127  adapters/unity/Packages/com.gamefoundation.adapter.unity/Runtime/EngineAdapter/UnityClock.cs
37463afae2d580ef4721c244075c5efa20968018f9637306cffdec2df9a7b04c  37463afae2d580ef4721c244075c5efa20968018f9637306cffdec2df9a7b04c  adapters/unity/Packages/com.gamefoundation.adapter.unity/Runtime/EngineAdapter/UnityEngineHost.cs
53943f471ef37ba023bca4e903cc4dbc272b622638e0355db35e6abd47d4f07e  53943f471ef37ba023bca4e903cc4dbc272b622638e0355db35e6abd47d4f07e  adapters/unity/Packages/com.gamefoundation.adapter.unity/Runtime/EngineAdapter/UnityFileSystem.cs
fbd4188112625f1582bb805a45a4e78e097eefc01193f409c215bc08d8dfc8db  fbd4188112625f1582bb805a45a4e78e097eefc01193f409c215bc08d8dfc8db  adapters/unity/Packages/com.gamefoundation.adapter.unity/Runtime/EngineAdapter/UnityInput.cs
90f34d536e2c3ffb89c85652d885a68998cd7560bec4510abd80e18af68d720e  90f34d536e2c3ffb89c85652d885a68998cd7560bec4510abd80e18af68d720e  adapters/unity/Packages/com.gamefoundation.adapter.unity/Runtime/EngineAdapter/UnityNavigation2D.cs
76b4db5680523a82d5ebb1389ab87853b9099a766af29058a7bdcdb669ba0338  76b4db5680523a82d5ebb1389ab87853b9099a766af29058a7bdcdb669ba0338  adapters/unity/Packages/com.gamefoundation.adapter.unity/Runtime/EngineAdapter/UnityPlatform.cs
b21c64d6627c56b50fd9f9a7f13c7a49c0bb651a80d123fdd898d7702bd87b97  b21c64d6627c56b50fd9f9a7f13c7a49c0bb651a80d123fdd898d7702bd87b97  adapters/unity/Packages/com.gamefoundation.adapter.unity/Runtime/EngineAdapter/UnityRenderer2D.cs
c614f3efb5e78000bae6c032b4bbfe7971c9363f8f47fa33375b9dda7cf2ba1b  c614f3efb5e78000bae6c032b4bbfe7971c9363f8f47fa33375b9dda7cf2ba1b  adapters/unity/Packages/com.gamefoundation.adapter.unity/Runtime/EngineAdapter/UnityRenderer3D.cs
0200922913bd246a98172c5b8e1f4370f4fa2679329972113ad59fad4e21faf5  0200922913bd246a98172c5b8e1f4370f4fa2679329972113ad59fad4e21faf5  adapters/unity/Packages/com.gamefoundation.adapter.unity/Runtime/EngineAdapter/UnityResourceLoader.cs
d5506a40d602850d870070c7d5e007837e250fd16a9fbc69e0cd94e9e44f353b  d5506a40d602850d870070c7d5e007837e250fd16a9fbc69e0cd94e9e44f353b  adapters/unity/Packages/com.gamefoundation.adapter.unity/Runtime/EngineAdapter/UnitySpatialQuery.cs
e39e2f7a9cef0b6e9aae9fb9a3594930f3c4a1ddc318743d190163695419303f  e39e2f7a9cef0b6e9aae9fb9a3594930f3c4a1ddc318743d190163695419303f  adapters/unity/Packages/com.gamefoundation.adapter.unity/Runtime/EngineAdapter/UnityUISurface.cs
884ee187599be9a797be136871676814c34b063cbedfaeaa119c079f040139a8  884ee187599be9a797be136871676814c34b063cbedfaeaa119c079f040139a8  adapters/unity/Packages/com.gamefoundation.adapter.unity/Runtime/EngineAdapter/UnityWindow.cs
01eb5d7418eb5a8da577a3059af5cdd5fe9979bd1758fe7068d468b9edf33d3a  01eb5d7418eb5a8da577a3059af5cdd5fe9979bd1758fe7068d468b9edf33d3a  adapters/unity/Packages/com.gamefoundation.adapter.unity/Runtime/EngineAdapter/WavDecoder.cs
0bc46fe26c208a4a7896085abbb0f6c06cefc001f80f00f967ff2c6ea7a3873d  0bc46fe26c208a4a7896085abbb0f6c06cefc001f80f00f967ff2c6ea7a3873d  adapters/unity/Packages/com.gamefoundation.adapter.unity/Runtime/Presentation/AnimClipResolver.cs
fb3dd280e95a17067d717d0ea02319e6e45f109e58a16d665c212dd3662316ab  fb3dd280e95a17067d717d0ea02319e6e45f109e58a16d665c212dd3662316ab  adapters/unity/Packages/com.gamefoundation.adapter.unity/Runtime/Presentation/FlashReceiver.cs
98cec0b8dff1b58e865cb1505b2846b3e825e31bea459420173ef810ff877da9  98cec0b8dff1b58e865cb1505b2846b3e825e31bea459420173ef810ff877da9  adapters/unity/Packages/com.gamefoundation.adapter.unity/Runtime/Presentation/FloatingTextReceiver.cs
7aebaa0b9c514e2388b6e7e077e002cc445e46e4c6a226a698acf6eecca8a0ea  7aebaa0b9c514e2388b6e7e077e002cc445e46e4c6a226a698acf6eecca8a0ea  adapters/unity/Packages/com.gamefoundation.adapter.unity/Runtime/Presentation/FreezeFrameReceiver.cs
73018f7b6d755c9ee4b0eb4f92ac04732065e14545c974250beb8ca373da23fc  73018f7b6d755c9ee4b0eb4f92ac04732065e14545c974250beb8ca373da23fc  adapters/unity/Packages/com.gamefoundation.adapter.unity/Runtime/Presentation/RespawnFeedbackReceiver.cs
7bdc9e0ff53b06a9edc7b7db60a78af795617afcae36c363803de6cd85d7a86d  7bdc9e0ff53b06a9edc7b7db60a78af795617afcae36c363803de6cd85d7a86d  adapters/unity/Packages/com.gamefoundation.adapter.unity/Runtime/Presentation/UnityFrameAnimPlayer.cs
4cc74c72e701465db910a8f1400f8a3e1f6c12f8a6fbb9ce52b9d0f5f1c61799  4cc74c72e701465db910a8f1400f8a3e1f6c12f8a6fbb9ce52b9d0f5f1c61799  adapters/unity/Packages/com.gamefoundation.adapter.unity/Runtime/Presentation/UnityModelView.cs
2865858a9f5efa0a91c7493ec20160eca6b6e47b3cd2df530b3a2ce4e8e5e317  2865858a9f5efa0a91c7493ec20160eca6b6e47b3cd2df530b3a2ce4e8e5e317  adapters/unity/Packages/com.gamefoundation.adapter.unity/Runtime/Presentation/UnitySpriteView.cs
bb2ff7dc72f63092796a3eafc3d1dda69c0098e5fdc644acc859ad625831ed72  bb2ff7dc72f63092796a3eafc3d1dda69c0098e5fdc644acc859ad625831ed72  adapters/unity/Packages/com.gamefoundation.adapter.unity/Runtime/Presentation/UnityViewFactory.cs
83266c91184a2c73d15cc427abb705aaa80a6d46e39ca1b2be927a6cc444baae  83266c91184a2c73d15cc427abb705aaa80a6d46e39ca1b2be927a6cc444baae  adapters/unity/Packages/com.gamefoundation.adapter.unity/Runtime/Shell/FrameworkResidentHost.cs
6946ed2fb4cb92f0aea67130b308c82a76a1d19aeba09b831f42535382369e26  6946ed2fb4cb92f0aea67130b308c82a76a1d19aeba09b831f42535382369e26  adapters/unity/Packages/com.gamefoundation.adapter.unity/Runtime/Shell/ShellRoot.cs
2a9aee1a74bb7658275e79fd1fbd82e222da09728842980832f0de7cd1c8013d  2a9aee1a74bb7658275e79fd1fbd82e222da09728842980832f0de7cd1c8013d  adapters/unity/Packages/com.gamefoundation.adapter.unity/Runtime/Shell/SmokeRunner.cs
6ed100530df925d118c96a8a1d7a376a24cdd52b60f0984f1a9d93b65ffb6425  6ed100530df925d118c96a8a1d7a376a24cdd52b60f0984f1a9d93b65ffb6425  adapters/unity/Packages/com.gamefoundation.adapter.unity/Runtime/Ui/IUiPanel.cs
2b4037defc8e0ac137aba6a52f3bfbc1d81eb1b747417852d2432e959ad1e4c3  2b4037defc8e0ac137aba6a52f3bfbc1d81eb1b747417852d2432e959ad1e4c3  adapters/unity/Packages/com.gamefoundation.adapter.unity/Runtime/Ui/Panels/DialogSettingsPanels.cs
fc49994bb13949322fbb86ef3c6854267bea0a67a1bce8477b7f648e7f2f2a24  fc49994bb13949322fbb86ef3c6854267bea0a67a1bce8477b7f648e7f2f2a24  adapters/unity/Packages/com.gamefoundation.adapter.unity/Runtime/Ui/Panels/GameplayPanels.cs
90ef81b7ad43b5941c860d545553d4f4e3f9240e799fc4e416ba35d11ed1fa6a  90ef81b7ad43b5941c860d545553d4f4e3f9240e799fc4e416ba35d11ed1fa6a  adapters/unity/Packages/com.gamefoundation.adapter.unity/Runtime/Ui/Panels/SharedPanels.cs
76963b5a5f10e56795388bb0a6e2fbdfecf48b6dca2cf54ed9ca8826fc41d661  76963b5a5f10e56795388bb0a6e2fbdfecf48b6dca2cf54ed9ca8826fc41d661  adapters/unity/Packages/com.gamefoundation.adapter.unity/Runtime/Ui/Panels/ShopPanel.cs
a7f194c072ad6945d8b329aa408c468e80866bb91911a972fb65e90bc6c18fcd  a7f194c072ad6945d8b329aa408c468e80866bb91911a972fb65e90bc6c18fcd  adapters/unity/Packages/com.gamefoundation.adapter.unity/Runtime/Ui/UiPanelHost.cs
ed7c5c99189c1c0cded158d42852045625a9fe3379c0027a095b38ed63f9366e  ed7c5c99189c1c0cded158d42852045625a9fe3379c0027a095b38ed63f9366e  adapters/unity/Packages/com.gamefoundation.adapter.unity/Runtime/Ui/UiRoot.cs
926676cc21db37a95233a2aee932bd2abf8d523e0735706c90fadd41fb6e3182  926676cc21db37a95233a2aee932bd2abf8d523e0735706c90fadd41fb6e3182  adapters/unity/Packages/com.gamefoundation.adapter.unity/Runtime/Ui/UiSkin.cs
5ba2bf3088125116c2b017e4ae0b552e3d9d9de1338b6672e2def2fd8b9ffd72  5ba2bf3088125116c2b017e4ae0b552e3d9d9de1338b6672e2def2fd8b9ffd72  adapters/unity/Packages/com.gamefoundation.adapter.unity/Runtime/Ui/UiWidgets.cs
ffb70e835fa0ee6666531741d93ad300de9056309f60817ecc5430189bbc4c99  ffb70e835fa0ee6666531741d93ad300de9056309f60817ecc5430189bbc4c99  adapters/unity/Packages/com.gamefoundation.adapter.unity/Tests/Editor/ConformanceUnityEditorTests.cs
45f8e2e1912cdf475bdbb01e83939482b9db7e25a3dd00709dc6e029d6ad6320  45f8e2e1912cdf475bdbb01e83939482b9db7e25a3dd00709dc6e029d6ad6320  adapters/unity/Packages/com.gamefoundation.adapter.unity/Tests/Editor/UnityClockTests.cs
7c7c1c8c5a45ad51ba0e266201748e99ab86da53bd96107693d113c42e10e2be  7c7c1c8c5a45ad51ba0e266201748e99ab86da53bd96107693d113c42e10e2be  adapters/unity/Packages/com.gamefoundation.adapter.unity/Tests/Editor/UnityFileSystemTests.cs
8af93cd8722555beefd5a9684baa232efb29edff47a1f1dfb16efdca509ae516  8af93cd8722555beefd5a9684baa232efb29edff47a1f1dfb16efdca509ae516  adapters/unity/Packages/com.gamefoundation.adapter.unity/Tests/Editor/UnityNavigation2DTests.cs
1a14177c01a42eaf4d84a3c3ef252d7b89fdc5b764db08c3fcd1cfdfad421da7  1a14177c01a42eaf4d84a3c3ef252d7b89fdc5b764db08c3fcd1cfdfad421da7  adapters/unity/Packages/com.gamefoundation.adapter.unity/Tests/Editor/UnityPlatformTests.cs
b501262d3bc98ecdeacdc2424d18188af64545df66ff67fd6dbf0820e8a78cae  b501262d3bc98ecdeacdc2424d18188af64545df66ff67fd6dbf0820e8a78cae  adapters/unity/Packages/com.gamefoundation.adapter.unity/Tests/Editor/UnityResourceLoaderFontTests.cs
1db4b4a336571528f8210d60c1a599dc0bd9f47530f3bd853cebb45f95ef83df  1db4b4a336571528f8210d60c1a599dc0bd9f47530f3bd853cebb45f95ef83df  adapters/unity/Packages/com.gamefoundation.adapter.unity/Tests/Editor/UnitySpatialQueryTests.cs
ed7ac8b6919a6798e40ea397b5520c8793566b306b154c83641468874fec5a4c  ed7ac8b6919a6798e40ea397b5520c8793566b306b154c83641468874fec5a4c  adapters/unity/Packages/com.gamefoundation.adapter.unity/Tests/Editor/WavDecoderTests.cs
e7987cea9f681cea330f2e1dd7723cd77ffd16c3556f2732c8154c22c7e69ac4  e7987cea9f681cea330f2e1dd7723cd77ffd16c3556f2732c8154c22c7e69ac4  adapters/unity/Packages/com.gamefoundation.adapter.unity/Tests/Runtime/AnimClipResolverTests.cs
482af5d185e9b8e7230e15750b6f95fb01519c6ffed836e0046a1395ec9b0c14  482af5d185e9b8e7230e15750b6f95fb01519c6ffed836e0046a1395ec9b0c14  adapters/unity/Packages/com.gamefoundation.adapter.unity/Tests/Runtime/AnimReplayAndFinishEndToEndTests.cs
636903baadaaec5309711e583af3b47c5a3a896e5d1b7b4199848edd6598eaa0  636903baadaaec5309711e583af3b47c5a3a896e5d1b7b4199848edd6598eaa0  adapters/unity/Packages/com.gamefoundation.adapter.unity/Tests/Runtime/AnimationLayerTests.cs
467ffd7705d03dc6e624799c7375eccbffa767fa13cf92a430f4c768d427d19f  467ffd7705d03dc6e624799c7375eccbffa767fa13cf92a430f4c768d427d19f  adapters/unity/Packages/com.gamefoundation.adapter.unity/Tests/Runtime/AuditBlockersPlayModeTests.cs
1218bdeaa43c8f66225c191cd00dc607bab34773b5a8c66805a53ffabce0b57b  1218bdeaa43c8f66225c191cd00dc607bab34773b5a8c66805a53ffabce0b57b  adapters/unity/Packages/com.gamefoundation.adapter.unity/Tests/Runtime/ConformanceUnityTests.cs
a42f3a1c0bad94c97f837e4bbbdbf48bc5cf44214c282a8c55489fc8affcdbfc  a42f3a1c0bad94c97f837e4bbbdbf48bc5cf44214c282a8c55489fc8affcdbfc  adapters/unity/Packages/com.gamefoundation.adapter.unity/Tests/Runtime/DiscreteCombatTests.cs
137316309fc0b084fceb5f5d7b372842dd9917c81ddb96b1ba83b3ea59230387  137316309fc0b084fceb5f5d7b372842dd9917c81ddb96b1ba83b3ea59230387  adapters/unity/Packages/com.gamefoundation.adapter.unity/Tests/Runtime/EquipVisualSocketClearTests.cs
46d5a0aa50c5bd77359aa3cf16653f7fb5a3a0531fdbb33ccbb68398b080de23  46d5a0aa50c5bd77359aa3cf16653f7fb5a3a0531fdbb33ccbb68398b080de23  adapters/unity/Packages/com.gamefoundation.adapter.unity/Tests/Runtime/EquipmentVisualReplayTests.cs
7cffaeab5523d4e7783988b4d5c7e3988d6d164a1c8ac6356777e9c25edcf8f2  7cffaeab5523d4e7783988b4d5c7e3988d6d164a1c8ac6356777e9c25edcf8f2  adapters/unity/Packages/com.gamefoundation.adapter.unity/Tests/Runtime/GameFoundationBootstrapQuestDayProviderTests.cs
d832ea820b373ea3cb9693d7a22b1faa8cc139f50a21cc2b9c3cc26baecd7c85  d832ea820b373ea3cb9693d7a22b1faa8cc139f50a21cc2b9c3cc26baecd7c85  adapters/unity/Packages/com.gamefoundation.adapter.unity/Tests/Runtime/GlobalPlayModeTestSetup.cs
416f5c920807f7941ae33a13f1d3ac8ab87eac824c223cf84b78250f8d3d0f94  416f5c920807f7941ae33a13f1d3ac8ab87eac824c223cf84b78250f8d3d0f94  adapters/unity/Packages/com.gamefoundation.adapter.unity/Tests/Runtime/GlobalPlayModeTestSetupTests.cs
e20abb88bae71abdb8ea7c9ce938a789167d05d935f3ed8702f619e97c167d31  e20abb88bae71abdb8ea7c9ce938a789167d05d935f3ed8702f619e97c167d31  adapters/unity/Packages/com.gamefoundation.adapter.unity/Tests/Runtime/GreyBoxTests.cs
7b95650942a91e55f45e74c62ce79d662d6d6e3f41d3762f0258dc2112edaa85  7b95650942a91e55f45e74c62ce79d662d6d6e3f41d3762f0258dc2112edaa85  adapters/unity/Packages/com.gamefoundation.adapter.unity/Tests/Runtime/HitFrameSyncEndToEndTests.cs
5f6481136f72cbda7943358ec968c1f163807074a098ce65872317ddc4c9a3eb  5f6481136f72cbda7943358ec968c1f163807074a098ce65872317ddc4c9a3eb  adapters/unity/Packages/com.gamefoundation.adapter.unity/Tests/Runtime/ModelClipEventIsolationTests.cs
29209aa1a24a07af417bf76e200078a289bb3462c956d5c25dd3d6cb0c25eb0a  29209aa1a24a07af417bf76e200078a289bb3462c956d5c25dd3d6cb0c25eb0a  adapters/unity/Packages/com.gamefoundation.adapter.unity/Tests/Runtime/ModelIntegrationTests.cs
094a94642c9c8044069d1aa60ae15286667959ef994ab6a337c0c14b1d90295c  094a94642c9c8044069d1aa60ae15286667959ef994ab6a337c0c14b1d90295c  adapters/unity/Packages/com.gamefoundation.adapter.unity/Tests/Runtime/ModelViewTests.cs
e06b2311b8ae8f5e62cd9604c77f146d1ce581705eed9523936ffb2a56919022  e06b2311b8ae8f5e62cd9604c77f146d1ce581705eed9523936ffb2a56919022  adapters/unity/Packages/com.gamefoundation.adapter.unity/Tests/Runtime/MovementStopAndBlockingPlayModeTests.cs
4749169fd719a18dba5b106b4caa492784b22ca5fcc6661c54f7aaa7720696ea  4749169fd719a18dba5b106b4caa492784b22ca5fcc6661c54f7aaa7720696ea  adapters/unity/Packages/com.gamefoundation.adapter.unity/Tests/Runtime/PlayModeIsolation.cs
8791edf494685dc4106563e8713991f2084eaeea7155e1419c0a0eadc49b0c83  8791edf494685dc4106563e8713991f2084eaeea7155e1419c0a0eadc49b0c83  adapters/unity/Packages/com.gamefoundation.adapter.unity/Tests/Runtime/PlayModeTestBase.cs
366ed15c6391175a05126a42346b10d282daf18009f36c743849d43e25ed5a2b  366ed15c6391175a05126a42346b10d282daf18009f36c743849d43e25ed5a2b  adapters/unity/Packages/com.gamefoundation.adapter.unity/Tests/Runtime/Pres170_01SharedClipEventIsolationTests.cs
12cce425e3d71a34b183345b2b5536f3cdb82cdcb5401e8d0fb506415cd43eaa  12cce425e3d71a34b183345b2b5536f3cdb82cdcb5401e8d0fb506415cd43eaa  adapters/unity/Packages/com.gamefoundation.adapter.unity/Tests/Runtime/SharedBootstrapDiscreteTests.cs
1c2909c30da8c33cef092087dc7cd33faecc704e5cbb1cc8d1d9f823f5e35441  1c2909c30da8c33cef092087dc7cd33faecc704e5cbb1cc8d1d9f823f5e35441  adapters/unity/Packages/com.gamefoundation.adapter.unity/Tests/Runtime/ShellFlowTests.cs
84f39dd416a345c636aa87f7d3b6a066bfb770b33d888bb6d0ef5e099555bd41  84f39dd416a345c636aa87f7d3b6a066bfb770b33d888bb6d0ef5e099555bd41  adapters/unity/Packages/com.gamefoundation.adapter.unity/Tests/Runtime/SlotMeshResourceContractTests.cs
123417d532bf25f835cb0bb45962157e9cbb31390216e759f5b0f51bc73dcf11  123417d532bf25f835cb0bb45962157e9cbb31390216e759f5b0f51bc73dcf11  adapters/unity/Packages/com.gamefoundation.adapter.unity/Tests/Runtime/SpriteEquipVisualWiringTests.cs
90e31c2ee426e1b57c18465b909a3d7a477e9317102966f8a0cd325a09339f4c  90e31c2ee426e1b57c18465b909a3d7a477e9317102966f8a0cd325a09339f4c  adapters/unity/Packages/com.gamefoundation.adapter.unity/Tests/Runtime/UiSuiteTests.cs
8a56b830c87170b6efd6d1de1d969c69295cfbb2a44e647997022fd8cbe54518  8a56b830c87170b6efd6d1de1d969c69295cfbb2a44e647997022fd8cbe54518  adapters/unity/Packages/com.gamefoundation.adapter.unity/Tests/Runtime/UnityAudioTests.cs
3da7eb8b72fa42bcd296044498faca8b205b45b7e7abcca8ca1d6542889949af  3da7eb8b72fa42bcd296044498faca8b205b45b7e7abcca8ca1d6542889949af  adapters/unity/Packages/com.gamefoundation.adapter.unity/Tests/Runtime/UnityCameraTests.cs
ad8d34bc8cedf4f259942557cda0a4d5102e7349ee7fedf9903918d6e902b5df  ad8d34bc8cedf4f259942557cda0a4d5102e7349ee7fedf9903918d6e902b5df  adapters/unity/Packages/com.gamefoundation.adapter.unity/Tests/Runtime/UnityInputTests.cs
170f0819f2a52dd5676b216dc901e6551c58ab5d57313a456e196aeb567cd3f0  170f0819f2a52dd5676b216dc901e6551c58ab5d57313a456e196aeb567cd3f0  adapters/unity/Packages/com.gamefoundation.adapter.unity/Tests/Runtime/UnityRenderer2DTests.cs
f7642bc4d5da4c4c75c07c42c4b7c19120ef03e6773ff796bf34a118685adc4b  f7642bc4d5da4c4c75c07c42c4b7c19120ef03e6773ff796bf34a118685adc4b  adapters/unity/Packages/com.gamefoundation.adapter.unity/Tests/Runtime/UnityRenderer3DTests.cs
daf8f79ebc70d70b4d2d2f70a3296cde3a0ecf3006dca4a92634e4abb7903ec3  daf8f79ebc70d70b4d2d2f70a3296cde3a0ecf3006dca4a92634e4abb7903ec3  adapters/unity/Packages/com.gamefoundation.adapter.unity/Tests/Runtime/UnityResourceLoaderTests.cs
c955048c691d36f7a7845d396f6867a1d4c2cb9fcbb99cd75b5b01c448abe715  c955048c691d36f7a7845d396f6867a1d4c2cb9fcbb99cd75b5b01c448abe715  adapters/unity/Packages/com.gamefoundation.adapter.unity/Tests/Runtime/UnityUISurfaceTests.cs
a231149bfdd382b794b78e089adc627a9f4072cf29235bc83792790ee4e8a9eb  a231149bfdd382b794b78e089adc627a9f4072cf29235bc83792790ee4e8a9eb  adapters/unity/Packages/com.gamefoundation.adapter.unity/Tests/Runtime/UnityViewFactoryDefaultAnimationTests.cs
f051f278eb7d315bd18dc0bd14812157a76037a6514652b8a6771ff9a6a038c0  f051f278eb7d315bd18dc0bd14812157a76037a6514652b8a6771ff9a6a038c0  adapters/unity/Packages/com.gamefoundation.adapter.unity/Tests/Runtime/UnityWindowTests.cs
b6c80262cde5dfbb2a2e37a4ad8f297dec0099ddaa26e7d2b9f1775011a03260  b6c80262cde5dfbb2a2e37a4ad8f297dec0099ddaa26e7d2b9f1775011a03260  adapters/unity/Packages/com.gamefoundation.adapter.unity/Tests/Runtime/VerticalSliceTests.cs
8a7bc5eec0657df235cafc04a9f70ac9262f3d125a9e9243678fc83656240a56  8a7bc5eec0657df235cafc04a9f70ac9262f3d125a9e9243678fc83656240a56  adapters/unity/Packages/com.gamefoundation.adapter.unity/Tests/Runtime/WeaponClipRegistrationTests.cs
