[Licensing::Module] Trying to connect to existing licensing client channel...
Built from '6000.3/staging' branch; Version is '6000.3.23f1 (09d2ecc7fb28) revision 643820'; Using compiler version '194234433'; Build Type 'Release'
[Licensing::IpcConnector] Channel LicenseClient-ONCE doesn't exist
OS: 'Windows 11  (10.0.26200) Enterprise' Language: 'zh' Physical Memory: 65323 MB
BatchMode: 1, IsHumanControllingUs: 0, StartBugReporterOnCrash: 0, Is64bit: 1
System  architecture: x64
Process architecture: x64
Date: 2026-09-09T13:30:14Z
[Licensing::Module] Successfully launched the LicensingClient (PId: 22440)

COMMAND LINE ARGUMENTS:
C:\Program Files\Unity\Hub\Editor\6000.3.23f1\Editor\Unity.exe
-batchmode
-nographics
-projectPath
D:\workespace\ws-game-unity-audit-c9ff301\copyRoot\adapters\unity
-runTests
-testPlatform
PlayMode
-testFilter
Game.Template.Tests.ExistingViewEquipmentSaveLoadAuditTests.ExistingModelView_RealEquipmentSaveA_SaveB_LoadB_StaysStale
-testResults
D:\workespace\ws-game-artifacts\audit-c9ff301-resumed\architecture\落地计划\audit-c9ff301-20260909\presentation\view-equipment-filtered.xml
-logFile
D:\workespace\ws-game-artifacts\audit-c9ff301-resumed\architecture\落地计划\audit-c9ff301-20260909\presentation\view-equipment-filtered.log
Successfully changed project path to: D:\workespace\ws-game-unity-audit-c9ff301\copyRoot\adapters\unity
D:/workespace/ws-game-unity-audit-c9ff301/copyRoot/adapters/unity
[UnityMemory] Configuration Parameters - Can be set up in boot.config
    "memorysetup-temp-allocator-size-nav-mesh-worker=65536"
    "memorysetup-temp-allocator-size-audio-worker=65536"
    "memorysetup-temp-allocator-size-gfx=262144"
    "memorysetup-allocator-temp-initial-block-size-main=262144"
    "memorysetup-allocator-temp-initial-block-size-worker=262144"
    "memorysetup-temp-allocator-size-background-worker=32768"
    "memorysetup-temp-allocator-size-job-worker=262144"
    "memorysetup-temp-allocator-size-preload-manager=33554432"
    "memorysetup-remapper-allocator-initial-capacity=32768"
    "memorysetup-temp-allocator-size-gi-baking-worker=262144"
    "memorysetup-temp-allocator-size-gi-baking-worker=262144"
    "memorysetup-temp-allocator-size-gi-baking-worker=262144"
    "memorysetup-temp-allocator-size-gi-baking-worker=262144"
    "memorysetup-temp-allocator-size-gi-baking-worker=262144"
    "memorysetup-bucket-allocator-granularity=16"
    "memorysetup-bucket-allocator-bucket-count=8"
    "memorysetup-bucket-allocator-block-size=33554432"
    "memorysetup-bucket-allocator-block-count=8"
    "memorysetup-main-allocator-block-size=16777216"
    "memorysetup-thread-allocator-block-size=16777216"
    "memorysetup-gfx-main-allocator-block-size=16777216"
    "memorysetup-gfx-thread-allocator-block-size=16777216"
    "memorysetup-cache-allocator-block-size=4194304"
    "memorysetup-typetree-allocator-block-size=2097152"
    "memorysetup-profiler-bucket-allocator-granularity=16"
    "memorysetup-profiler-bucket-allocator-bucket-count=8"
    "memorysetup-profiler-bucket-allocator-block-size=33554432"
    "memorysetup-profiler-bucket-allocator-block-count=8"
    "memorysetup-profiler-allocator-block-size=16777216"
    "memorysetup-profiler-editor-allocator-block-size=1048576"
    "memorysetup-temp-allocator-size-main=16777216"
    "memorysetup-job-temp-allocator-block-size=2097152"
    "memorysetup-job-temp-allocator-block-size-background=1048576"
    "memorysetup-job-temp-allocator-reduction-small-platforms=262144"
    "memorysetup-temp-allocator-size-cloud-worker=32768"
Player connection [25936]  Target information:

Player connection [25936]  * "[IP] 192.168.213.1 [Port] 55504 [Flags] 2 [Guid] 659356754 [EditorId] 659356754 [Version] 1048832 [Id] WindowsEditor(7,ONCE20240717) [Debug] 1 [PackageName] WindowsEditor [ProjectName] Editor" 

Player connection [25936]  * "[IP] 192.168.177.1 [Port] 55504 [Flags] 2 [Guid] 659356754 [EditorId] 659356754 [Version] 1048832 [Id] WindowsEditor(7,ONCE20240717) [Debug] 1 [PackageName] WindowsEditor [ProjectName] Editor" 

Player connection [25936]  * "[IP] 192.168.0.108 [Port] 55504 [Flags] 2 [Guid] 659356754 [EditorId] 659356754 [Version] 1048832 [Id] WindowsEditor(7,ONCE20240717) [Debug] 1 [PackageName] WindowsEditor [ProjectName] Editor" 

Player connection [25936] Host joined multi-casting on [225.0.0.222:54997]...
Player connection [25936] Host joined alternative multi-casting on [225.0.0.222:34997]...
Input System module state changed to: Initialized.
[Physics::Module] Initialized fallback backend.
[Physics::Module] Id: 0xdecafbad
[Licensing::IpcConnector] Successfully connected to: "LicenseClient-ONCE" at "2026-09-09T13:30:15.0915006Z"
[Licensing::Client] Code 10 while verifying Licensing Client signature (process Id: 22440, path: "C:/Program Files/Unity/Hub/Editor/6000.3.23f1/Editor/Data/Resources/Licensing/Client/Unity.Licensing.Client.exe")
[Licensing::Module] LicensingClient has failed validation; ignoring
[Licensing::Client] Handshaking with LicensingClient:
  Version:                 1.18.3+d7ffd15
  Session Id:              efbc0ae436864baa930ad93b04341479
  Correlation Id:          ab691eca0f487fe5cd1a0847576bc159
  External correlation Id: 5402304812946830128
  Machine Id:              pQ8GbSGPDRbB5TuKiq5VeAXcv3M=
[Licensing::Module] Successfully connected to LicensingClient on channel: "LicenseClient-ONCE" (connect: 0.24s, validation: 0.07s, handshake: 0.03s)
[Licensing::IpcConnector] Successfully connected to: "LicenseClient-ONCE-notifications" at "2026-09-09T13:30:15.1842775Z"
[Licensing::Module] Connected to LicensingClient (PId: 22440, launch time: 0.01, total connection time: 0.34s)
[Licensing::Module] Error: Access token is unavailable; failed to update
[Licensing::Client] Successfully resolved entitlement details
[Licensing::Module] License group:
  Id: F4-RBAU-NDFH-NT7X-YNCU-XXXX
  Product: Unity Personal
  Type: ULF
  Expiration: Unlimited
[Licensing::Client] Successfully updated license, isAsync: True, time: 0.01
[Licensing::Module] Licensing Background thread has ended after 0.37s
[Package Manager] Connected to IPC stream "Upm-38352" after 0.3 seconds.
[Licensing::Client] Successfully resolved entitlement details
Library Redirect Path: Library/
[Physics::Module] Selected backend.
[Physics::Module] Name: PhysX
[Physics::Module] Id: 0xf2b8ea05
[Physics::Module] SDK Version: 4.1.2
[Physics::Module] Integration Version: 1.0.0
[Physics::Module] Threading Mode: Multi-Threaded
Refreshing native plugins compatible for Editor in 0.05 ms, found 0 plugins.
Preloading 0 native plugins for Editor in 0.00 ms.
Initialize engine version: 6000.3.23f1 (09d2ecc7fb28)
[Subsystems] Discovering subsystems at path C:/Program Files/Unity/Hub/Editor/6000.3.23f1/Editor/Data/Resources/UnitySubsystems
[Subsystems] Discovering subsystems at path D:/workespace/ws-game-unity-audit-c9ff301/copyRoot/adapters/unity/Assets
Forcing GfxDevice: Null
GfxDevice: creating device client; kGfxThreadingModeNonThreaded
NullGfxDevice:
    Version:  NULL 1.0 [1.0]
    Renderer: Null Device
    Vendor:   Unity Technologies
Initialize mono
Mono path[0] = 'C:/Program Files/Unity/Hub/Editor/6000.3.23f1/Editor/Data/Managed'
Mono path[1] = 'C:/Program Files/Unity/Hub/Editor/6000.3.23f1/Editor/Data/MonoBleedingEdge/lib/mono/unityjit-win32'
Mono config path = 'C:/Program Files/Unity/Hub/Editor/6000.3.23f1/Editor/Data/MonoBleedingEdge/etc'
Using monoOptions --debugger-agent=transport=dt_socket,embedding=1,server=y,suspend=n,address=127.0.0.1:56352
Using cacheserver namespaces - metadata:defaultmetadata, artifacts:defaultartifacts
Using cacheserver namespaces - metadata:defaultmetadata, artifacts:defaultartifacts
ImportWorker Server TCP listen port: 0
AcceleratorClientConnectionCallback - disconnected - :0
Begin MonoManager ReloadAssembly
Registering precompiled unity dll's ...
Register platform support module: C:/Program Files/Unity/Hub/Editor/6000.3.23f1/Editor/Data/PlaybackEngines/WindowsStandaloneSupport/UnityEditor.WindowsStandalone.Extensions.dll
Registered in 0.000810 seconds.
- Loaded All Assemblies, in  0.250 seconds
Native extension for WindowsStandalone target not found
Package Manager log level set to [2]
ScheduleIndexationOnStartup MainProcess:False IndexOnStartup:False
Mono: successfully reloaded assembly
- Finished resetting the current domain, in  0.239 seconds
Domain Reload Profiling: 488ms
	BeginReloadAssembly (86ms)
		ExecutionOrderSort (0ms)
		DisableScriptedObjects (0ms)
		BackupInstance (0ms)
		ReleaseScriptingObjects (0ms)
		CreateAndSetChildDomain (6ms)
	RebuildCommonClasses (23ms)
	RebuildNativeTypeToScriptingClass (8ms)
	initialDomainReloadingComplete (26ms)
	LoadAllAssembliesAndSetupDomain (106ms)
		LoadAssemblies (80ms)
		RebuildTransferFunctionScriptingTraits (0ms)
		AnalyzeDomain (104ms)
			TypeCache.Refresh (103ms)
				TypeCache.ScanAssembly (94ms)
			BuildScriptInfoCaches (0ms)
			ResolveRequiredComponents (0ms)
	FinalizeReload (239ms)
		ReleaseScriptCaches (0ms)
		RebuildScriptCaches (0ms)
		SetupLoadedEditorAssemblies (213ms)
			LogAssemblyErrors (0ms)
			InitializePlatformSupportModulesInManaged (28ms)
			SetLoadedEditorAssemblies (2ms)
			BeforeProcessingInitializeOnLoad (50ms)
			ProcessInitializeOnLoadAttributes (84ms)
			ProcessInitializeOnLoadMethodAttributes (48ms)
			AfterProcessingInitializeOnLoad (0ms)
			EditorAssembliesLoaded (0ms)
		ExecutionOrderSort2 (0ms)
		AwakeInstancesAfterBackupRestoration (0ms)
[Licensing::Client] Successfully resolved entitlement details
Application.AssetDatabase Initial Refresh Start
[Package Manager] Restoring resolved packages state from cache
[Licensing::Client] Successfully resolved entitlement details
[Package Manager] Registered 55 packages:
  Packages from [https://packages.unity.com]:
    com.unity.ide.visualstudio@2.0.22 (location: D:\workespace\ws-game-unity-audit-c9ff301\copyRoot\adapters\unity\Library\PackageCache\com.unity.ide.visualstudio@8140e851d83e)
    com.unity.inputsystem@1.20.0 (location: D:\workespace\ws-game-unity-audit-c9ff301\copyRoot\adapters\unity\Library\PackageCache\com.unity.inputsystem@7a4e1a2a8194)
    com.unity.searcher@4.9.5 (location: D:\workespace\ws-game-unity-audit-c9ff301\copyRoot\adapters\unity\Library\PackageCache\com.unity.searcher@a463122f2c00)
    com.unity.burst@1.8.30 (location: D:\workespace\ws-game-unity-audit-c9ff301\copyRoot\adapters\unity\Library\PackageCache\com.unity.burst@2f3d916873ea)
    com.unity.mathematics@1.3.3 (location: D:\workespace\ws-game-unity-audit-c9ff301\copyRoot\adapters\unity\Library\PackageCache\com.unity.mathematics@19a9377c4ffa)
    com.unity.collections@2.6.8 (location: D:\workespace\ws-game-unity-audit-c9ff301\copyRoot\adapters\unity\Library\PackageCache\com.unity.collections@84e8eb3fc12e)
    com.unity.nuget.mono-cecil@1.11.6 (location: D:\workespace\ws-game-unity-audit-c9ff301\copyRoot\adapters\unity\Library\PackageCache\com.unity.nuget.mono-cecil@ecb9724e46ff)
    com.unity.test-framework.performance@3.5.0 (location: D:\workespace\ws-game-unity-audit-c9ff301\copyRoot\adapters\unity\Library\PackageCache\com.unity.test-framework.performance@8b56083ec0f0)
  Built-in packages:
    com.unity.2d.sprite@1.0.0 (location: D:\workespace\ws-game-unity-audit-c9ff301\copyRoot\adapters\unity\Library\PackageCache\com.unity.2d.sprite@5b922524bd83)
    com.unity.render-pipelines.universal@17.3.0 (location: D:\workespace\ws-game-unity-audit-c9ff301\copyRoot\adapters\unity\Library\PackageCache\com.unity.render-pipelines.universal@7865b6b91f8a)
    com.unity.test-framework@1.6.0 (location: D:\workespace\ws-game-unity-audit-c9ff301\copyRoot\adapters\unity\Library\PackageCache\com.unity.test-framework@bd7f943e9647)
    com.unity.ugui@2.0.0 (location: D:\workespace\ws-game-unity-audit-c9ff301\copyRoot\adapters\unity\Library\PackageCache\com.unity.ugui@27635d171b1a)
    com.unity.modules.accessibility@1.0.0 (location: D:\workespace\ws-game-unity-audit-c9ff301\copyRoot\adapters\unity\Library\PackageCache\com.unity.modules.accessibility)
    com.unity.modules.adaptiveperformance@1.0.0 (location: D:\workespace\ws-game-unity-audit-c9ff301\copyRoot\adapters\unity\Library\PackageCache\com.unity.modules.adaptiveperformance)
    com.unity.modules.ai@1.0.0 (location: D:\workespace\ws-game-unity-audit-c9ff301\copyRoot\adapters\unity\Library\PackageCache\com.unity.modules.ai)
    com.unity.modules.androidjni@1.0.0 (location: D:\workespace\ws-game-unity-audit-c9ff301\copyRoot\adapters\unity\Library\PackageCache\com.unity.modules.androidjni)
    com.unity.modules.animation@1.0.0 (location: D:\workespace\ws-game-unity-audit-c9ff301\copyRoot\adapters\unity\Library\PackageCache\com.unity.modules.animation)
    com.unity.modules.assetbundle@1.0.0 (location: D:\workespace\ws-game-unity-audit-c9ff301\copyRoot\adapters\unity\Library\PackageCache\com.unity.modules.assetbundle)
    com.unity.modules.audio@1.0.0 (location: D:\workespace\ws-game-unity-audit-c9ff301\copyRoot\adapters\unity\Library\PackageCache\com.unity.modules.audio)
    com.unity.modules.cloth@1.0.0 (location: D:\workespace\ws-game-unity-audit-c9ff301\copyRoot\adapters\unity\Library\PackageCache\com.unity.modules.cloth)
    com.unity.modules.director@1.0.0 (location: D:\workespace\ws-game-unity-audit-c9ff301\copyRoot\adapters\unity\Library\PackageCache\com.unity.modules.director)
    com.unity.modules.imageconversion@1.0.0 (location: D:\workespace\ws-game-unity-audit-c9ff301\copyRoot\adapters\unity\Library\PackageCache\com.unity.modules.imageconversion)
    com.unity.modules.imgui@1.0.0 (location: D:\workespace\ws-game-unity-audit-c9ff301\copyRoot\adapters\unity\Library\PackageCache\com.unity.modules.imgui)
    com.unity.modules.jsonserialize@1.0.0 (location: D:\workespace\ws-game-unity-audit-c9ff301\copyRoot\adapters\unity\Library\PackageCache\com.unity.modules.jsonserialize)
    com.unity.modules.particlesystem@1.0.0 (location: D:\workespace\ws-game-unity-audit-c9ff301\copyRoot\adapters\unity\Library\PackageCache\com.unity.modules.particlesystem)
    com.unity.modules.physics@1.0.0 (location: D:\workespace\ws-game-unity-audit-c9ff301\copyRoot\adapters\unity\Library\PackageCache\com.unity.modules.physics)
    com.unity.modules.physics2d@1.0.0 (location: D:\workespace\ws-game-unity-audit-c9ff301\copyRoot\adapters\unity\Library\PackageCache\com.unity.modules.physics2d)
    com.unity.modules.screencapture@1.0.0 (location: D:\workespace\ws-game-unity-audit-c9ff301\copyRoot\adapters\unity\Library\PackageCache\com.unity.modules.screencapture)
    com.unity.modules.terrain@1.0.0 (location: D:\workespace\ws-game-unity-audit-c9ff301\copyRoot\adapters\unity\Library\PackageCache\com.unity.modules.terrain)
    com.unity.modules.terrainphysics@1.0.0 (location: D:\workespace\ws-game-unity-audit-c9ff301\copyRoot\adapters\unity\Library\PackageCache\com.unity.modules.terrainphysics)
    com.unity.modules.tilemap@1.0.0 (location: D:\workespace\ws-game-unity-audit-c9ff301\copyRoot\adapters\unity\Library\PackageCache\com.unity.modules.tilemap)
    com.unity.modules.ui@1.0.0 (location: D:\workespace\ws-game-unity-audit-c9ff301\copyRoot\adapters\unity\Library\PackageCache\com.unity.modules.ui)
    com.unity.modules.uielements@1.0.0 (location: D:\workespace\ws-game-unity-audit-c9ff301\copyRoot\adapters\unity\Library\PackageCache\com.unity.modules.uielements)
    com.unity.modules.umbra@1.0.0 (location: D:\workespace\ws-game-unity-audit-c9ff301\copyRoot\adapters\unity\Library\PackageCache\com.unity.modules.umbra)
    com.unity.modules.unityanalytics@1.0.0 (location: D:\workespace\ws-game-unity-audit-c9ff301\copyRoot\adapters\unity\Library\PackageCache\com.unity.modules.unityanalytics)
    com.unity.modules.unitywebrequest@1.0.0 (location: D:\workespace\ws-game-unity-audit-c9ff301\copyRoot\adapters\unity\Library\PackageCache\com.unity.modules.unitywebrequest)
    com.unity.modules.unitywebrequestassetbundle@1.0.0 (location: D:\workespace\ws-game-unity-audit-c9ff301\copyRoot\adapters\unity\Library\PackageCache\com.unity.modules.unitywebrequestassetbundle)
    com.unity.modules.unitywebrequestaudio@1.0.0 (location: D:\workespace\ws-game-unity-audit-c9ff301\copyRoot\adapters\unity\Library\PackageCache\com.unity.modules.unitywebrequestaudio)
    com.unity.modules.unitywebrequesttexture@1.0.0 (location: D:\workespace\ws-game-unity-audit-c9ff301\copyRoot\adapters\unity\Library\PackageCache\com.unity.modules.unitywebrequesttexture)
    com.unity.modules.unitywebrequestwww@1.0.0 (location: D:\workespace\ws-game-unity-audit-c9ff301\copyRoot\adapters\unity\Library\PackageCache\com.unity.modules.unitywebrequestwww)
    com.unity.modules.vectorgraphics@1.0.0 (location: D:\workespace\ws-game-unity-audit-c9ff301\copyRoot\adapters\unity\Library\PackageCache\com.unity.modules.vectorgraphics)
    com.unity.modules.vehicles@1.0.0 (location: D:\workespace\ws-game-unity-audit-c9ff301\copyRoot\adapters\unity\Library\PackageCache\com.unity.modules.vehicles)
    com.unity.modules.video@1.0.0 (location: D:\workespace\ws-game-unity-audit-c9ff301\copyRoot\adapters\unity\Library\PackageCache\com.unity.modules.video)
    com.unity.modules.vr@1.0.0 (location: D:\workespace\ws-game-unity-audit-c9ff301\copyRoot\adapters\unity\Library\PackageCache\com.unity.modules.vr)
    com.unity.modules.wind@1.0.0 (location: D:\workespace\ws-game-unity-audit-c9ff301\copyRoot\adapters\unity\Library\PackageCache\com.unity.modules.wind)
    com.unity.modules.xr@1.0.0 (location: D:\workespace\ws-game-unity-audit-c9ff301\copyRoot\adapters\unity\Library\PackageCache\com.unity.modules.xr)
    com.unity.modules.subsystems@1.0.0 (location: D:\workespace\ws-game-unity-audit-c9ff301\copyRoot\adapters\unity\Library\PackageCache\com.unity.modules.subsystems)
    com.unity.modules.hierarchycore@1.0.0 (location: D:\workespace\ws-game-unity-audit-c9ff301\copyRoot\adapters\unity\Library\PackageCache\com.unity.modules.hierarchycore)
    com.unity.ext.nunit@2.0.5 (location: D:\workespace\ws-game-unity-audit-c9ff301\copyRoot\adapters\unity\Library\PackageCache\com.unity.ext.nunit@d8c07649098d)
    com.unity.render-pipelines.core@17.3.0 (location: D:\workespace\ws-game-unity-audit-c9ff301\copyRoot\adapters\unity\Library\PackageCache\com.unity.render-pipelines.core@0bb36005e9ba)
    com.unity.shadergraph@17.3.0 (location: D:\workespace\ws-game-unity-audit-c9ff301\copyRoot\adapters\unity\Library\PackageCache\com.unity.shadergraph@b4b75cc00891)
    com.unity.render-pipelines.universal-config@17.0.3 (location: D:\workespace\ws-game-unity-audit-c9ff301\copyRoot\adapters\unity\Library\PackageCache\com.unity.render-pipelines.universal-config@8dc1aab4af1d)
  Embedded packages:
    com.gamefoundation.adapter.unity@file:D:\workespace\ws-game-unity-audit-c9ff301\copyRoot\adapters\unity\Packages\com.gamefoundation.adapter.unity (location: D:\workespace\ws-game-unity-audit-c9ff301\copyRoot\adapters\unity\Packages\com.gamefoundation.adapter.unity)
  Local packages:
    com.gamefoundation.conformance@file:D:\workespace\ws-game-unity-audit-c9ff301\copyRoot\adapters\conformance (location: D:\workespace\ws-game-unity-audit-c9ff301\copyRoot\adapters\conformance)
    com.gamefoundation.game-template@file:D:\workespace\ws-game-unity-audit-c9ff301\copyRoot\games\_template (location: D:\workespace\ws-game-unity-audit-c9ff301\copyRoot\games\_template)
[Subsystems] No new subsystems found in resolved package list.
[Package Manager] Done registering packages in 0.01 seconds
[ScriptCompilation] Requested script compilation because: Assetdatabase observed changes in script compilation related files
Starting: C:\Program Files\Unity\Hub\Editor\6000.3.23f1\Editor\Data\Tools\BuildPipeline\bee_backend.exe --ipc --defer-dag-verification --dagfile="Library/Bee/1900b0aE.dag" --continue-on-failure --profile="Library/Bee/backend1.traceevents" ScriptAssemblies
WorkingDir: D:/workespace/ws-game-unity-audit-c9ff301/copyRoot/adapters/unity
DisplayProgressbar: Compiling Scripts
ExitCode: 0 Duration: 0s364ms
[564/716    0s] ILPP-Configuration Library/ilpp-configuration.nevergeneratedoutput
[712/716    0s] Csc Library/Bee/artifacts/1900b0aE.dag/Game.Template.Tests.dll (+2 others)
[           0s] Csc Library/Bee/artifacts/1900b0aE.dag/Game.Template.Tests.dll (+2 others) [CacheWrite 00000000000000000000000000000005]
[713/716    0s] ILPostProcess Library/Bee/artifacts/1900b0aE.dag/post-processed/Game.Template.Tests.dll (+pdb)
Processing assembly Library/Bee/artifacts/1900b0aE.dag/Game.Template.Tests.dll, with 139 defines and 270 references

processors: Unity.Jobs.CodeGen.JobsILPostProcessor, zzzUnity.Burst.CodeGen.BurstILPostProcessor

running Unity.Jobs.CodeGen.JobsILPostProcessor

running zzzUnity.Burst.CodeGen.BurstILPostProcessor
[714/716    0s] CopyFiles Library/ScriptAssemblies/Game.Template.Tests.pdb
[715/716    0s] CopyFiles Library/ScriptAssemblies/Game.Template.Tests.dll
*** Tundra build success (0.34 seconds), 5 items updated, 716 evaluated
AssetDatabase: script compilation time: 0.685788s
Begin MonoManager ReloadAssembly
- Loaded All Assemblies, in  0.552 seconds
Refreshing native plugins compatible for Editor in 0.21 ms, found 0 plugins.
Native extension for WindowsStandalone target not found
ScheduleIndexationOnStartup MainProcess:True IndexOnStartup:False
Mono: successfully reloaded assembly
- Finished resetting the current domain, in  1.649 seconds
Domain Reload Profiling: 2200ms
	BeginReloadAssembly (251ms)
		ExecutionOrderSort (0ms)
		DisableScriptedObjects (14ms)
		BackupInstance (0ms)
		ReleaseScriptingObjects (0ms)
		CreateAndSetChildDomain (148ms)
	RebuildCommonClasses (29ms)
	RebuildNativeTypeToScriptingClass (8ms)
	initialDomainReloadingComplete (16ms)
	LoadAllAssembliesAndSetupDomain (248ms)
		LoadAssemblies (210ms)
		RebuildTransferFunctionScriptingTraits (0ms)
		AnalyzeDomain (101ms)
			TypeCache.Refresh (63ms)
				TypeCache.ScanAssembly (58ms)
			BuildScriptInfoCaches (28ms)
			ResolveRequiredComponents (6ms)
	FinalizeReload (1649ms)
		ReleaseScriptCaches (0ms)
		RebuildScriptCaches (0ms)
		SetupLoadedEditorAssemblies (1521ms)
			LogAssemblyErrors (0ms)
			InitializePlatformSupportModulesInManaged (11ms)
			SetLoadedEditorAssemblies (3ms)
			BeforeProcessingInitializeOnLoad (91ms)
			ProcessInitializeOnLoadAttributes (1294ms)
			ProcessInitializeOnLoadMethodAttributes (119ms)
			AfterProcessingInitializeOnLoad (2ms)
			EditorAssembliesLoaded (0ms)
		ExecutionOrderSort2 (0ms)
		AwakeInstancesAfterBackupRestoration (18ms)
Refreshing native plugins compatible for Editor in 0.23 ms, found 0 plugins.
Preloading 0 native plugins for Editor in 0.00 ms.
Asset Pipeline Refresh (id=e7603f570713c294db5825f08f321bea): Total: 3.288 seconds - Initiated by InitialRefreshV2(ForceSynchronousImport)
	Summary:
		Imports: total=0 (actual=0, local cache=0, cache server=0)
		Asset DB Process Time: managed=0 ms, native=1908 ms
		Asset DB Callback time: managed=103 ms, native=14 ms
		Scripting: domain reloads=1, domain reload time=552 ms, compile time=687 ms, other=21 ms
		Project Asset Count: scripts=1063, non-scripts=2102
		Asset File Changes: new=0, changed=1, moved=0, deleted=0
		Scan Filter Count: 0
	InvokeCustomDependenciesCallbacks: 0.001ms
	InvokePackagesCallback: 14.341ms
	ApplyChangesToAssetFolders: 0.571ms
	Scan: 117.996ms
	OnSourceAssetsModified: 0.691ms
	CategorizeAssetsWithTransientArtifact: 13.400ms
	ProcessAssetsWithTransientArtifactChanges: 26.315ms
	CategorizeAssets: 27.084ms
	ImportOutOfDateAssets: 1652.339ms (964.605ms without children)
		CompileScripts: 686.683ms
		ReloadNativeAssets: 0.021ms
		UnloadImportedAssets: 0.396ms
		EnsureUptoDateAssetsAreRegisteredWithGuidPM: 0.281ms
		InitializingProgressBar: 0.000ms
		PostProcessAllAssetNotificationsAddChangedAssets: 0.000ms
		OnDemandSchedulerStart: 0.352ms
	PostProcessAllAssets: 103.472ms
	Hotreload: 0.892ms
	GatherAllCurrentPrimaryArtifactRevisions: 0.002ms
	UnloadStreamsBegin: 1.713ms
	PersistCurrentRevisions: 0.077ms
	UnloadStreamsEnd: 0.001ms
	GenerateScriptTypeHashes: 1.540ms
	Untracked: 1328.895ms

Application.AssetDatabase Initial Refresh End
Scanning for USB devices : 4.525ms
Initializing Unity extensions:
[MODES] ModeService[none].Initialize
[MODES] ModeService[none].LoadModes
[MODES] Loading mode Default (0) for mode-current-id-unity
Unloading 19 Unused Serialized files (Serialized files now loaded: 0)
Unloading 3821 unused Assets / (2.0 MB). Loaded Objects now: 4683.
Memory consumption went from 172.4 MB to 170.4 MB.
Total: 5.425400 ms (FindLiveObjects: 0.251600 ms CreateObjectMapping: 0.113000 ms MarkObjects: 4.278800 ms  DeleteObjects: 0.780900 ms)

Unity is not designed to run with Administrator privileges.

With elevated access, scripts in your project can modify system files, registry settings, or protected areas, even accidentally.
This could make your system unstable or unbootable.

Restart as a standard user for the safest experience.
Microsoft Media Foundation video decoding to texture disabled: graphics device is Null, only Direct3D 11 and Direct3D 12 (only on desktop) are supported for hardware-accelerated video decoding.
[Project] Loading completed in 4.651 seconds
	Project init time: 				4.333 seconds
		Template init time: 		0.000 seconds
		Package Manager init time: 		0.252 seconds
		Asset Database init time: 		0.096 seconds
		Global illumination init time: 	0.003 seconds
		Assemblies load time: 			0.499 seconds
		Unity extensions init time: 	0.003 seconds
		Asset Database refresh time: 	3.288 seconds
	Scene opening time: 			0.070 seconds
##utp:{"type":"ProjectInfo","version":2,"phase":"Immediate","time":1788960619475,"processId":38352,"projectLoad":4.6511955,"projectInit":4.332862,"templateInit":0.0,"packageManagerInit":0.2517853,"assetDatabaseInit":0.096486,"globalIlluminationInit":0.0027219,"assembliesLoad":0.4988128,"unityExtensionsInit":0.0029773,"assetDatabaseRefresh":3.2878639,"sceneOpening":0.0699814}
##utp:{"type":"EditorInfo","version":2,"phase":"Immediate","time":1788960619475,"processId":38352,"editorVersion":"6000.3.23f1 (09d2ecc7fb28)","branch":"6000.3/staging","buildType":"Release","platform":"Windows"}
[Licensing::Client] Successfully resolved entitlement details
Running tests for ExecutionSettings with details:
targetPlatform = 
playerHeartbeatTimeout = 600
filters[0] = 
   Filter with settings:
   testMode = PlayMode
   targetPlatform = 
   testNames = null
   groupNames = Game.Template.Tests.ExistingViewEquipmentSaveLoadAuditTests.ExistingModelView_RealEquipmentSaveA_SaveB_LoadB_StaysStale
   categoryNames = null
   assemblyNames = null
ignoreTests = {}
featureFlags = null

UnityEngine.Debug:ExtractStackTraceNoAlloc (byte*,int,string)
UnityEngine.StackTraceUtility:ExtractStackTrace ()
UnityEngine.DebugLogHandler:Internal_Log (UnityEngine.LogType,UnityEngine.LogOption,string,UnityEngine.Object)
UnityEngine.DebugLogHandler:LogFormat (UnityEngine.LogType,UnityEngine.Object,string,object[])
UnityEngine.Logger:Log (UnityEngine.LogType,object)
UnityEngine.Debug:Log (object)
UnityEditor.TestTools.TestRunner.CommandLineTest.Executer:InitializeAndExecuteRun (string[]) (at ./Library/PackageCache/com.unity.test-framework@bd7f943e9647/UnityEditor.TestRunner/CommandLineTest/Executer.cs:53)
UnityEditor.TestTools.TestRunner.CommandLineTest.TestStarter:InitializeAndExecuteRun () (at ./Library/PackageCache/com.unity.test-framework@bd7f943e9647/UnityEditor.TestRunner/CommandLineTest/TestStarter.cs:64)
UnityEditor.EditorApplication:Internal_CallUpdateFunctions ()

(Filename: ./Library/PackageCache/com.unity.test-framework@bd7f943e9647/UnityEditor.TestRunner/CommandLineTest/Executer.cs Line: 53)

DisplayProgressbar: Material Upgrader re-import
Start importing Packages/com.unity.render-pipelines.universal/Runtime/Materials/Decal.mat using Guid(31d0dcc6f2dd4e4408d18036a2c93862) (NativeFormatImporter) -> (artifact id: '8f3d32c29394a79b41f28a25b53defe8') in 0.0096489 seconds
Start importing Packages/com.unity.render-pipelines.universal/Runtime/Materials/Lit.mat using Guid(31321ba15b8f8eb4c954353edc038b1d) (NativeFormatImporter) -> (artifact id: '960643f9fe6857c5d72b0d2fd2085c0e') in 0.0017718 seconds
Start importing Packages/com.unity.render-pipelines.universal/Runtime/Materials/Mesh2D-Unlit-Default.mat using Guid(71942363c5608a64bb62421349d39c9c) (NativeFormatImporter) -> (artifact id: 'ef7311a66811940111367c78fa0cdd5d') in 0.0014387 seconds
Start importing Packages/com.unity.render-pipelines.universal/Editor/SceneTemplates/Materials/Emissive.mat using Guid(92f845725428c954b878da352f657fe5) (NativeFormatImporter) -> (artifact id: 'b1f26f5eeb8ffbff6a8f6611506c4115') in 0.0013526 seconds
Start importing Packages/com.unity.render-pipelines.universal/Editor/SceneTemplates/Materials/Gold.mat using Guid(c2e40fa84d53ccd428f640eac126b1fb) (NativeFormatImporter) -> (artifact id: '9f9661d44e363023702c87ca4956e3f6') in 0.0013585 seconds
Start importing Packages/com.unity.render-pipelines.universal/Editor/SceneTemplates/Materials/Metal_Black.mat using Guid(b34b07a45ba63ce47896c9e674f3a7a7) (NativeFormatImporter) -> (artifact id: '2e543c70b0a48798291a154a0176c0e2') in 0.0011156 seconds
Start importing Packages/com.unity.render-pipelines.universal/Runtime/Materials/Mesh2D-Lit-Default.mat using Guid(9452ae1262a74094f8a68013fbcd1834) (NativeFormatImporter) -> (artifact id: 'a9f6a1c64081483a70fbc1be53f18baa') in 0.0009784 seconds
Start importing Packages/com.unity.render-pipelines.universal/Runtime/Materials/SpriteMask-Default.mat using Guid(15d0c3709176029428a0da2f8cecf0b5) (NativeFormatImporter) -> (artifact id: '9b9123c1145efbdb38e316f85cad951e') in 0.0008523 seconds
Start importing Packages/com.unity.render-pipelines.universal/Runtime/Materials/SpatialMappingOcclusion.mat using Guid(b51db210fe78df745a372851b3db949e) (NativeFormatImporter) -> (artifact id: 'e725b235a682e6bf286c10ab07552b74') in 0.0008791 seconds
Start importing Packages/com.unity.render-pipelines.universal/Editor/SceneTemplates/Materials/Ground.mat using Guid(761d8e1f988ed2345a28312145c79c6e) (NativeFormatImporter) -> (artifact id: '27ce923cbd5bcc4047b0e855e6fb0af9') in 0.0009522 seconds
Start importing Packages/com.unity.render-pipelines.universal/Runtime/Materials/RenderAs2D-Flattening.mat using Guid(b697f6a938056384e968ccf6527dac83) (NativeFormatImporter) -> (artifact id: '5ecfe90ca8080262222ed764ee85060b') in 0.0012015 seconds
Start importing Assets/TextMesh Pro/Resources/Fonts & Materials/LiberationSans SDF - Drop Shadow.mat using Guid(e73a58f6e2794ae7b1b7e50b7fb811b0) (NativeFormatImporter) -> (artifact id: '53cd7411e8ddcc0d67023915d3374914') in 0.0009483 seconds
Start importing Packages/com.unity.render-pipelines.universal/Runtime/Materials/FullscreenInvertColors.mat using Guid(78a08787ca30045abb69f6f7dd878e09) (NativeFormatImporter) -> (artifact id: 'ee24d1240c4d3093a35a8ce9cd6a6123') in 0.0012724 seconds
Start importing Packages/com.unity.render-pipelines.universal/Runtime/Materials/SpatialMappingWireframe.mat using Guid(9875a245ac49007498213638a307faa1) (NativeFormatImporter) -> (artifact id: '40a3a03ad30c23572795ee7951b74454') in 0.0014235 seconds
Start importing Packages/com.unity.render-pipelines.universal/Runtime/Materials/ParticlesUnlit.mat using Guid(e823cd5b5d27c0f4b8256e7c12ee3e6d) (NativeFormatImporter) -> (artifact id: 'aa862bff269d59d834f13819255630e6') in 0.0015363 seconds
Start importing Packages/com.unity.render-pipelines.universal/Runtime/Materials/TerrainLit.mat using Guid(594ea882c5a793440b60ff72d896021e) (NativeFormatImporter) -> (artifact id: '32c0756065a4c99773d8b19abfdb7370') in 0.0017777 seconds
Start importing Assets/TextMesh Pro/Resources/Fonts & Materials/LiberationSans SDF - Outline.mat using Guid(79459efec17a4d00a321bdcc27bbc385) (NativeFormatImporter) -> (artifact id: 'b4a32ea08af8e5f658044d3fd454ceeb') in 0.000928 seconds
Start importing Packages/com.unity.render-pipelines.universal/Runtime/Materials/Sprite-Lit-Default.mat using Guid(a97c105638bdf8b4a8650670310a4cd3) (NativeFormatImporter) -> (artifact id: '6b65b378b739cf40c13c1e455b16dff7') in 0.0009311 seconds
Start importing Packages/com.unity.render-pipelines.universal/Editor/SceneTemplates/Materials/White.mat using Guid(f96821bbefeea864b9b418af4b8615ac) (NativeFormatImporter) -> (artifact id: 'b0a10ce88eba78cadb227317064359ad') in 0.0012874 seconds
Start importing Packages/com.unity.render-pipelines.universal/Runtime/Materials/SimpleLit.mat using Guid(6a1143ee683302f4aa628c052723efc1) (NativeFormatImporter) -> (artifact id: '4e947c4ad6c49ec8c3dbccd89f2ba9c5') in 0.0014327 seconds
Start importing Packages/com.unity.render-pipelines.universal/Runtime/RendererFeatures/SurfaceCacheGI/FallbackMaterial.mat using Guid(8a239b3da89050c4e89ac06b168fc684) (NativeFormatImporter) -> (artifact id: '365f287f19db505f8da5f5a7aa1bdbca') in 0.0014089 seconds
Start importing Packages/com.unity.render-pipelines.universal/Runtime/Materials/Sprite-Unlit-Default.mat using Guid(9dfc825aed78fcd4ba02077103263b40) (NativeFormatImporter) -> (artifact id: '3535407266e63a704ebed07394e8e29d') in 0.0009715 seconds
Start importing Packages/com.unity.render-pipelines.universal/Editor/SceneTemplates/Materials/Black.mat using Guid(4f1ef37ae953c484bbc5d5e4049147e5) (NativeFormatImporter) -> (artifact id: 'c073248664ba5268b69bc9cf80293393') in 0.001063 seconds
Start importing Packages/com.unity.searcher/Editor/Resources/FlatSkin/Font/Roboto-Black.ttf using Guid(1062c701058745940ae5dca6219c64c8) (TrueTypeFontImporter) -> (artifact id: 'fcfd246391a0ea71ca2a779a06bcb3ac') in 0.003935 seconds
Start importing Packages/com.unity.searcher/Editor/Resources/FlatSkin/Font/Roboto-Regular.ttf using Guid(30dc370b164eefc43b95744fc796dad0) (TrueTypeFontImporter) -> (artifact id: 'e88265dec696838b96bfa89259eca3ee') in 0.0017807 seconds
Start importing Packages/com.unity.searcher/Editor/Resources/FlatSkin/Font/Roboto-ThinItalic.ttf using Guid(b2ea3b3f1765e544b9eb5bd1a93a91ce) (TrueTypeFontImporter) -> (artifact id: 'ebed3587f31469b7ed1f215111200e64') in 0.0016428 seconds
Start importing Assets/TextMesh Pro/Fonts/LiberationSans.ttf using Guid(e3265ab4bf004d28a9537516768c1c75) (TrueTypeFontImporter) -> (artifact id: 'f6eeb5eb2da53984d52eb47713930cc6') in 0.2599728 seconds
Start importing Packages/com.unity.render-pipelines.core/Runtime/Debugging/Prefabs/Fonts/PerfectDOSVGA437.ttf using Guid(74a5091d8707f334b9a5c31ef71a64ba) (TrueTypeFontImporter) -> (artifact id: '17baae82c87969a57920915e78c06aca') in 0.0011745 seconds
Start importing Packages/com.unity.searcher/Editor/Resources/FlatSkin/Font/Roboto-Medium.ttf using Guid(a51a3aebb43ac044989270407476b208) (TrueTypeFontImporter) -> (artifact id: 'c7ced244834c79c4d9a56b36e5ad331e') in 0.0011738 seconds
Start importing Packages/com.unity.searcher/Editor/Resources/FlatSkin/Font/Roboto-Bold.ttf using Guid(3750c318f40cab44a97d3a81beaefeb3) (TrueTypeFontImporter) -> (artifact id: '77cfd2f7ac0b12233821a3de72324c7e') in 0.0011854 seconds
Start importing Packages/com.unity.searcher/Editor/Resources/FlatSkin/Font/Roboto-Italic.ttf using Guid(c839255fc8f6b4b4d90bf8c1af9f9bd1) (TrueTypeFontImporter) -> (artifact id: '34aea38e6f5ad75c669903fb2eec0ef8') in 0.0014149 seconds
Start importing Packages/com.unity.searcher/Editor/Resources/FlatSkin/Font/Roboto-Thin.ttf using Guid(19a9abb883540be48b75b951a927ae03) (TrueTypeFontImporter) -> (artifact id: 'e8d19da7ff636d3206784d80f5127fa1') in 0.001151 seconds
Start importing Packages/com.unity.searcher/Editor/Resources/FlatSkin/Font/Roboto-MediumItalic.ttf using Guid(d93c1bc57fdf1ac4dad1bf04fac05464) (TrueTypeFontImporter) -> (artifact id: 'ab2288725cdc36cc9451e88898f02f8a') in 0.0011732 seconds
Start importing Packages/com.unity.searcher/Editor/Resources/FlatSkin/Font/Roboto-BlackItalic.ttf using Guid(f95147a9bab9fe649b8070170fa7ebd2) (TrueTypeFontImporter) -> (artifact id: '9c0c207a65eaebb5461a5bd9b6761002') in 0.0011054 seconds
Start importing Packages/com.unity.searcher/Editor/Resources/FlatSkin/Font/Roboto-Light.ttf using Guid(2a29e27936eb547458f646f71125b264) (TrueTypeFontImporter) -> (artifact id: '8f695168e63791c8e295a36a555f03a5') in 0.0010454 seconds
Start importing Assets/Framework/Resources/Fonts/noto_sans_cjk_sc.otf using Guid(db21497e60977de40bde9f2b5101b334) (TrueTypeFontImporter) -> (artifact id: '159a17a70e60302b5647a99e0760f3e9') in 0.0206043 seconds
Start importing Packages/com.unity.searcher/Editor/Resources/FlatSkin/Font/Roboto-LightItalic.ttf using Guid(5e63515167650a541b309ba3bfd4db3d) (TrueTypeFontImporter) -> (artifact id: '06e9040f082a33cb064bc66f23766c41') in 0.0015133 seconds
Start importing Packages/com.unity.searcher/Editor/Resources/FlatSkin/Font/Roboto-BoldItalic.ttf using Guid(dfb97a9307a577a41bcacba34b9a7e32) (TrueTypeFontImporter) -> (artifact id: 'd506485d512ee8ab5f45626384ac7773') in 0.0011085 seconds
Start importing Packages/com.unity.shadergraph/GraphTemplates/BuiltIn/BuiltIn Lit Basic.shadergraph using Guid(2019d78ad3d1c5c4a8d309a857ca449f) (ScriptedImporter)Launched and connected shader compiler UnityShaderCompiler.exe after 0.01 seconds
 -> (artifact id: 'f9c1be7082f2beb3559fa852b5bf16dc') in 0.2274629 seconds
Start importing Packages/com.unity.render-pipelines.universal/Runtime/Materials/ArnoldStandardSurface/ArnoldStandardSurfaceTransparent.shadergraph using Guid(30fa68ce467463643a86b839ca0eb195) (ScriptedImporter) -> (artifact id: 'b4103a586a19897dbc93017517d837b3') in 0.0972847 seconds
Start importing Packages/com.unity.render-pipelines.universal/Shaders/AutodeskInteractive/AutodeskInteractiveMasked.shadergraph using Guid(80aa867ac363ac043847b06ad71604cd) (ScriptedImporter) -> (artifact id: '8e9560b36dd7b3ddf2c280f3137fe60c') in 0.1044496 seconds
Start importing Assets/TextMesh Pro/Shaders/TMP_SDF-URP Unlit.shadergraph using Guid(124c112a6e8f1a54e8b0870e881b56d8) (ScriptedImporter) -> (artifact id: '107ec4dcc91fa6de55966f244e716fa5') in 0.0853869 seconds
Start importing Packages/com.unity.shadergraph/GraphTemplates/Cross Pipeline/0_Lit Basic.shadergraph using Guid(a2407126e3372f64cacb75ed466a5621) (ScriptedImporter) -> (artifact id: '6f8a8f78de5e12a68c01967fe2e5e672') in 0.0685156 seconds
Start importing Assets/TextMesh Pro/Shaders/TMP_SDF-URP Lit.shadergraph using Guid(a3d800b099a06e0478fb790c5e79057a) (ScriptedImporter) -> (artifact id: '702f17de2fa650612983d402a91ab0d0') in 0.0859963 seconds
Start importing Packages/com.unity.shadergraph/GraphTemplates/Cross Pipeline/Unlit Simple.shadergraph using Guid(2476a2d151e824143af40dce1fc93a12) (ScriptedImporter) -> (artifact id: '3cf26812789f3a636735c727ec1d4392') in 0.0551689 seconds
Start importing Packages/com.unity.render-pipelines.universal/Shaders/2D/VFXSpriteLit.shadergraph using Guid(24a73dccd7b6fad4798be282f96a21f4) (ScriptedImporter) -> (artifact id: '8a2bb1e07208bac04e155befe99ff722') in 0.0502293 seconds
Start importing Packages/com.unity.render-pipelines.universal/Runtime/Materials/PhysicalMaterial3DsMax/PhysicalMaterial3DsMax.shadergraph using Guid(44245ab89240f51459a5077d7145c452) (ScriptedImporter) -> (artifact id: 'afa362d825ea462d51e627a255f58ce6') in 0.0751976 seconds
Start importing Packages/com.unity.render-pipelines.universal/Editor/ShaderGraph/GraphTemplates/2D/1_2D Sprite Unlit.shadergraph using Guid(25a0ebb4827f3cc47a1af2c79005f65b) (ScriptedImporter) -> (artifact id: '2367b3ebed6db92ebd9141c9a834c53d') in 0.0541124 seconds
Start importing Packages/com.unity.shadergraph/GraphTemplates/BuiltIn/BuiltIn Unlit Basic.shadergraph using Guid(9618d41bb71f74048bb6cace8785b93d) (ScriptedImporter) -> (artifact id: 'b31bfd44ff15e990a7083285858ac5e2') in 0.0400064 seconds
Start importing Packages/com.unity.shadergraph/GraphTemplates/Cross Pipeline/2_Particle Lit.shadergraph using Guid(a680d9a9f8b66514abbfd3ae1c8f77f7) (ScriptedImporter) -> (artifact id: 'e1a234c41a76f0a8b72c9189a0289cfb') in 0.0789619 seconds
Start importing Assets/TextMesh Pro/Shaders/TMP_SDF-HDRP UNLIT.shadergraph using Guid(f63d574838ccfb44f84acc05fed0af48) (ScriptedImporter) -> (artifact id: '1752d3e688d7873a86f10213e0838fee') in 0.0184695 seconds
Start importing Packages/com.unity.render-pipelines.universal/Editor/ShaderGraph/GraphTemplates/UITKBasicTemplate.shadergraph using Guid(0738648e2f2f84b489a2f0076b69e30a) (ScriptedImporter) -> (artifact id: '1e1bcc1b4e917a92cac3e778164845e2') in 0.0341009 seconds
Start importing Packages/com.unity.shadergraph/GraphTemplates/Cross Pipeline/1_Decal Material Volume.shadergraph using Guid(1716ff8c1e51af14280cc97fbcba3b11) (ScriptedImporter) -> (artifact id: 'a6a9c754a133f641b809dcad17520162') in 0.0896471 seconds
Start importing Packages/com.unity.render-pipelines.universal/Runtime/Materials/ArnoldStandardSurface/ArnoldStandardSurface.shadergraph using Guid(3739e562a03fc0b4982d8aa66cc50865) (ScriptedImporter) -> (artifact id: '732d7dfd941d9727c022147b0a595bdf') in 0.0706843 seconds
Start importing Packages/com.unity.render-pipelines.universal/Shaders/2D/VFXSpriteUnlit.shadergraph using Guid(d7288f66e4fb0634c9afef98c31b722a) (ScriptedImporter) -> (artifact id: '7cad7483ec60a25c6444a2237077d9dd') in 0.0413737 seconds
Start importing Packages/com.unity.shadergraph/GraphTemplates/Cross Pipeline/0_Decal Simple.shadergraph using Guid(39144937a5efe954dac51acbbe54157e) (ScriptedImporter) -> (artifact id: 'cfd1c20a9264a33977f631000a46d604') in 0.058445 seconds
Start importing Packages/com.unity.render-pipelines.universal/Shaders/Nature/SpeedTree8_PBRLit.shadergraph using Guid(9920c1f1781549a46ba081a2a15a16ec) (ScriptedImporter) -> (artifact id: 'dfb74f1a06163b40a908933ab68f47db') in 0.164491 seconds
Start importing Packages/com.unity.render-pipelines.universal/Runtime/Materials/PhysicalMaterial3DsMax/PhysicalMaterial3DsMaxTransparent.shadergraph using Guid(1a207e3bee00db44b940e6f362a8e148) (ScriptedImporter) -> (artifact id: 'f33a4fb1d399782df7daa5e537828ed1') in 0.073337 seconds
Start importing Packages/com.unity.shadergraph/GraphTemplates/Cross Pipeline/UGUI Canvas Basic.shadergraph using Guid(5a4a765e921b8554eb959f7cf697b3be) (ScriptedImporter) -> (artifact id: '121dbd91af37347cab32ffde890b9591') in 0.0463367 seconds
Start importing Assets/TextMesh Pro/Shaders/TMP_SDF-HDRP LIT.shadergraph using Guid(ca2ed216f98028c4dae6c5224a952b3c) (ScriptedImporter) -> (artifact id: 'b113aac12bfd436117790d8e9dcd8504') in 0.0181493 seconds
Start importing Packages/com.unity.render-pipelines.universal/Shaders/Decal.shadergraph using Guid(9b4e681081e2b4c469111bb649e2f7ee) (ScriptedImporter) -> (artifact id: 'a7606a859af868e1472f722a313d3939') in 0.0551969 seconds
Start importing Packages/com.unity.render-pipelines.universal/Shaders/Nature/SpeedTree9_URP.shadergraph using Guid(cbd3e1cc4ae141c42a30e33b4d666a61) (ScriptedImporter) -> (artifact id: '2711708c30ffa585ce2ae6de0f331cab') in 0.1153018 seconds
Start importing Packages/com.unity.render-pipelines.universal/Shaders/FullscreenInvertColors.shadergraph using Guid(fb6390f650ca44a5ba3246d8dda47927) (ScriptedImporter) -> (artifact id: 'c7b1ddeb1bfc9eb6c6000c4efa09a150') in 0.0452504 seconds
Start importing Packages/com.unity.render-pipelines.universal/Shaders/AutodeskInteractive/AutodeskInteractiveTransparent.shadergraph using Guid(5c81372d981403744adbdda4433c9c11) (ScriptedImporter) -> (artifact id: '7614ee40ab1b43bb5f7058694cb1e8ac') in 0.0677571 seconds
Start importing Packages/com.unity.render-pipelines.universal/Editor/ShaderGraph/GraphTemplates/Terrain Standard 4 Layers URP.shadergraph using Guid(bc3def193b270c649b041063a70a1a1f) (ScriptedImporter)Shader 'Hidden/Terrain/Terrain Standard 4 Layers URP': dependency 'AddPassShader' shader 'Hidden/Hidden/Terrain/Terrain Standard 4 Layers URP_AddPass' not found
Shader 'Hidden/Terrain/Terrain Standard 4 Layers URP': dependency 'BaseMapGenShader' shader 'Hidden/Hidden/Terrain/Terrain Standard 4 Layers URP_BaseMapGen' not found
Shader 'Hidden/Terrain/Terrain Standard 4 Layers URP': dependency 'AddPassShader' shader 'Hidden/Hidden/Terrain/Terrain Standard 4 Layers URP_AddPass' not found
Shader 'Hidden/Terrain/Terrain Standard 4 Layers URP': dependency 'BaseMapGenShader' shader 'Hidden/Hidden/Terrain/Terrain Standard 4 Layers URP_BaseMapGen' not found
 -> (artifact id: '734f343ab2e7f69f892bd17ff15ec6d7') in 0.2103248 seconds
Start importing Packages/com.unity.shadergraph/GraphTemplates/Cross Pipeline/UGUI Canvas Meter.shadergraph using Guid(9d4e8ca8c5046914c87ca6ccef140dac) (ScriptedImporter) -> (artifact id: 'c1af70415521a5d6d71088e1f213f4a2') in 0.0423763 seconds
Start importing Packages/com.unity.render-pipelines.universal/Editor/ShaderGraph/GraphTemplates/2D/0_2D Sprite Lit.shadergraph using Guid(bde135b320597544b9ac325092409f8b) (ScriptedImporter) -> (artifact id: 'a6807364465b8915d570dad98e454703') in 0.0464899 seconds
Start importing Packages/com.unity.render-pipelines.universal/Shaders/AutodeskInteractive/AutodeskInteractive.shadergraph using Guid(0e9d5a909a1f7e84882a534d0d11e49f) (ScriptedImporter) -> (artifact id: '9d418e49fd2174f57b1baf7c12242bb2') in 0.067213 seconds
Start importing Packages/com.unity.render-pipelines.universal/Editor/ShaderGraph/GraphTemplates/UITKFullTemplate.shadergraph using Guid(3e01bbae25716b24ea9da11102b44902) (ScriptedImporter) -> (artifact id: 'b19d9205b6a4d7124465a60ce13ecf68') in 0.033652 seconds
Start importing Packages/com.unity.shadergraph/GraphTemplates/Custom Render Texture.shadergraph using Guid(7ef2cf71ad164fe479662ae612dff99e) (ScriptedImporter) -> (artifact id: '1bec025da4b8c728cce6f11cb32c0017') in 0.0119692 seconds
Start importing Packages/com.unity.shadergraph/GraphTemplates/Cross Pipeline/1_Lit Full.shadergraph using Guid(aee84ce0dab81b049bb88017d78a63cd) (ScriptedImporter) -> (artifact id: '3f72c7507fb25c3a9d27ce361e7588cc') in 0.1297373 seconds
Start importing Packages/com.unity.shadergraph/GraphTemplates/Cross Pipeline/Terrain Simple.shadergraph using Guid(def488a52add6574d9f295a507032cb8) (ScriptedImporter)Shader 'Hidden/Terrain/Terrain Simple': dependency 'AddPassShader' shader 'Hidden/Hidden/Terrain/Terrain Simple_AddPass' not found
Shader 'Hidden/Terrain/Terrain Simple': dependency 'BaseMapGenShader' shader 'Hidden/Hidden/Terrain/Terrain Simple_BaseMapGen' not found
Shader 'Hidden/Terrain/Terrain Simple': dependency 'AddPassShader' shader 'Hidden/Hidden/Terrain/Terrain Simple_AddPass' not found
Shader 'Hidden/Terrain/Terrain Simple': dependency 'BaseMapGenShader' shader 'Hidden/Hidden/Terrain/Terrain Simple_BaseMapGen' not found
 -> (artifact id: '8eee88e23c0f2a92a61a7c3ca7b8e13d') in 0.2384951 seconds
Start importing Packages/com.unity.shadergraph/GraphTemplates/Cross Pipeline/0_Particle Unlit.shadergraph using Guid(af66091e0eca0c04a9c3584ae867418a) (ScriptedImporter) -> (artifact id: '82f79024b396af2c9c9252521351f8dc') in 0.0543189 seconds
Start importing Packages/com.unity.render-pipelines.universal/Editor/ShaderGraph/GraphTemplates/2D/2_2D Sprite Custom Lit.shadergraph using Guid(bfad0aba0faa90547b68abd10bb6be86) (ScriptedImporter) -> (artifact id: '7020184c1c4e72f5ec09dba96f983765') in 0.0522711 seconds
Start importing Packages/com.unity.render-pipelines.universal/Editor/ShaderGraph/GraphTemplates/Fullscreen Basic URP.shadergraph using Guid(df41eefe8c13d444ca890dddbbc61f8d) (ScriptedImporter) -> (artifact id: 'd53dfa04293dbdecc4537cb6338a4478') in 0.0310893 seconds
Start importing Packages/com.unity.render-pipelines.core/Runtime/RenderPipelineResources/Mesh/SamplesFixture.fbx using Guid(b28fa67a0ff82c5478f27368dc627683) (FBXImporter) -> (artifact id: 'a0f2bfb54cf8f81ebb1826b1b3f553b5') in 0.0270755 seconds
Start importing Packages/com.unity.render-pipelines.core/Runtime/RenderPipelineResources/Mesh/SamplesFloorSpotlight.fbx using Guid(1dbf28c1bb322474d981b2dc555e28b0) (FBXImporter) -> (artifact id: '45478e9e8914bf97dcf51a84c34e895f') in 0.0104422 seconds
Start importing Assets/TextMesh Pro/Resources/Fonts & Materials/LiberationSans SDF - Fallback.asset using Guid(2e498d1c8094910479dc3e1b768306a4) (NativeFormatImporter) -> (artifact id: '904ebae6ee4474c266c74cd8e9f372b7') in 0.0038797 seconds
Start importing Assets/TextMesh Pro/Resources/Fonts & Materials/LiberationSans SDF.asset using Guid(8f586378b4e144a9851e7b34d9b748ee) (NativeFormatImporter) -> (artifact id: '7055972fc60a7912ea5976ba5c66435a') in 0.0040019 seconds
Refreshing native plugins compatible for Editor in 0.23 ms, found 0 plugins.
Preloading 0 native plugins for Editor in 0.00 ms.
Asset Pipeline Refresh (id=f3ab8abc51d346245ad7fe15c3dc2cc3): Total: 3.461 seconds - Initiated by StopAssetImportingV2(NoUpdateAssetOptions)
	Summary:
		Imports: total=79 (actual=79, local cache=0, cache server=0)
		Asset DB Process Time: managed=24 ms, native=3313 ms
		Asset DB Callback time: managed=27 ms, native=94 ms
		Scripting: domain reloads=0, domain reload time=0 ms, compile time=0 ms, other=0 ms
		Project Asset Count: scripts=1063, non-scripts=2102
		Asset File Changes: new=0, changed=0, moved=0, deleted=0
		Scan Filter Count: 121
	InvokeCustomDependenciesCallbacks: 0.001ms
	InvokePackagesCallback: 0.001ms
	ApplyChangesToAssetFolders: 0.120ms
	Scan: 16.214ms
	OnSourceAssetsModified: 0.001ms
	CategorizeAssetsWithTransientArtifact: 0.091ms
	ProcessAssetsWithTransientArtifactChanges: 0.051ms
	CategorizeAssets: 12.375ms
	ImportOutOfDateAssets: 3303.780ms (-4.029ms without children)
		ImportManagerImport: 3302.410ms (61.836ms without children)
			ImportInProcess: 3236.975ms
			UpdateCategorizedAssets: 3.599ms
		ReloadNativeAssets: 0.016ms
		UnloadImportedAssets: 0.661ms
		ReloadImportedAssets: 4.196ms
		EnsureUptoDateAssetsAreRegisteredWithGuidPM: 0.258ms
		InitializingProgressBar: 0.004ms
		PostProcessAllAssetNotificationsAddChangedAssets: 0.000ms
		OnDemandSchedulerStart: 0.263ms
	PostProcessAllAssets: 122.107ms
	Hotreload: 0.384ms
	GatherAllCurrentPrimaryArtifactRevisions: 0.112ms
	UnloadStreamsBegin: 0.050ms
	PersistCurrentRevisions: 0.078ms
	UnloadStreamsEnd: 0.067ms
	Untracked: 5.195ms

[UnityConnectServicesConfig] config is NOT valid, switching to default
Created GICache directory at C:/Users/1/AppData/LocalLow/Unity/Caches/GiCache. Took: 0.010s, timestamps: [4.653 - 4.663]
Unloading 102 Unused Serialized files (Serialized files now loaded: 0)
Unloading 174 unused Assets / (12.5 MB). Loaded Objects now: 4712.
Memory consumption went from 245.0 MB to 232.4 MB.
Total: 10.609100 ms (FindLiveObjects: 0.143700 ms CreateObjectMapping: 0.045300 ms MarkObjects: 8.187000 ms  DeleteObjects: 2.232200 ms)

Start importing Assets/InitTestScenebe0f68e7-0627-45d7-ab56-39f7ee0e4f7c.unity using Guid(9d5e4a51080c3684b9ad284604d8df92) (DefaultImporter) -> (artifact id: 'ed31b1af1993071a3132da80850e738e') in 0.000605 seconds
Refreshing native plugins compatible for Editor in 0.16 ms, found 0 plugins.
Preloading 0 native plugins for Editor in 0.00 ms.
Asset Pipeline Refresh (id=0fc8ef37ace8409448ebf7f3e93f7952): Total: 0.022 seconds - Initiated by StopAssetImportingV2(NoUpdateAssetOptions)
Executing IPrebuildSetup for: Unity.PerformanceTesting.Editor.TestRunBuilder.
UnityEngine.Debug:ExtractStackTraceNoAlloc (byte*,int,string)
UnityEngine.StackTraceUtility:ExtractStackTrace ()
UnityEngine.DebugLogHandler:Internal_Log (UnityEngine.LogType,UnityEngine.LogOption,string,UnityEngine.Object)
UnityEngine.DebugLogHandler:LogFormat (UnityEngine.LogType,UnityEngine.Object,string,object[])
UnityEngine.Logger:Log (UnityEngine.LogType,object)
UnityEngine.Debug:Log (object)
UnityEditor.TestTools.TestRunner.TestRun.Tasks.BuildActionTaskBase`1/<ExecuteMethods>d__8<UnityEngine.TestTools.IPrebuildSetup>:MoveNext () (at ./Library/PackageCache/com.unity.test-framework@bd7f943e9647/UnityEditor.TestRunner/TestRun/Tasks/BuildActionTaskBase.cs:48)
UnityEditor.TestTools.TestRunner.TestRun.Tasks.BuildActionTaskBase`1/<Execute>d__7<UnityEngine.TestTools.IPrebuildSetup>:MoveNext () (at ./Library/PackageCache/com.unity.test-framework@bd7f943e9647/UnityEditor.TestRunner/TestRun/Tasks/BuildActionTaskBase.cs:34)
UnityEditor.TestTools.TestRunner.TestRun.TestJobRunner:ExecuteStep () (at ./Library/PackageCache/com.unity.test-framework@bd7f943e9647/UnityEditor.TestRunner/TestRun/TestJobRunner.cs:173)
UnityEditor.TestTools.TestRunner.TestRun.TestJobRunner:ExecuteCallback () (at ./Library/PackageCache/com.unity.test-framework@bd7f943e9647/UnityEditor.TestRunner/TestRun/TestJobRunner.cs:108)
UnityEditor.EditorApplication:Internal_CallUpdateFunctions ()

(Filename: ./Library/PackageCache/com.unity.test-framework@bd7f943e9647/UnityEditor.TestRunner/TestRun/Tasks/BuildActionTaskBase.cs Line: 48)

Reloading assemblies for play mode.
Reloading assemblies after forced synchronous recompile.
Begin MonoManager ReloadAssembly
- Loaded All Assemblies, in  0.389 seconds
Refreshing native plugins compatible for Editor in 0.23 ms, found 0 plugins.
Native extension for WindowsStandalone target not found
ScheduleIndexationOnStartup MainProcess:True IndexOnStartup:False
Mono: successfully reloaded assembly
- Finished resetting the current domain, in  0.502 seconds
Domain Reload Profiling: 892ms
	BeginReloadAssembly (244ms)
		ExecutionOrderSort (0ms)
		DisableScriptedObjects (24ms)
		BackupInstance (0ms)
		ReleaseScriptingObjects (0ms)
		CreateAndSetChildDomain (139ms)
	RebuildCommonClasses (22ms)
	RebuildNativeTypeToScriptingClass (8ms)
	initialDomainReloadingComplete (14ms)
	LoadAllAssembliesAndSetupDomain (101ms)
		LoadAssemblies (79ms)
		RebuildTransferFunctionScriptingTraits (0ms)
		AnalyzeDomain (81ms)
			TypeCache.Refresh (4ms)
				TypeCache.ScanAssembly (0ms)
			BuildScriptInfoCaches (59ms)
			ResolveRequiredComponents (16ms)
	FinalizeReload (502ms)
		ReleaseScriptCaches (0ms)
		RebuildScriptCaches (0ms)
		SetupLoadedEditorAssemblies (344ms)
			LogAssemblyErrors (0ms)
			InitializePlatformSupportModulesInManaged (11ms)
			SetLoadedEditorAssemblies (2ms)
			BeforeProcessingInitializeOnLoad (83ms)
			ProcessInitializeOnLoadAttributes (136ms)
			ProcessInitializeOnLoadMethodAttributes (110ms)
			AfterProcessingInitializeOnLoad (2ms)
			EditorAssembliesLoaded (0ms)
		ExecutionOrderSort2 (0ms)
		AwakeInstancesAfterBackupRestoration (17ms)
Asset Pipeline Refresh (id=f3dafa7d79208d0498f81afe93f7715d): Total: 0.963 seconds - Initiated by StopAssetImportingV2(ForceSynchronousImport | ForceDomainReload)
	Summary:
		Imports: total=0 (actual=0, local cache=0, cache server=0)
		Asset DB Process Time: managed=0 ms, native=551 ms
		Asset DB Callback time: managed=15 ms, native=0 ms
		Scripting: domain reloads=1, domain reload time=395 ms, compile time=1 ms, other=0 ms
		Project Asset Count: scripts=1063, non-scripts=2103
		Asset File Changes: new=0, changed=0, moved=0, deleted=0
		Scan Filter Count: 0
	InvokeCustomDependenciesCallbacks: 0.001ms
	InvokePackagesCallback: 1.498ms
	ApplyChangesToAssetFolders: 0.213ms
	Scan: 0.000ms
	OnSourceAssetsModified: 0.001ms
	CategorizeAssetsWithTransientArtifact: 0.002ms
	ProcessAssetsWithTransientArtifactChanges: 1.486ms
	CategorizeAssets: 26.794ms
	ImportOutOfDateAssets: 505.756ms (502.547ms without children)
		CompileScripts: 0.783ms
		CollectScriptTypesHashes: 1.083ms
		ReloadNativeAssets: 0.691ms
		UnloadImportedAssets: 0.066ms
		EnsureUptoDateAssetsAreRegisteredWithGuidPM: 0.376ms
		InitializingProgressBar: 0.000ms
		PostProcessAllAssetNotificationsAddChangedAssets: 0.001ms
		OnDemandSchedulerStart: 0.210ms
	PostProcessAllAssets: 15.744ms
	GatherAllCurrentPrimaryArtifactRevisions: 0.172ms
	UnloadStreamsBegin: 0.105ms
	PersistCurrentRevisions: 0.084ms
	UnloadStreamsEnd: 0.002ms
	GenerateScriptTypeHashes: 2.970ms
	Untracked: 411.267ms

Loaded scene 'Temp/__Backupscenes/0.backup'
	Deserialize:            0.565 ms
	Integration:            118.569 ms
	Integration of assets:  0.001 ms
	Thread Wait Time:       0.009 ms
	Total Operation Time:   119.145 ms
[MODES] ModeService[none].Initialize
[MODES] ModeService[none].LoadModes
[Licensing::Client] Successfully resolved entitlement details
Unloading 1 Unused Serialized files (Serialized files now loaded: 0)
UnloadTime: 0.129700 ms
Loaded scene 'Assets/Framework/Scenes/GameTemplateShell.unity'
	Deserialize:            3.536 ms
	Integration:            312.042 ms
	Integration of assets:  0.605 ms
	Thread Wait Time:       -0.509 ms
	Total Operation Time:   315.674 ms
Unloading 151 unused Assets / (3.8 MB). Loaded Objects now: 4826.
Memory consumption went from 216.6 MB to 212.8 MB.
Total: 4.750400 ms (FindLiveObjects: 0.159000 ms CreateObjectMapping: 0.057000 ms MarkObjects: 4.401300 ms  DeleteObjects: 0.132500 ms)

[UnityViewFactory] displayId "display.map.sample_beast" 状态 "idle" 没有可用的 display.anim_set 序列帧剪辑，退化为单帧剪辑（Rig.PlayClip 仍可执行，只是视觉上不切换贴图）
UnityEngine.Debug:ExtractStackTraceNoAlloc (byte*,int,string)
UnityEngine.StackTraceUtility:ExtractStackTrace ()
UnityEngine.DebugLogHandler:Internal_Log (UnityEngine.LogType,UnityEngine.LogOption,string,UnityEngine.Object)
UnityEngine.DebugLogHandler:LogFormat (UnityEngine.LogType,UnityEngine.Object,string,object[])
UnityEngine.Logger:Log (UnityEngine.LogType,object)
UnityEngine.Debug:LogWarning (object)
Adapter.Unity.Presentation.UnityViewFactory:RegisterDefaultClips (Adapter.Unity.Presentation.UnityFrameAnimPlayer,Core.Foundation.DisplayInfo.DisplayInfo) (at ./Packages/com.gamefoundation.adapter.unity/Runtime/Presentation/UnityViewFactory.cs:577)
Adapter.Unity.Presentation.UnityViewFactory:AttachDefaultAnimation (Adapter.Unity.Presentation.UnitySpriteView,Core.Foundation.DisplayInfo.DisplayInfo,Core.Foundation.Common.Id) (at ./Packages/com.gamefoundation.adapter.unity/Runtime/Presentation/UnityViewFactory.cs:495)
Adapter.Unity.Presentation.UnityViewFactory:CreateView (Presentation.Common.ViewKind,Core.Foundation.Common.Id,Core.Foundation.Common.Id) (at ./Packages/com.gamefoundation.adapter.unity/Runtime/Presentation/UnityViewFactory.cs:380)
Presentation.ViewBinding.ViewBinder:OnEntityCreated (Core.Foundation.Common.Id,string,Core.Foundation.Common.Id)
Presentation.ViewBinding.ViewBinder:<.ctor>b__16_0 (Core.Foundation.SimLoop.EntityCreatedEvent)
Core.Foundation.EventBus.EventBus/<>c__DisplayClass9_0`1<Core.Foundation.SimLoop.EntityCreatedEvent>:<Subscribe>b__0 (Core.Foundation.EventBus.IEvent)
Core.Foundation.EventBus.EventBus/SubscriberEntry:Invoke (Core.Foundation.EventBus.IEvent)
Core.Foundation.EventBus.EventBus:DispatchOne (Core.Foundation.EventBus.IEvent)
Core.Foundation.EventBus.EventBus:DispatchPending ()
Game.Template.GameBootstrap:HandlePostLoad (Core.Foundation.Common.Id) (at D:/workespace/ws-game-unity-audit-c9ff301/copyRoot/games/_template/Runtime/GameBootstrap.cs:481)
Core.Foundation.SceneRouter.SceneRouter/<>c__DisplayClass25_0:<RegisterPostLoadHook>b__0 (Core.Foundation.HookRegistry.HookArgs)
Core.Foundation.HookRegistry.HookRegistry:Invoke (Core.Foundation.Common.Id,Core.Foundation.HookRegistry.HookArgs)
Core.Foundation.SceneRouter.SceneRouter:FinishLoading ()
Core.Foundation.SceneRouter.SceneRouter:Update ()
Presentation.Shell.ShellHost:Update ()
Game.Template.GameBootstrap:OnFrameTick (double) (at D:/workespace/ws-game-unity-audit-c9ff301/copyRoot/games/_template/Runtime/GameBootstrap.cs:525)
Adapter.Unity.EngineAdapter.UnityClock:TickFrame (double) (at ./Packages/com.gamefoundation.adapter.unity/Runtime/EngineAdapter/UnityClock.cs:94)
Adapter.Unity.EngineAdapter.UnityEngineHost:Update () (at ./Packages/com.gamefoundation.adapter.unity/Runtime/EngineAdapter/UnityEngineHost.cs:146)

(Filename: ./Packages/com.gamefoundation.adapter.unity/Runtime/Presentation/UnityViewFactory.cs Line: 577)

[UnityViewFactory] displayId "display.map.sample_beast" 状态 "move" 没有可用的 display.anim_set 序列帧剪辑，退化为单帧剪辑（Rig.PlayClip 仍可执行，只是视觉上不切换贴图）
UnityEngine.Debug:ExtractStackTraceNoAlloc (byte*,int,string)
UnityEngine.StackTraceUtility:ExtractStackTrace ()
UnityEngine.DebugLogHandler:Internal_Log (UnityEngine.LogType,UnityEngine.LogOption,string,UnityEngine.Object)
UnityEngine.DebugLogHandler:LogFormat (UnityEngine.LogType,UnityEngine.Object,string,object[])
UnityEngine.Logger:Log (UnityEngine.LogType,object)
UnityEngine.Debug:LogWarning (object)
Adapter.Unity.Presentation.UnityViewFactory:RegisterDefaultClips (Adapter.Unity.Presentation.UnityFrameAnimPlayer,Core.Foundation.DisplayInfo.DisplayInfo) (at ./Packages/com.gamefoundation.adapter.unity/Runtime/Presentation/UnityViewFactory.cs:577)
Adapter.Unity.Presentation.UnityViewFactory:AttachDefaultAnimation (Adapter.Unity.Presentation.UnitySpriteView,Core.Foundation.DisplayInfo.DisplayInfo,Core.Foundation.Common.Id) (at ./Packages/com.gamefoundation.adapter.unity/Runtime/Presentation/UnityViewFactory.cs:495)
Adapter.Unity.Presentation.UnityViewFactory:CreateView (Presentation.Common.ViewKind,Core.Foundation.Common.Id,Core.Foundation.Common.Id) (at ./Packages/com.gamefoundation.adapter.unity/Runtime/Presentation/UnityViewFactory.cs:380)
Presentation.ViewBinding.ViewBinder:OnEntityCreated (Core.Foundation.Common.Id,string,Core.Foundation.Common.Id)
Presentation.ViewBinding.ViewBinder:<.ctor>b__16_0 (Core.Foundation.SimLoop.EntityCreatedEvent)
Core.Foundation.EventBus.EventBus/<>c__DisplayClass9_0`1<Core.Foundation.SimLoop.EntityCreatedEvent>:<Subscribe>b__0 (Core.Foundation.EventBus.IEvent)
Core.Foundation.EventBus.EventBus/SubscriberEntry:Invoke (Core.Foundation.EventBus.IEvent)
Core.Foundation.EventBus.EventBus:DispatchOne (Core.Foundation.EventBus.IEvent)
Core.Foundation.EventBus.EventBus:DispatchPending ()
Game.Template.GameBootstrap:HandlePostLoad (Core.Foundation.Common.Id) (at D:/workespace/ws-game-unity-audit-c9ff301/copyRoot/games/_template/Runtime/GameBootstrap.cs:481)
Core.Foundation.SceneRouter.SceneRouter/<>c__DisplayClass25_0:<RegisterPostLoadHook>b__0 (Core.Foundation.HookRegistry.HookArgs)
Core.Foundation.HookRegistry.HookRegistry:Invoke (Core.Foundation.Common.Id,Core.Foundation.HookRegistry.HookArgs)
Core.Foundation.SceneRouter.SceneRouter:FinishLoading ()
Core.Foundation.SceneRouter.SceneRouter:Update ()
Presentation.Shell.ShellHost:Update ()
Game.Template.GameBootstrap:OnFrameTick (double) (at D:/workespace/ws-game-unity-audit-c9ff301/copyRoot/games/_template/Runtime/GameBootstrap.cs:525)
Adapter.Unity.EngineAdapter.UnityClock:TickFrame (double) (at ./Packages/com.gamefoundation.adapter.unity/Runtime/EngineAdapter/UnityClock.cs:94)
Adapter.Unity.EngineAdapter.UnityEngineHost:Update () (at ./Packages/com.gamefoundation.adapter.unity/Runtime/EngineAdapter/UnityEngineHost.cs:146)

(Filename: ./Packages/com.gamefoundation.adapter.unity/Runtime/Presentation/UnityViewFactory.cs Line: 577)

[UnityViewFactory] displayId "display.map.sample_beast" 状态 "attack" 没有可用的 display.anim_set 序列帧剪辑，退化为单帧剪辑（Rig.PlayClip 仍可执行，只是视觉上不切换贴图）
UnityEngine.Debug:ExtractStackTraceNoAlloc (byte*,int,string)
UnityEngine.StackTraceUtility:ExtractStackTrace ()
UnityEngine.DebugLogHandler:Internal_Log (UnityEngine.LogType,UnityEngine.LogOption,string,UnityEngine.Object)
UnityEngine.DebugLogHandler:LogFormat (UnityEngine.LogType,UnityEngine.Object,string,object[])
UnityEngine.Logger:Log (UnityEngine.LogType,object)
UnityEngine.Debug:LogWarning (object)
Adapter.Unity.Presentation.UnityViewFactory:RegisterDefaultClips (Adapter.Unity.Presentation.UnityFrameAnimPlayer,Core.Foundation.DisplayInfo.DisplayInfo) (at ./Packages/com.gamefoundation.adapter.unity/Runtime/Presentation/UnityViewFactory.cs:577)
Adapter.Unity.Presentation.UnityViewFactory:AttachDefaultAnimation (Adapter.Unity.Presentation.UnitySpriteView,Core.Foundation.DisplayInfo.DisplayInfo,Core.Foundation.Common.Id) (at ./Packages/com.gamefoundation.adapter.unity/Runtime/Presentation/UnityViewFactory.cs:495)
Adapter.Unity.Presentation.UnityViewFactory:CreateView (Presentation.Common.ViewKind,Core.Foundation.Common.Id,Core.Foundation.Common.Id) (at ./Packages/com.gamefoundation.adapter.unity/Runtime/Presentation/UnityViewFactory.cs:380)
Presentation.ViewBinding.ViewBinder:OnEntityCreated (Core.Foundation.Common.Id,string,Core.Foundation.Common.Id)
Presentation.ViewBinding.ViewBinder:<.ctor>b__16_0 (Core.Foundation.SimLoop.EntityCreatedEvent)
Core.Foundation.EventBus.EventBus/<>c__DisplayClass9_0`1<Core.Foundation.SimLoop.EntityCreatedEvent>:<Subscribe>b__0 (Core.Foundation.EventBus.IEvent)
Core.Foundation.EventBus.EventBus/SubscriberEntry:Invoke (Core.Foundation.EventBus.IEvent)
Core.Foundation.EventBus.EventBus:DispatchOne (Core.Foundation.EventBus.IEvent)
Core.Foundation.EventBus.EventBus:DispatchPending ()
Game.Template.GameBootstrap:HandlePostLoad (Core.Foundation.Common.Id) (at D:/workespace/ws-game-unity-audit-c9ff301/copyRoot/games/_template/Runtime/GameBootstrap.cs:481)
Core.Foundation.SceneRouter.SceneRouter/<>c__DisplayClass25_0:<RegisterPostLoadHook>b__0 (Core.Foundation.HookRegistry.HookArgs)
Core.Foundation.HookRegistry.HookRegistry:Invoke (Core.Foundation.Common.Id,Core.Foundation.HookRegistry.HookArgs)
Core.Foundation.SceneRouter.SceneRouter:FinishLoading ()
Core.Foundation.SceneRouter.SceneRouter:Update ()
Presentation.Shell.ShellHost:Update ()
Game.Template.GameBootstrap:OnFrameTick (double) (at D:/workespace/ws-game-unity-audit-c9ff301/copyRoot/games/_template/Runtime/GameBootstrap.cs:525)
Adapter.Unity.EngineAdapter.UnityClock:TickFrame (double) (at ./Packages/com.gamefoundation.adapter.unity/Runtime/EngineAdapter/UnityClock.cs:94)
Adapter.Unity.EngineAdapter.UnityEngineHost:Update () (at ./Packages/com.gamefoundation.adapter.unity/Runtime/EngineAdapter/UnityEngineHost.cs:146)

(Filename: ./Packages/com.gamefoundation.adapter.unity/Runtime/Presentation/UnityViewFactory.cs Line: 577)

[UnityViewFactory] displayId "display.map.sample_beast" 状态 "cast" 没有可用的 display.anim_set 序列帧剪辑，退化为单帧剪辑（Rig.PlayClip 仍可执行，只是视觉上不切换贴图）
UnityEngine.Debug:ExtractStackTraceNoAlloc (byte*,int,string)
UnityEngine.StackTraceUtility:ExtractStackTrace ()
UnityEngine.DebugLogHandler:Internal_Log (UnityEngine.LogType,UnityEngine.LogOption,string,UnityEngine.Object)
UnityEngine.DebugLogHandler:LogFormat (UnityEngine.LogType,UnityEngine.Object,string,object[])
UnityEngine.Logger:Log (UnityEngine.LogType,object)
UnityEngine.Debug:LogWarning (object)
Adapter.Unity.Presentation.UnityViewFactory:RegisterDefaultClips (Adapter.Unity.Presentation.UnityFrameAnimPlayer,Core.Foundation.DisplayInfo.DisplayInfo) (at ./Packages/com.gamefoundation.adapter.unity/Runtime/Presentation/UnityViewFactory.cs:577)
Adapter.Unity.Presentation.UnityViewFactory:AttachDefaultAnimation (Adapter.Unity.Presentation.UnitySpriteView,Core.Foundation.DisplayInfo.DisplayInfo,Core.Foundation.Common.Id) (at ./Packages/com.gamefoundation.adapter.unity/Runtime/Presentation/UnityViewFactory.cs:495)
Adapter.Unity.Presentation.UnityViewFactory:CreateView (Presentation.Common.ViewKind,Core.Foundation.Common.Id,Core.Foundation.Common.Id) (at ./Packages/com.gamefoundation.adapter.unity/Runtime/Presentation/UnityViewFactory.cs:380)
Presentation.ViewBinding.ViewBinder:OnEntityCreated (Core.Foundation.Common.Id,string,Core.Foundation.Common.Id)
Presentation.ViewBinding.ViewBinder:<.ctor>b__16_0 (Core.Foundation.SimLoop.EntityCreatedEvent)
Core.Foundation.EventBus.EventBus/<>c__DisplayClass9_0`1<Core.Foundation.SimLoop.EntityCreatedEvent>:<Subscribe>b__0 (Core.Foundation.EventBus.IEvent)
Core.Foundation.EventBus.EventBus/SubscriberEntry:Invoke (Core.Foundation.EventBus.IEvent)
Core.Foundation.EventBus.EventBus:DispatchOne (Core.Foundation.EventBus.IEvent)
Core.Foundation.EventBus.EventBus:DispatchPending ()
Game.Template.GameBootstrap:HandlePostLoad (Core.Foundation.Common.Id) (at D:/workespace/ws-game-unity-audit-c9ff301/copyRoot/games/_template/Runtime/GameBootstrap.cs:481)
Core.Foundation.SceneRouter.SceneRouter/<>c__DisplayClass25_0:<RegisterPostLoadHook>b__0 (Core.Foundation.HookRegistry.HookArgs)
Core.Foundation.HookRegistry.HookRegistry:Invoke (Core.Foundation.Common.Id,Core.Foundation.HookRegistry.HookArgs)
Core.Foundation.SceneRouter.SceneRouter:FinishLoading ()
Core.Foundation.SceneRouter.SceneRouter:Update ()
Presentation.Shell.ShellHost:Update ()
Game.Template.GameBootstrap:OnFrameTick (double) (at D:/workespace/ws-game-unity-audit-c9ff301/copyRoot/games/_template/Runtime/GameBootstrap.cs:525)
Adapter.Unity.EngineAdapter.UnityClock:TickFrame (double) (at ./Packages/com.gamefoundation.adapter.unity/Runtime/EngineAdapter/UnityClock.cs:94)
Adapter.Unity.EngineAdapter.UnityEngineHost:Update () (at ./Packages/com.gamefoundation.adapter.unity/Runtime/EngineAdapter/UnityEngineHost.cs:146)

(Filename: ./Packages/com.gamefoundation.adapter.unity/Runtime/Presentation/UnityViewFactory.cs Line: 577)

[UnityViewFactory] displayId "display.map.sample_beast" 状态 "hit" 没有可用的 display.anim_set 序列帧剪辑，退化为单帧剪辑（Rig.PlayClip 仍可执行，只是视觉上不切换贴图）
UnityEngine.Debug:ExtractStackTraceNoAlloc (byte*,int,string)
UnityEngine.StackTraceUtility:ExtractStackTrace ()
UnityEngine.DebugLogHandler:Internal_Log (UnityEngine.LogType,UnityEngine.LogOption,string,UnityEngine.Object)
UnityEngine.DebugLogHandler:LogFormat (UnityEngine.LogType,UnityEngine.Object,string,object[])
UnityEngine.Logger:Log (UnityEngine.LogType,object)
UnityEngine.Debug:LogWarning (object)
Adapter.Unity.Presentation.UnityViewFactory:RegisterDefaultClips (Adapter.Unity.Presentation.UnityFrameAnimPlayer,Core.Foundation.DisplayInfo.DisplayInfo) (at ./Packages/com.gamefoundation.adapter.unity/Runtime/Presentation/UnityViewFactory.cs:577)
Adapter.Unity.Presentation.UnityViewFactory:AttachDefaultAnimation (Adapter.Unity.Presentation.UnitySpriteView,Core.Foundation.DisplayInfo.DisplayInfo,Core.Foundation.Common.Id) (at ./Packages/com.gamefoundation.adapter.unity/Runtime/Presentation/UnityViewFactory.cs:495)
Adapter.Unity.Presentation.UnityViewFactory:CreateView (Presentation.Common.ViewKind,Core.Foundation.Common.Id,Core.Foundation.Common.Id) (at ./Packages/com.gamefoundation.adapter.unity/Runtime/Presentation/UnityViewFactory.cs:380)
Presentation.ViewBinding.ViewBinder:OnEntityCreated (Core.Foundation.Common.Id,string,Core.Foundation.Common.Id)
Presentation.ViewBinding.ViewBinder:<.ctor>b__16_0 (Core.Foundation.SimLoop.EntityCreatedEvent)
Core.Foundation.EventBus.EventBus/<>c__DisplayClass9_0`1<Core.Foundation.SimLoop.EntityCreatedEvent>:<Subscribe>b__0 (Core.Foundation.EventBus.IEvent)
Core.Foundation.EventBus.EventBus/SubscriberEntry:Invoke (Core.Foundation.EventBus.IEvent)
Core.Foundation.EventBus.EventBus:DispatchOne (Core.Foundation.EventBus.IEvent)
Core.Foundation.EventBus.EventBus:DispatchPending ()
Game.Template.GameBootstrap:HandlePostLoad (Core.Foundation.Common.Id) (at D:/workespace/ws-game-unity-audit-c9ff301/copyRoot/games/_template/Runtime/GameBootstrap.cs:481)
Core.Foundation.SceneRouter.SceneRouter/<>c__DisplayClass25_0:<RegisterPostLoadHook>b__0 (Core.Foundation.HookRegistry.HookArgs)
Core.Foundation.HookRegistry.HookRegistry:Invoke (Core.Foundation.Common.Id,Core.Foundation.HookRegistry.HookArgs)
Core.Foundation.SceneRouter.SceneRouter:FinishLoading ()
Core.Foundation.SceneRouter.SceneRouter:Update ()
Presentation.Shell.ShellHost:Update ()
Game.Template.GameBootstrap:OnFrameTick (double) (at D:/workespace/ws-game-unity-audit-c9ff301/copyRoot/games/_template/Runtime/GameBootstrap.cs:525)
Adapter.Unity.EngineAdapter.UnityClock:TickFrame (double) (at ./Packages/com.gamefoundation.adapter.unity/Runtime/EngineAdapter/UnityClock.cs:94)
Adapter.Unity.EngineAdapter.UnityEngineHost:Update () (at ./Packages/com.gamefoundation.adapter.unity/Runtime/EngineAdapter/UnityEngineHost.cs:146)

(Filename: ./Packages/com.gamefoundation.adapter.unity/Runtime/Presentation/UnityViewFactory.cs Line: 577)

[UnityViewFactory] displayId "display.map.sample_beast" 状态 "death" 没有可用的 display.anim_set 序列帧剪辑，退化为单帧剪辑（Rig.PlayClip 仍可执行，只是视觉上不切换贴图）
UnityEngine.Debug:ExtractStackTraceNoAlloc (byte*,int,string)
UnityEngine.StackTraceUtility:ExtractStackTrace ()
UnityEngine.DebugLogHandler:Internal_Log (UnityEngine.LogType,UnityEngine.LogOption,string,UnityEngine.Object)
UnityEngine.DebugLogHandler:LogFormat (UnityEngine.LogType,UnityEngine.Object,string,object[])
UnityEngine.Logger:Log (UnityEngine.LogType,object)
UnityEngine.Debug:LogWarning (object)
Adapter.Unity.Presentation.UnityViewFactory:RegisterDefaultClips (Adapter.Unity.Presentation.UnityFrameAnimPlayer,Core.Foundation.DisplayInfo.DisplayInfo) (at ./Packages/com.gamefoundation.adapter.unity/Runtime/Presentation/UnityViewFactory.cs:577)
Adapter.Unity.Presentation.UnityViewFactory:AttachDefaultAnimation (Adapter.Unity.Presentation.UnitySpriteView,Core.Foundation.DisplayInfo.DisplayInfo,Core.Foundation.Common.Id) (at ./Packages/com.gamefoundation.adapter.unity/Runtime/Presentation/UnityViewFactory.cs:495)
Adapter.Unity.Presentation.UnityViewFactory:CreateView (Presentation.Common.ViewKind,Core.Foundation.Common.Id,Core.Foundation.Common.Id) (at ./Packages/com.gamefoundation.adapter.unity/Runtime/Presentation/UnityViewFactory.cs:380)
Presentation.ViewBinding.ViewBinder:OnEntityCreated (Core.Foundation.Common.Id,string,Core.Foundation.Common.Id)
Presentation.ViewBinding.ViewBinder:<.ctor>b__16_0 (Core.Foundation.SimLoop.EntityCreatedEvent)
Core.Foundation.EventBus.EventBus/<>c__DisplayClass9_0`1<Core.Foundation.SimLoop.EntityCreatedEvent>:<Subscribe>b__0 (Core.Foundation.EventBus.IEvent)
Core.Foundation.EventBus.EventBus/SubscriberEntry:Invoke (Core.Foundation.EventBus.IEvent)
Core.Foundation.EventBus.EventBus:DispatchOne (Core.Foundation.EventBus.IEvent)
Core.Foundation.EventBus.EventBus:DispatchPending ()
Game.Template.GameBootstrap:HandlePostLoad (Core.Foundation.Common.Id) (at D:/workespace/ws-game-unity-audit-c9ff301/copyRoot/games/_template/Runtime/GameBootstrap.cs:481)
Core.Foundation.SceneRouter.SceneRouter/<>c__DisplayClass25_0:<RegisterPostLoadHook>b__0 (Core.Foundation.HookRegistry.HookArgs)
Core.Foundation.HookRegistry.HookRegistry:Invoke (Core.Foundation.Common.Id,Core.Foundation.HookRegistry.HookArgs)
Core.Foundation.SceneRouter.SceneRouter:FinishLoading ()
Core.Foundation.SceneRouter.SceneRouter:Update ()
Presentation.Shell.ShellHost:Update ()
Game.Template.GameBootstrap:OnFrameTick (double) (at D:/workespace/ws-game-unity-audit-c9ff301/copyRoot/games/_template/Runtime/GameBootstrap.cs:525)
Adapter.Unity.EngineAdapter.UnityClock:TickFrame (double) (at ./Packages/com.gamefoundation.adapter.unity/Runtime/EngineAdapter/UnityClock.cs:94)
Adapter.Unity.EngineAdapter.UnityEngineHost:Update () (at ./Packages/com.gamefoundation.adapter.unity/Runtime/EngineAdapter/UnityEngineHost.cs:146)

(Filename: ./Packages/com.gamefoundation.adapter.unity/Runtime/Presentation/UnityViewFactory.cs Line: 577)

[UnityRenderer2D] 精灵资源未加载或不存在，使用占位方块：layer.creature_sample_beast__side_r__body
UnityEngine.Debug:ExtractStackTraceNoAlloc (byte*,int,string)
UnityEngine.StackTraceUtility:ExtractStackTrace ()
UnityEngine.DebugLogHandler:Internal_Log (UnityEngine.LogType,UnityEngine.LogOption,string,UnityEngine.Object)
UnityEngine.DebugLogHandler:LogFormat (UnityEngine.LogType,UnityEngine.Object,string,object[])
UnityEngine.Logger:Log (UnityEngine.LogType,object)
UnityEngine.Debug:LogWarning (object)
Adapter.Unity.EngineAdapter.UnityRenderer2D:ResolveSprite (Core.Foundation.Common.Id) (at ./Packages/com.gamefoundation.adapter.unity/Runtime/EngineAdapter/UnityRenderer2D.cs:493)
Adapter.Unity.EngineAdapter.UnityRenderer2D:SetLayers (Core.Foundation.EngineAdapter.SpriteHandle,System.Collections.Generic.IReadOnlyList`1<Core.Foundation.Common.Id>) (at ./Packages/com.gamefoundation.adapter.unity/Runtime/EngineAdapter/UnityRenderer2D.cs:174)
Presentation.Render.SpriteCharacterRig:ApplyLayers (System.Collections.Generic.IReadOnlyList`1<Core.Foundation.Common.Id>)
Presentation.Render.SpriteCharacterRig:ComposeAndApplyLayers (System.Collections.Generic.IReadOnlyList`1<string>,Presentation.Common.Direction,System.Func`2<Presentation.Render.SpriteLayerPlacement, Core.Foundation.Common.Id>)
Presentation.Render.SpriteViewBase:SetPaperdollLayers (System.Collections.Generic.IReadOnlyList`1<string>,Presentation.Common.Direction)
Adapter.Unity.Presentation.UnitySpriteView:SyncPose (Core.Foundation.Common.Vec2,Presentation.Common.Direction,double) (at ./Packages/com.gamefoundation.adapter.unity/Runtime/Presentation/UnitySpriteView.cs:109)
Presentation.ViewBinding.ViewBinder:SyncAll (double)
Game.Template.GameBootstrap:OnFrameTick (double) (at D:/workespace/ws-game-unity-audit-c9ff301/copyRoot/games/_template/Runtime/GameBootstrap.cs:551)
Adapter.Unity.EngineAdapter.UnityClock:TickFrame (double) (at ./Packages/com.gamefoundation.adapter.unity/Runtime/EngineAdapter/UnityClock.cs:94)
Adapter.Unity.EngineAdapter.UnityEngineHost:Update () (at ./Packages/com.gamefoundation.adapter.unity/Runtime/EngineAdapter/UnityEngineHost.cs:146)

(Filename: ./Packages/com.gamefoundation.adapter.unity/Runtime/EngineAdapter/UnityRenderer2D.cs Line: 493)

[ExistingViewEquipmentSaveLoadAudit] socket_wait expected=1;actual=1
UnityEngine.Debug:ExtractStackTraceNoAlloc (byte*,int,string)
UnityEngine.StackTraceUtility:ExtractStackTrace ()
UnityEngine.DebugLogHandler:Internal_Log (UnityEngine.LogType,UnityEngine.LogOption,string,UnityEngine.Object)
UnityEngine.DebugLogHandler:LogFormat (UnityEngine.LogType,UnityEngine.Object,string,object[])
UnityEngine.Logger:Log (UnityEngine.LogType,object)
UnityEngine.Debug:Log (object)
Game.Template.Tests.ExistingViewEquipmentSaveLoadAuditTests/<WaitForSocketCount>d__8:MoveNext () (at D:/workespace/ws-game-unity-audit-c9ff301/copyRoot/games/_template/Tests/Runtime/ExistingViewEquipmentSaveLoadAuditTests.cs:58)
UnityEngine.TestTools.TestEnumerator/<Execute>d__7:MoveNext () (at ./Library/PackageCache/com.unity.test-framework@bd7f943e9647/UnityEngine.TestRunner/NUnitExtensions/Attributes/TestEnumerator.cs:44)
UnityEngine.TestTools.EnumerableTestMethodCommand/<ExecuteEnumerableAndRecordExceptions>d__4:MoveNext () (at ./Library/PackageCache/com.unity.test-framework@bd7f943e9647/UnityEngine.TestRunner/NUnitExtensions/Commands/EnumerableTestMethodCommand.cs:79)
UnityEngine.SetupCoroutine:InvokeMoveNext (System.Collections.IEnumerator,intptr)

(Filename: D:/workespace/ws-game-unity-audit-c9ff301/copyRoot/games/_template/Tests/Runtime/ExistingViewEquipmentSaveLoadAuditTests.cs Line: 58)

[ExistingViewEquipmentSaveLoadAudit] after_equip instance=item.inst_1;equipment=1;socket=1
UnityEngine.Debug:ExtractStackTraceNoAlloc (byte*,int,string)
UnityEngine.StackTraceUtility:ExtractStackTrace ()
UnityEngine.DebugLogHandler:Internal_Log (UnityEngine.LogType,UnityEngine.LogOption,string,UnityEngine.Object)
UnityEngine.DebugLogHandler:LogFormat (UnityEngine.LogType,UnityEngine.Object,string,object[])
UnityEngine.Logger:Log (UnityEngine.LogType,object)
UnityEngine.Debug:Log (object)
Game.Template.Tests.ExistingViewEquipmentSaveLoadAuditTests/<ExistingModelView_RealEquipmentSaveA_SaveB_LoadB_StaysStale>d__11:MoveNext () (at D:/workespace/ws-game-unity-audit-c9ff301/copyRoot/games/_template/Tests/Runtime/ExistingViewEquipmentSaveLoadAuditTests.cs:164)
UnityEngine.TestTools.TestEnumerator/<Execute>d__7:MoveNext () (at ./Library/PackageCache/com.unity.test-framework@bd7f943e9647/UnityEngine.TestRunner/NUnitExtensions/Attributes/TestEnumerator.cs:44)
UnityEngine.TestTools.EnumerableTestMethodCommand/<ExecuteEnumerableAndRecordExceptions>d__4:MoveNext () (at ./Library/PackageCache/com.unity.test-framework@bd7f943e9647/UnityEngine.TestRunner/NUnitExtensions/Commands/EnumerableTestMethodCommand.cs:79)
UnityEngine.TestTools.EnumerableTestMethodCommand:AdvanceEnumerator (System.Collections.IEnumerator) (at ./Library/PackageCache/com.unity.test-framework@bd7f943e9647/UnityEngine.TestRunner/NUnitExtensions/Commands/EnumerableTestMethodCommand.cs:64)
UnityEngine.TestTools.EnumerableTestMethodCommand/<ExecuteEnumerable>d__2:MoveNext () (at ./Library/PackageCache/com.unity.test-framework@bd7f943e9647/UnityEngine.TestRunner/NUnitExtensions/Commands/EnumerableTestMethodCommand.cs:47)
UnityEngine.TestRunner.NUnitExtensions.Runner.UnityLogCheckDelegatingCommand/<ExecuteEnumerable>d__3:MoveNext () (at ./Library/PackageCache/com.unity.test-framework@bd7f943e9647/UnityEngine.TestRunner/NUnitExtensions/Runner/UnityLogCheckDelegatingCommand.cs:48)
UnityEngine.TestTools.BeforeAfterTestCommandBase`1/<ExecuteEnumerable>d__16<NUnit.Framework.ITestAction>:MoveNext () (at ./Library/PackageCache/com.unity.test-framework@bd7f943e9647/UnityEngine.TestRunner/NUnitExtensions/Commands/BeforeAfterTestCommandBase.cs:212)
UnityEngine.TestTools.BeforeAfterTestCommandBase`1/<ExecuteEnumerable>d__16<System.Reflection.MethodInfo>:MoveNext () (at ./Library/PackageCache/com.unity.test-framework@bd7f943e9647/UnityEngine.TestRunner/NUnitExtensions/Commands/BeforeAfterTestCommandBase.cs:212)
UnityEngine.TestTools.BeforeAfterTestCommandBase`1/<ExecuteEnumerable>d__16<System.Reflection.MethodInfo>:MoveNext () (at ./Library/PackageCache/com.unity.test-framework@bd7f943e9647/UnityEngine.TestRunner/NUnitExtensions/Commands/BeforeAfterTestCommandBase.cs:212)
UnityEngine.TestTools.BeforeAfterTestCommandBase`1/<ExecuteEnumerable>d__16<UnityEngine.TestTools.IOuterUnityTestAction>:MoveNext () (at ./Library/PackageCache/com.unity.test-framework@bd7f943e9647/UnityEngine.TestRunner/NUnitExtensions/Commands/BeforeAfterTestCommandBase.cs:212)
UnityEngine.TestTools.RetryCommand/<ExecuteEnumerable>d__2:MoveNext () (at ./Library/PackageCache/com.unity.test-framework@bd7f943e9647/UnityEngine.TestRunner/NUnitExtensions/Commands/RetryCommand.cs:37)
UnityEngine.TestTools.RepeatCommand/<ExecuteEnumerable>d__2:MoveNext () (at ./Library/PackageCache/com.unity.test-framework@bd7f943e9647/UnityEngine.TestRunner/NUnitExtensions/Commands/RepeatCommand.cs:36)
UnityEngine.TestTools.IgnoreTestCommand/<ExecuteEnumerable>d__3:MoveNext () (at ./Library/PackageCache/com.unity.test-framework@bd7f943e9647/UnityEngine.TestRunner/NUnitExtensions/Commands/IgnoreTestCommand.cs:42)
UnityEngine.TestTools.StrictCheckCommand/<ExecuteEnumerable>d__2:MoveNext () (at ./Library/PackageCache/com.unity.test-framework@bd7f943e9647/UnityEngine.TestRunner/NUnitExtensions/Commands/StrictCheckCommand.cs:29)
UnityEngine.TestTools.Utils.CoroutineRunner/<WrapEnumeratorForChecks>d__8:MoveNext () (at ./Library/PackageCache/com.unity.test-framework@bd7f943e9647/UnityEngine.TestRunner/Utils/CoroutineRunner.cs:58)
UnityEngine.SetupCoroutine:InvokeMoveNext (System.Collections.IEnumerator,intptr)

(Filename: D:/workespace/ws-game-unity-audit-c9ff301/copyRoot/games/_template/Tests/Runtime/ExistingViewEquipmentSaveLoadAuditTests.cs Line: 164)

[UnityRenderer2D] 精灵资源未加载或不存在，使用占位方块：layer.creature_sample_beast__back_side_r__body
UnityEngine.Debug:ExtractStackTraceNoAlloc (byte*,int,string)
UnityEngine.StackTraceUtility:ExtractStackTrace ()
UnityEngine.DebugLogHandler:Internal_Log (UnityEngine.LogType,UnityEngine.LogOption,string,UnityEngine.Object)
UnityEngine.DebugLogHandler:LogFormat (UnityEngine.LogType,UnityEngine.Object,string,object[])
UnityEngine.Logger:Log (UnityEngine.LogType,object)
UnityEngine.Debug:LogWarning (object)
Adapter.Unity.EngineAdapter.UnityRenderer2D:ResolveSprite (Core.Foundation.Common.Id) (at ./Packages/com.gamefoundation.adapter.unity/Runtime/EngineAdapter/UnityRenderer2D.cs:493)
Adapter.Unity.EngineAdapter.UnityRenderer2D:SetLayers (Core.Foundation.EngineAdapter.SpriteHandle,System.Collections.Generic.IReadOnlyList`1<Core.Foundation.Common.Id>) (at ./Packages/com.gamefoundation.adapter.unity/Runtime/EngineAdapter/UnityRenderer2D.cs:174)
Presentation.Render.SpriteCharacterRig:ApplyLayers (System.Collections.Generic.IReadOnlyList`1<Core.Foundation.Common.Id>)
Presentation.Render.SpriteCharacterRig:ComposeAndApplyLayers (System.Collections.Generic.IReadOnlyList`1<string>,Presentation.Common.Direction,System.Func`2<Presentation.Render.SpriteLayerPlacement, Core.Foundation.Common.Id>)
Presentation.Render.SpriteViewBase:SetPaperdollLayers (System.Collections.Generic.IReadOnlyList`1<string>,Presentation.Common.Direction)
Adapter.Unity.Presentation.UnitySpriteView:SyncPose (Core.Foundation.Common.Vec2,Presentation.Common.Direction,double) (at ./Packages/com.gamefoundation.adapter.unity/Runtime/Presentation/UnitySpriteView.cs:109)
Presentation.ViewBinding.ViewBinder:SyncAll (double)
Game.Template.GameBootstrap:OnFrameTick (double) (at D:/workespace/ws-game-unity-audit-c9ff301/copyRoot/games/_template/Runtime/GameBootstrap.cs:551)
Adapter.Unity.EngineAdapter.UnityClock:TickFrame (double) (at ./Packages/com.gamefoundation.adapter.unity/Runtime/EngineAdapter/UnityClock.cs:94)
Adapter.Unity.EngineAdapter.UnityEngineHost:Update () (at ./Packages/com.gamefoundation.adapter.unity/Runtime/EngineAdapter/UnityEngineHost.cs:146)

(Filename: ./Packages/com.gamefoundation.adapter.unity/Runtime/EngineAdapter/UnityRenderer2D.cs Line: 493)

[UnityRenderer2D] 精灵资源未加载或不存在，使用占位方块：layer.creature_sample_beast__front_side_r__body
UnityEngine.Debug:ExtractStackTraceNoAlloc (byte*,int,string)
UnityEngine.StackTraceUtility:ExtractStackTrace ()
UnityEngine.DebugLogHandler:Internal_Log (UnityEngine.LogType,UnityEngine.LogOption,string,UnityEngine.Object)
UnityEngine.DebugLogHandler:LogFormat (UnityEngine.LogType,UnityEngine.Object,string,object[])
UnityEngine.Logger:Log (UnityEngine.LogType,object)
UnityEngine.Debug:LogWarning (object)
Adapter.Unity.EngineAdapter.UnityRenderer2D:ResolveSprite (Core.Foundation.Common.Id) (at ./Packages/com.gamefoundation.adapter.unity/Runtime/EngineAdapter/UnityRenderer2D.cs:493)
Adapter.Unity.EngineAdapter.UnityRenderer2D:SetLayers (Core.Foundation.EngineAdapter.SpriteHandle,System.Collections.Generic.IReadOnlyList`1<Core.Foundation.Common.Id>) (at ./Packages/com.gamefoundation.adapter.unity/Runtime/EngineAdapter/UnityRenderer2D.cs:174)
Presentation.Render.SpriteCharacterRig:ApplyLayers (System.Collections.Generic.IReadOnlyList`1<Core.Foundation.Common.Id>)
Presentation.Render.SpriteCharacterRig:ComposeAndApplyLayers (System.Collections.Generic.IReadOnlyList`1<string>,Presentation.Common.Direction,System.Func`2<Presentation.Render.SpriteLayerPlacement, Core.Foundation.Common.Id>)
Presentation.Render.SpriteViewBase:SetPaperdollLayers (System.Collections.Generic.IReadOnlyList`1<string>,Presentation.Common.Direction)
Adapter.Unity.Presentation.UnitySpriteView:SyncPose (Core.Foundation.Common.Vec2,Presentation.Common.Direction,double) (at ./Packages/com.gamefoundation.adapter.unity/Runtime/Presentation/UnitySpriteView.cs:109)
Presentation.ViewBinding.ViewBinder:SyncAll (double)
Game.Template.GameBootstrap:OnFrameTick (double) (at D:/workespace/ws-game-unity-audit-c9ff301/copyRoot/games/_template/Runtime/GameBootstrap.cs:551)
Adapter.Unity.EngineAdapter.UnityClock:TickFrame (double) (at ./Packages/com.gamefoundation.adapter.unity/Runtime/EngineAdapter/UnityClock.cs:94)
Adapter.Unity.EngineAdapter.UnityEngineHost:Update () (at ./Packages/com.gamefoundation.adapter.unity/Runtime/EngineAdapter/UnityEngineHost.cs:146)

(Filename: ./Packages/com.gamefoundation.adapter.unity/Runtime/EngineAdapter/UnityRenderer2D.cs Line: 493)

[ExistingViewEquipmentSaveLoadAudit] saveA=True;saveB=True;loadB=Loaded;equipment_after_load=0;socket_childCount_before=1;socket_childCount_after=1;view_same=True;socket_same=True
UnityEngine.Debug:ExtractStackTraceNoAlloc (byte*,int,string)
UnityEngine.StackTraceUtility:ExtractStackTrace ()
UnityEngine.DebugLogHandler:Internal_Log (UnityEngine.LogType,UnityEngine.LogOption,string,UnityEngine.Object)
UnityEngine.DebugLogHandler:LogFormat (UnityEngine.LogType,UnityEngine.Object,string,object[])
UnityEngine.Logger:Log (UnityEngine.LogType,object)
UnityEngine.Debug:Log (object)
Game.Template.Tests.ExistingViewEquipmentSaveLoadAuditTests/<ExistingModelView_RealEquipmentSaveA_SaveB_LoadB_StaysStale>d__11:MoveNext () (at D:/workespace/ws-game-unity-audit-c9ff301/copyRoot/games/_template/Tests/Runtime/ExistingViewEquipmentSaveLoadAuditTests.cs:189)
UnityEngine.TestTools.TestEnumerator/<Execute>d__7:MoveNext () (at ./Library/PackageCache/com.unity.test-framework@bd7f943e9647/UnityEngine.TestRunner/NUnitExtensions/Attributes/TestEnumerator.cs:44)
UnityEngine.TestTools.EnumerableTestMethodCommand/<ExecuteEnumerableAndRecordExceptions>d__4:MoveNext () (at ./Library/PackageCache/com.unity.test-framework@bd7f943e9647/UnityEngine.TestRunner/NUnitExtensions/Commands/EnumerableTestMethodCommand.cs:79)
UnityEngine.TestTools.EnumerableTestMethodCommand:AdvanceEnumerator (System.Collections.IEnumerator) (at ./Library/PackageCache/com.unity.test-framework@bd7f943e9647/UnityEngine.TestRunner/NUnitExtensions/Commands/EnumerableTestMethodCommand.cs:64)
UnityEngine.TestTools.EnumerableTestMethodCommand/<ExecuteEnumerable>d__2:MoveNext () (at ./Library/PackageCache/com.unity.test-framework@bd7f943e9647/UnityEngine.TestRunner/NUnitExtensions/Commands/EnumerableTestMethodCommand.cs:47)
UnityEngine.TestRunner.NUnitExtensions.Runner.UnityLogCheckDelegatingCommand/<ExecuteEnumerable>d__3:MoveNext () (at ./Library/PackageCache/com.unity.test-framework@bd7f943e9647/UnityEngine.TestRunner/NUnitExtensions/Runner/UnityLogCheckDelegatingCommand.cs:48)
UnityEngine.TestTools.BeforeAfterTestCommandBase`1/<ExecuteEnumerable>d__16<NUnit.Framework.ITestAction>:MoveNext () (at ./Library/PackageCache/com.unity.test-framework@bd7f943e9647/UnityEngine.TestRunner/NUnitExtensions/Commands/BeforeAfterTestCommandBase.cs:212)
UnityEngine.TestTools.BeforeAfterTestCommandBase`1/<ExecuteEnumerable>d__16<System.Reflection.MethodInfo>:MoveNext () (at ./Library/PackageCache/com.unity.test-framework@bd7f943e9647/UnityEngine.TestRunner/NUnitExtensions/Commands/BeforeAfterTestCommandBase.cs:212)
UnityEngine.TestTools.BeforeAfterTestCommandBase`1/<ExecuteEnumerable>d__16<System.Reflection.MethodInfo>:MoveNext () (at ./Library/PackageCache/com.unity.test-framework@bd7f943e9647/UnityEngine.TestRunner/NUnitExtensions/Commands/BeforeAfterTestCommandBase.cs:212)
UnityEngine.TestTools.BeforeAfterTestCommandBase`1/<ExecuteEnumerable>d__16<UnityEngine.TestTools.IOuterUnityTestAction>:MoveNext () (at ./Library/PackageCache/com.unity.test-framework@bd7f943e9647/UnityEngine.TestRunner/NUnitExtensions/Commands/BeforeAfterTestCommandBase.cs:212)
UnityEngine.TestTools.RetryCommand/<ExecuteEnumerable>d__2:MoveNext () (at ./Library/PackageCache/com.unity.test-framework@bd7f943e9647/UnityEngine.TestRunner/NUnitExtensions/Commands/RetryCommand.cs:37)
UnityEngine.TestTools.RepeatCommand/<ExecuteEnumerable>d__2:MoveNext () (at ./Library/PackageCache/com.unity.test-framework@bd7f943e9647/UnityEngine.TestRunner/NUnitExtensions/Commands/RepeatCommand.cs:36)
UnityEngine.TestTools.IgnoreTestCommand/<ExecuteEnumerable>d__3:MoveNext () (at ./Library/PackageCache/com.unity.test-framework@bd7f943e9647/UnityEngine.TestRunner/NUnitExtensions/Commands/IgnoreTestCommand.cs:42)
UnityEngine.TestTools.StrictCheckCommand/<ExecuteEnumerable>d__2:MoveNext () (at ./Library/PackageCache/com.unity.test-framework@bd7f943e9647/UnityEngine.TestRunner/NUnitExtensions/Commands/StrictCheckCommand.cs:29)
UnityEngine.TestTools.Utils.CoroutineRunner/<WrapEnumeratorForChecks>d__8:MoveNext () (at ./Library/PackageCache/com.unity.test-framework@bd7f943e9647/UnityEngine.TestRunner/Utils/CoroutineRunner.cs:58)
UnityEngine.SetupCoroutine:InvokeMoveNext (System.Collections.IEnumerator,intptr)

(Filename: D:/workespace/ws-game-unity-audit-c9ff301/copyRoot/games/_template/Tests/Runtime/ExistingViewEquipmentSaveLoadAuditTests.cs Line: 189)

Saving results to: C:/Users/1/AppData/LocalLow/DefaultCompany/unity\TestResults.xml
Saving results to: D:\workespace\ws-game-artifacts\audit-c9ff301-resumed\architecture\落地计划\audit-c9ff301-20260909\presentation\view-equipment-filtered.xml
Unloading 17 Unused Serialized files (Serialized files now loaded: 0)
Loaded scene 'Temp/__Backupscenes/0.backup'
	Deserialize:            0.328 ms
	Integration:            97.202 ms
	Integration of assets:  0.001 ms
	Thread Wait Time:       0.008 ms
	Total Operation Time:   97.539 ms
Unloading 20 unused Assets / (3.1 KB). Loaded Objects now: 4762.
Memory consumption went from 207.1 MB to 207.1 MB.
Total: 5.690100 ms (FindLiveObjects: 0.156300 ms CreateObjectMapping: 0.044500 ms MarkObjects: 5.001900 ms  DeleteObjects: 0.486400 ms)

Executing IPostBuildCleanup for: Unity.PerformanceTesting.Editor.TestRunBuilder.
UnityEngine.Debug:ExtractStackTraceNoAlloc (byte*,int,string)
UnityEngine.StackTraceUtility:ExtractStackTrace ()
UnityEngine.DebugLogHandler:Internal_Log (UnityEngine.LogType,UnityEngine.LogOption,string,UnityEngine.Object)
UnityEngine.DebugLogHandler:LogFormat (UnityEngine.LogType,UnityEngine.Object,string,object[])
UnityEngine.Logger:Log (UnityEngine.LogType,object)
UnityEngine.Debug:Log (object)
UnityEditor.TestTools.TestRunner.TestRun.Tasks.BuildActionTaskBase`1/<ExecuteMethods>d__8<UnityEngine.TestTools.IPostBuildCleanup>:MoveNext () (at ./Library/PackageCache/com.unity.test-framework@bd7f943e9647/UnityEditor.TestRunner/TestRun/Tasks/BuildActionTaskBase.cs:48)
UnityEditor.TestTools.TestRunner.TestRun.Tasks.BuildActionTaskBase`1/<Execute>d__7<UnityEngine.TestTools.IPostBuildCleanup>:MoveNext () (at ./Library/PackageCache/com.unity.test-framework@bd7f943e9647/UnityEditor.TestRunner/TestRun/Tasks/BuildActionTaskBase.cs:34)
UnityEditor.TestTools.TestRunner.TestRun.TestJobRunner:ExecuteStep () (at ./Library/PackageCache/com.unity.test-framework@bd7f943e9647/UnityEditor.TestRunner/TestRun/TestJobRunner.cs:173)
UnityEditor.TestTools.TestRunner.TestRun.TestJobRunner:ExecuteCallback () (at ./Library/PackageCache/com.unity.test-framework@bd7f943e9647/UnityEditor.TestRunner/TestRun/TestJobRunner.cs:108)
UnityEditor.EditorApplication:Internal_CallUpdateFunctions ()

(Filename: ./Library/PackageCache/com.unity.test-framework@bd7f943e9647/UnityEditor.TestRunner/TestRun/Tasks/BuildActionTaskBase.cs Line: 48)

Unloading 0 Unused Serialized files (Serialized files now loaded: 0)
Unloading 0 unused Assets / (0 B). Loaded Objects now: 4767.
Memory consumption went from 206.2 MB to 206.2 MB.
Total: 5.467900 ms (FindLiveObjects: 0.244900 ms CreateObjectMapping: 0.076700 ms MarkObjects: 5.135600 ms  DeleteObjects: 0.008800 ms)

Refreshing native plugins compatible for Editor in 0.26 ms, found 0 plugins.
Preloading 0 native plugins for Editor in 0.00 ms.
Asset Pipeline Refresh (id=68241e29de0ae774294d96c5da58e85c): Total: 0.052 seconds - Initiated by StopAssetImportingV2(NoUpdateAssetOptions)
DisplayProgressbar: Undo
Test run completed. Exiting with code 2 (Failed). One or more tests failed.
UnityEngine.Debug:ExtractStackTraceNoAlloc (byte*,int,string)
UnityEngine.StackTraceUtility:ExtractStackTrace ()
UnityEngine.DebugLogHandler:Internal_Log (UnityEngine.LogType,UnityEngine.LogOption,string,UnityEngine.Object)
UnityEngine.DebugLogHandler:LogFormat (UnityEngine.LogType,UnityEngine.Object,string,object[])
UnityEngine.Logger:Log (UnityEngine.LogType,object)
UnityEngine.Debug:Log (object)
UnityEditor.TestTools.TestRunner.CommandLineTest.Executer:ExitApplication (UnityEditor.TestTools.TestRunner.CommandLineTest.Executer/ReturnCodes,string) (at ./Library/PackageCache/com.unity.test-framework@bd7f943e9647/UnityEditor.TestRunner/CommandLineTest/Executer.cs:81)
UnityEditor.TestTools.TestRunner.CommandLineTest.Executer:ExitIfRunIsCompleted () (at ./Library/PackageCache/com.unity.test-framework@bd7f943e9647/UnityEditor.TestRunner/CommandLineTest/Executer.cs:74)
UnityEditor.EditorApplication:Internal_CallUpdateFunctions ()

(Filename: ./Library/PackageCache/com.unity.test-framework@bd7f943e9647/UnityEditor.TestRunner/CommandLineTest/Executer.cs Line: 81)

Start importing ProjectSettings/ProjectSettings.asset using Guid(00000000000000004000000000000000) (LibraryAssetImporter) -> (artifact id: 'b48967e07bae4a45f91725b938b602c5') in 0.0039138 seconds
Refreshing native plugins compatible for Editor in 0.23 ms, found 0 plugins.
Preloading 0 native plugins for Editor in 0.00 ms.
Asset Pipeline Refresh (id=4932b24d8d071f34096e125d219992e3): Total: 0.013 seconds - Initiated by StopAssetImportingV2(NoUpdateAssetOptions)
[Physics::Module] Cleanup current backend.
[Physics::Module] Id: 0xf2b8ea05
Input System module state changed to: ShutdownInProgress.
Input System polling thread exited.
Input System module state changed to: Shutdown.
[Licensing::IpcConnector] LicenseClient-ONCE-notifications channel disconnected successfully.
[Licensing::IpcConnector] LicenseClient-ONCE channel disconnected successfully.
AcceleratorClientConnectionCallback - disconnected - :0
Cleanup mono
Checking for leaked weakptr:
  Found no leaked weakptrs.
[Package Manager] Server process was shutdown
##utp:{"type":"MemoryLeaks","version":2,"phase":"Immediate","time":1788960626198,"processId":38352,"allocatedMemory":33798947,"memoryLabels":[{"Default":14409},{"Permanent":15236},{"NewDelete":70227},{"Thread":4230344},{"Manager":51957},{"VertexData":8},{"Geometry":816},{"Texture":296},{"Shader":79381},{"Material":24},{"GfxDevice":55872},{"Animation":392},{"Audio":2664},{"Font":18570228},{"FreeType":815502},{"FontEngine":736},{"Physics":2146},{"Physics2D":16},{"Serialization":656},{"Input":14984},{"JobScheduler":33024},{"TextLib":280},{"Mono":32},{"MonoCode":64},{"ScriptingNativeRuntime":155060},{"BaseObject":1623920},{"Resource":1336},{"Renderer":3000},{"Transform":4685},{"File":12712},{"WebCam":616},{"Culling":32},{"Terrain":11394},{"Wind":24},{"STL":40},{"String":14369},{"DynamicArray":100953},{"HashMap":83660},{"Utility":2662998},{"Curl":2478},{"PoolAlloc":2152},{"AI":80},{"TypeTree":11341},{"ScriptManager":512},{"RuntimeInitializeOnLoadManager":64},{"SpriteAtlas":112},{"GI":7792},{"Director":8240},{"CloudService":432},{"WebRequest":552},{"VR":47994},{"SceneManager":504},{"Video":64},{"LazyScriptCache":32},{"Camera":17},{"Secure":2377},{"SerializationCache":1576},{"APIUpdating":10320},{"Subsystems":336},{"VirtualTexturing":57888},{"StaticSafetyDebugInfo":278528},{"Analytics":336},{"Hierarchy":608},{"CoreStats":13112},{"Identifiers":6480},{"Gui":96},{"EditorUtility":108561},{"VersionControl":4},{"Undo":947},{"AssetDatabase":4555311},{"EditorGi":328},{"UnityConnect":29232},{"Upm":1896},{"AssetCompliance":64},{"DrivenProperties":72},{"LocalIPC":210},{"ProfilerEditor":9746},{"CoreBusinessMetrics":3236},{"Licensing":1264},{"AssetReference":32},{"IPCStream":32}]}
