ws-game 1.3.0 validation command log
Date: 2026-09-08 Asia/Tokyo

BASELINE
git rev-parse HEAD -> 5c444f1dc2f3729c8a03a68f78cacc28d24c2a2f
git status --short -> empty
git log -1 --oneline -> 5c444f1 发布 1.3.0

ARCHIVE
git archive --format=tar --output=<audit>\source.tar 5c444f1dc2f3729c8a03a68f78cacc28d24c2a2f -> 0
tar -xf <audit>\source.tar -C <audit>\source -> 1 (Windows tar Invalid empty pathname on Chinese paths)
git archive --format=zip --output=<audit>\source.zip 5c444f1dc2f3729c8a03a68f78cacc28d24c2a2f -> 0
Expand-Archive <audit>\source.zip <audit>\source_zip_extract -> 1992 files

GATE
powershell -NoProfile -ExecutionPolicy Bypass -File <audit>\source_zip_extract\check.ps1 -SkipUnity -ArtifactsPath <audit>\check_artifacts -LogFile <audit>\check-skipunity.log -> 0 (20 total: 14 PASS, 6 SKIP)
dotnet build Core.sln -c Release -> 0 (0 warnings, 0 errors)
dotnet test Core.sln -c Release --no-build -> 0 (2369 passed, 0 failed, 0 skipped)
python toolchain/validate_data.py -> 0 (60 files, 59 tables, 282 records, 0 errors, 0 warnings, 1 override)
python toolchain/validate_data.py --data-root data/_framework -> 0 (5 files/tables, 124 records, 0 errors, 1 warning)
python toolchain/gen_event_constants.py --check -> 0 (90 constants)
python toolchain/gen_placeholder_assets.py --check -> 0 (92/92)
python toolchain/import_assets.py check --dataset _sample -> 0 (10 map, 3 vfx, 3 sfx, 1 world, 0 issues)
python -m pytest toolchain/tests -q -> 0 (47 passed)

RELEASE CONSUMER
powershell -NoProfile -ExecutionPolicy Bypass -File <audit>\source_zip_extract\toolchain\get_framework.ps1 -Version 1.3.0 -FromLocalDist D:\workespace\ws-game\dist\ws-game-1.3.0.zip -Target <audit>\valid_target -LockPath <audit>\valid_target.lock -> 0 (six DLL hashes match, 907 files landed)
python <valid_target>\ws-game-1.3.0\toolchain\validate_data.py --data-root <valid_target>\ws-game-1.3.0\data\_framework -> 0 (5 tables, 124 records, 0 errors, 1 warning)
dotnet run --project <valid_target>\ws-game-1.3.0\toolchain\validator -- --data-root <valid_target>\ws-game-1.3.0\data\_framework -> 0

NEGATIVE MIXED ARTIFACT
get_framework.ps1 -Version 1.3.0 -FromLocalDist <audit>\mixed_dist\ws-game-1.3.0.zip -Target <audit>\mixed_target -LockPath <audit>\mixed_target.lock -> 1 (six DLL hash mismatches; target and output lock absent)

ASSET INVENTORY
Source model/editor assets: generator present; Resources/GameFoundation files = 12.
dist/ws-game-1.3.0.zip exact model/editor/resource matches = 0.
adapter 1.3.0 tgz exact model/resource matches = 0.
framework-data 1.3.0 tgz exact model/resource matches = 0.

FINAL SOURCE SNAPSHOT
git rev-parse HEAD -> 5c444f1dc2f3729c8a03a68f78cacc28d24c2a2f
git status --short -> empty
Unity 6000.3.23f1 executable present; Unity_process_count=0; no Unity run.
