  Core.Foundation -> D:\workespace\ws-game-artifacts\audit-76d16a5-20260910\build\core\out\CoreBoundaryProbe\Core.Foundation.dll
  Core.Numbers -> D:\workespace\ws-game-artifacts\audit-76d16a5-20260910\build\core\out\CoreBoundaryProbe\Core.Numbers.dll
  Core.Rules -> D:\workespace\ws-game-artifacts\audit-76d16a5-20260910\build\core\out\CoreBoundaryProbe\Core.Rules.dll
  Core.Carriers -> D:\workespace\ws-game-artifacts\audit-76d16a5-20260910\build\core\out\CoreBoundaryProbe\Core.Carriers.dll
  Core.Gameplay -> D:\workespace\ws-game-artifacts\audit-76d16a5-20260910\build\core\out\CoreBoundaryProbe\Core.Gameplay.dll
  Presentation.Common -> D:\workespace\ws-game-artifacts\audit-76d16a5-20260910\build\core\out\CoreBoundaryProbe\Presentation.Common.dll
D:\workespace\ws-game-artifacts\audit-76d16a5-20260910\core\repro\CoreBoundaryProbe.cs(73,223): error CS1519: 类、记录、结构或接口成员声明中的标记“(”无效 [D:\workespace\ws-game-artifacts\audit-76d16a5-20260910\core\repro\CoreBoundaryProbe.csproj]
D:\workespace\ws-game-artifacts\audit-76d16a5-20260910\core\repro\CoreBoundaryProbe.cs(73,247): error CS8124: 元组必须包含至少两个元素。 [D:\workespace\ws-game-artifacts\audit-76d16a5-20260910\core\repro\CoreBoundaryProbe.csproj]
D:\workespace\ws-game-artifacts\audit-76d16a5-20260910\core\repro\CoreBoundaryProbe.cs(73,248): error CS1519: 类、记录、结构或接口成员声明中的标记“;”无效 [D:\workespace\ws-game-artifacts\audit-76d16a5-20260910\core\repro\CoreBoundaryProbe.csproj]
D:\workespace\ws-game-artifacts\audit-76d16a5-20260910\core\repro\CoreBoundaryProbe.cs(73,265): error CS1519: 类、记录、结构或接口成员声明中的标记“(”无效 [D:\workespace\ws-game-artifacts\audit-76d16a5-20260910\core\repro\CoreBoundaryProbe.csproj]
D:\workespace\ws-game-artifacts\audit-76d16a5-20260910\core\repro\CoreBoundaryProbe.cs(73,287): error CS8124: 元组必须包含至少两个元素。 [D:\workespace\ws-game-artifacts\audit-76d16a5-20260910\core\repro\CoreBoundaryProbe.csproj]
D:\workespace\ws-game-artifacts\audit-76d16a5-20260910\core\repro\CoreBoundaryProbe.cs(73,288): error CS1519: 类、记录、结构或接口成员声明中的标记“;”无效 [D:\workespace\ws-game-artifacts\audit-76d16a5-20260910\core\repro\CoreBoundaryProbe.csproj]
D:\workespace\ws-game-artifacts\audit-76d16a5-20260910\core\repro\CoreBoundaryProbe.cs(73,313): error CS1519: 类、记录、结构或接口成员声明中的标记“(”无效 [D:\workespace\ws-game-artifacts\audit-76d16a5-20260910\core\repro\CoreBoundaryProbe.csproj]
D:\workespace\ws-game-artifacts\audit-76d16a5-20260910\core\repro\CoreBoundaryProbe.cs(73,314): error CS1031: 应输入类型 [D:\workespace\ws-game-artifacts\audit-76d16a5-20260910\core\repro\CoreBoundaryProbe.csproj]
D:\workespace\ws-game-artifacts\audit-76d16a5-20260910\core\repro\CoreBoundaryProbe.cs(73,314): error CS8124: 元组必须包含至少两个元素。 [D:\workespace\ws-game-artifacts\audit-76d16a5-20260910\core\repro\CoreBoundaryProbe.csproj]
D:\workespace\ws-game-artifacts\audit-76d16a5-20260910\core\repro\CoreBoundaryProbe.cs(73,314): error CS1026: 应输入 ) [D:\workespace\ws-game-artifacts\audit-76d16a5-20260910\core\repro\CoreBoundaryProbe.csproj]
D:\workespace\ws-game-artifacts\audit-76d16a5-20260910\core\repro\CoreBoundaryProbe.cs(73,348): error CS1002: 应输入 ; [D:\workespace\ws-game-artifacts\audit-76d16a5-20260910\core\repro\CoreBoundaryProbe.csproj]
D:\workespace\ws-game-artifacts\audit-76d16a5-20260910\core\repro\CoreBoundaryProbe.cs(73,348): error CS1519: 类、记录、结构或接口成员声明中的标记“)”无效 [D:\workespace\ws-game-artifacts\audit-76d16a5-20260910\core\repro\CoreBoundaryProbe.csproj]
D:\workespace\ws-game-artifacts\audit-76d16a5-20260910\core\repro\CoreBoundaryProbe.cs(73,521): error CS1519: 类、记录、结构或接口成员声明中的标记“(”无效 [D:\workespace\ws-game-artifacts\audit-76d16a5-20260910\core\repro\CoreBoundaryProbe.csproj]
D:\workespace\ws-game-artifacts\audit-76d16a5-20260910\core\repro\CoreBoundaryProbe.cs(73,526): error CS1031: 应输入类型 [D:\workespace\ws-game-artifacts\audit-76d16a5-20260910\core\repro\CoreBoundaryProbe.csproj]
D:\workespace\ws-game-artifacts\audit-76d16a5-20260910\core\repro\CoreBoundaryProbe.cs(73,526): error CS1026: 应输入 ) [D:\workespace\ws-game-artifacts\audit-76d16a5-20260910\core\repro\CoreBoundaryProbe.csproj]
D:\workespace\ws-game-artifacts\audit-76d16a5-20260910\core\repro\CoreBoundaryProbe.cs(73,526): error CS1519: 类、记录、结构或接口成员声明中的标记“0”无效 [D:\workespace\ws-game-artifacts\audit-76d16a5-20260910\core\repro\CoreBoundaryProbe.csproj]
D:\workespace\ws-game-artifacts\audit-76d16a5-20260910\core\repro\CoreBoundaryProbe.cs(73,538): error CS1519: 类、记录、结构或接口成员声明中的标记“(”无效 [D:\workespace\ws-game-artifacts\audit-76d16a5-20260910\core\repro\CoreBoundaryProbe.csproj]
D:\workespace\ws-game-artifacts\audit-76d16a5-20260910\core\repro\CoreBoundaryProbe.cs(73,539): error CS1031: 应输入类型 [D:\workespace\ws-game-artifacts\audit-76d16a5-20260910\core\repro\CoreBoundaryProbe.csproj]
D:\workespace\ws-game-artifacts\audit-76d16a5-20260910\core\repro\CoreBoundaryProbe.cs(73,539): error CS8124: 元组必须包含至少两个元素。 [D:\workespace\ws-game-artifacts\audit-76d16a5-20260910\core\repro\CoreBoundaryProbe.csproj]
D:\workespace\ws-game-artifacts\audit-76d16a5-20260910\core\repro\CoreBoundaryProbe.cs(73,539): error CS1026: 应输入 ) [D:\workespace\ws-game-artifacts\audit-76d16a5-20260910\core\repro\CoreBoundaryProbe.csproj]
D:\workespace\ws-game-artifacts\audit-76d16a5-20260910\core\repro\CoreBoundaryProbe.cs(73,539): error CS1519: 类、记录、结构或接口成员声明中的标记“"econ.vendor"”无效 [D:\workespace\ws-game-artifacts\audit-76d16a5-20260910\core\repro\CoreBoundaryProbe.csproj]
D:\workespace\ws-game-artifacts\audit-76d16a5-20260910\core\repro\CoreBoundaryProbe.cs(73,555): error CS1001: 应输入标识符 [D:\workespace\ws-game-artifacts\audit-76d16a5-20260910\core\repro\CoreBoundaryProbe.csproj]
D:\workespace\ws-game-artifacts\audit-76d16a5-20260910\core\repro\CoreBoundaryProbe.cs(73,568): error CS1031: 应输入类型 [D:\workespace\ws-game-artifacts\audit-76d16a5-20260910\core\repro\CoreBoundaryProbe.csproj]
D:\workespace\ws-game-artifacts\audit-76d16a5-20260910\core\repro\CoreBoundaryProbe.cs(73,568): error CS1001: 应输入标识符 [D:\workespace\ws-game-artifacts\audit-76d16a5-20260910\core\repro\CoreBoundaryProbe.csproj]
D:\workespace\ws-game-artifacts\audit-76d16a5-20260910\core\repro\CoreBoundaryProbe.cs(73,575): error CS1001: 应输入标识符 [D:\workespace\ws-game-artifacts\audit-76d16a5-20260910\core\repro\CoreBoundaryProbe.csproj]
D:\workespace\ws-game-artifacts\audit-76d16a5-20260910\core\repro\CoreBoundaryProbe.cs(73,575): error CS1003: 语法错误，应输入“,” [D:\workespace\ws-game-artifacts\audit-76d16a5-20260910\core\repro\CoreBoundaryProbe.csproj]
D:\workespace\ws-game-artifacts\audit-76d16a5-20260910\core\repro\CoreBoundaryProbe.cs(73,576): error CS1031: 应输入类型 [D:\workespace\ws-game-artifacts\audit-76d16a5-20260910\core\repro\CoreBoundaryProbe.csproj]
D:\workespace\ws-game-artifacts\audit-76d16a5-20260910\core\repro\CoreBoundaryProbe.cs(73,576): error CS8124: 元组必须包含至少两个元素。 [D:\workespace\ws-game-artifacts\audit-76d16a5-20260910\core\repro\CoreBoundaryProbe.csproj]
D:\workespace\ws-game-artifacts\audit-76d16a5-20260910\core\repro\CoreBoundaryProbe.cs(73,576): error CS1026: 应输入 ) [D:\workespace\ws-game-artifacts\audit-76d16a5-20260910\core\repro\CoreBoundaryProbe.csproj]
D:\workespace\ws-game-artifacts\audit-76d16a5-20260910\core\repro\CoreBoundaryProbe.cs(73,576): error CS1001: 应输入标识符 [D:\workespace\ws-game-artifacts\audit-76d16a5-20260910\core\repro\CoreBoundaryProbe.csproj]
D:\workespace\ws-game-artifacts\audit-76d16a5-20260910\core\repro\CoreBoundaryProbe.cs(73,576): error CS1003: 语法错误，应输入“,” [D:\workespace\ws-game-artifacts\audit-76d16a5-20260910\core\repro\CoreBoundaryProbe.csproj]
D:\workespace\ws-game-artifacts\audit-76d16a5-20260910\core\repro\CoreBoundaryProbe.cs(73,584): error CS1002: 应输入 ; [D:\workespace\ws-game-artifacts\audit-76d16a5-20260910\core\repro\CoreBoundaryProbe.csproj]
D:\workespace\ws-game-artifacts\audit-76d16a5-20260910\core\repro\CoreBoundaryProbe.cs(73,584): error CS1519: 类、记录、结构或接口成员声明中的标记“)”无效 [D:\workespace\ws-game-artifacts\audit-76d16a5-20260910\core\repro\CoreBoundaryProbe.csproj]
D:\workespace\ws-game-artifacts\audit-76d16a5-20260910\core\repro\CoreBoundaryProbe.cs(73,638): error CS1519: 类、记录、结构或接口成员声明中的标记“(”无效 [D:\workespace\ws-game-artifacts\audit-76d16a5-20260910\core\repro\CoreBoundaryProbe.csproj]
D:\workespace\ws-game-artifacts\audit-76d16a5-20260910\core\repro\CoreBoundaryProbe.cs(73,639): error CS1031: 应输入类型 [D:\workespace\ws-game-artifacts\audit-76d16a5-20260910\core\repro\CoreBoundaryProbe.csproj]
D:\workespace\ws-game-artifacts\audit-76d16a5-20260910\core\repro\CoreBoundaryProbe.cs(73,639): error CS8124: 元组必须包含至少两个元素。 [D:\workespace\ws-game-artifacts\audit-76d16a5-20260910\core\repro\CoreBoundaryProbe.csproj]
D:\workespace\ws-game-artifacts\audit-76d16a5-20260910\core\repro\CoreBoundaryProbe.cs(73,639): error CS1026: 应输入 ) [D:\workespace\ws-game-artifacts\audit-76d16a5-20260910\core\repro\CoreBoundaryProbe.csproj]
D:\workespace\ws-game-artifacts\audit-76d16a5-20260910\core\repro\CoreBoundaryProbe.cs(73,680): error CS1001: 应输入标识符 [D:\workespace\ws-game-artifacts\audit-76d16a5-20260910\core\repro\CoreBoundaryProbe.csproj]
D:\workespace\ws-game-artifacts\audit-76d16a5-20260910\core\repro\CoreBoundaryProbe.cs(73,681): error CS1031: 应输入类型 [D:\workespace\ws-game-artifacts\audit-76d16a5-20260910\core\repro\CoreBoundaryProbe.csproj]
D:\workespace\ws-game-artifacts\audit-76d16a5-20260910\core\repro\CoreBoundaryProbe.cs(73,681): error CS1001: 应输入标识符 [D:\workespace\ws-game-artifacts\audit-76d16a5-20260910\core\repro\CoreBoundaryProbe.csproj]
D:\workespace\ws-game-artifacts\audit-76d16a5-20260910\core\repro\CoreBoundaryProbe.cs(73,681): error CS1003: 语法错误，应输入“,” [D:\workespace\ws-game-artifacts\audit-76d16a5-20260910\core\repro\CoreBoundaryProbe.csproj]
D:\workespace\ws-game-artifacts\audit-76d16a5-20260910\core\repro\CoreBoundaryProbe.cs(73,696): error CS1001: 应输入标识符 [D:\workespace\ws-game-artifacts\audit-76d16a5-20260910\core\repro\CoreBoundaryProbe.csproj]
D:\workespace\ws-game-artifacts\audit-76d16a5-20260910\core\repro\CoreBoundaryProbe.cs(73,712): error CS1001: 应输入标识符 [D:\workespace\ws-game-artifacts\audit-76d16a5-20260910\core\repro\CoreBoundaryProbe.csproj]
D:\workespace\ws-game-artifacts\audit-76d16a5-20260910\core\repro\CoreBoundaryProbe.cs(73,713): error CS1002: 应输入 ; [D:\workespace\ws-game-artifacts\audit-76d16a5-20260910\core\repro\CoreBoundaryProbe.csproj]
D:\workespace\ws-game-artifacts\audit-76d16a5-20260910\core\repro\CoreBoundaryProbe.cs(73,713): error CS1519: 类、记录、结构或接口成员声明中的标记“)”无效 [D:\workespace\ws-game-artifacts\audit-76d16a5-20260910\core\repro\CoreBoundaryProbe.csproj]
D:\workespace\ws-game-artifacts\audit-76d16a5-20260910\core\repro\CoreBoundaryProbe.cs(73,805): error CS1519: 类、记录、结构或接口成员声明中的标记“(”无效 [D:\workespace\ws-game-artifacts\audit-76d16a5-20260910\core\repro\CoreBoundaryProbe.csproj]
D:\workespace\ws-game-artifacts\audit-76d16a5-20260910\core\repro\CoreBoundaryProbe.cs(73,806): error CS1031: 应输入类型 [D:\workespace\ws-game-artifacts\audit-76d16a5-20260910\core\repro\CoreBoundaryProbe.csproj]
D:\workespace\ws-game-artifacts\audit-76d16a5-20260910\core\repro\CoreBoundaryProbe.cs(73,806): error CS8124: 元组必须包含至少两个元素。 [D:\workespace\ws-game-artifacts\audit-76d16a5-20260910\core\repro\CoreBoundaryProbe.csproj]
D:\workespace\ws-game-artifacts\audit-76d16a5-20260910\core\repro\CoreBoundaryProbe.cs(73,806): error CS1026: 应输入 ) [D:\workespace\ws-game-artifacts\audit-76d16a5-20260910\core\repro\CoreBoundaryProbe.csproj]
D:\workespace\ws-game-artifacts\audit-76d16a5-20260910\core\repro\CoreBoundaryProbe.cs(73,806): error CS1519: 类、记录、结构或接口成员声明中的标记“2”无效 [D:\workespace\ws-game-artifacts\audit-76d16a5-20260910\core\repro\CoreBoundaryProbe.csproj]
D:\workespace\ws-game-artifacts\audit-76d16a5-20260910\core\repro\CoreBoundaryProbe.cs(73,977): error CS1519: 类、记录、结构或接口成员声明中的标记“(”无效 [D:\workespace\ws-game-artifacts\audit-76d16a5-20260910\core\repro\CoreBoundaryProbe.csproj]
D:\workespace\ws-game-artifacts\audit-76d16a5-20260910\core\repro\CoreBoundaryProbe.cs(73,982): error CS1031: 应输入类型 [D:\workespace\ws-game-artifacts\audit-76d16a5-20260910\core\repro\CoreBoundaryProbe.csproj]
D:\workespace\ws-game-artifacts\audit-76d16a5-20260910\core\repro\CoreBoundaryProbe.cs(73,982): error CS1026: 应输入 ) [D:\workespace\ws-game-artifacts\audit-76d16a5-20260910\core\repro\CoreBoundaryProbe.csproj]
D:\workespace\ws-game-artifacts\audit-76d16a5-20260910\core\repro\CoreBoundaryProbe.cs(73,982): error CS1519: 类、记录、结构或接口成员声明中的标记“0”无效 [D:\workespace\ws-game-artifacts\audit-76d16a5-20260910\core\repro\CoreBoundaryProbe.csproj]
D:\workespace\ws-game-artifacts\audit-76d16a5-20260910\core\repro\CoreBoundaryProbe.cs(73,1033): error CS1519: 类、记录、结构或接口成员声明中的标记“(”无效 [D:\workespace\ws-game-artifacts\audit-76d16a5-20260910\core\repro\CoreBoundaryProbe.csproj]
D:\workespace\ws-game-artifacts\audit-76d16a5-20260910\core\repro\CoreBoundaryProbe.cs(73,1034): error CS1031: 应输入类型 [D:\workespace\ws-game-artifacts\audit-76d16a5-20260910\core\repro\CoreBoundaryProbe.csproj]
D:\workespace\ws-game-artifacts\audit-76d16a5-20260910\core\repro\CoreBoundaryProbe.cs(73,1034): error CS8124: 元组必须包含至少两个元素。 [D:\workespace\ws-game-artifacts\audit-76d16a5-20260910\core\repro\CoreBoundaryProbe.csproj]
D:\workespace\ws-game-artifacts\audit-76d16a5-20260910\core\repro\CoreBoundaryProbe.cs(73,1034): error CS1026: 应输入 ) [D:\workespace\ws-game-artifacts\audit-76d16a5-20260910\core\repro\CoreBoundaryProbe.csproj]
D:\workespace\ws-game-artifacts\audit-76d16a5-20260910\core\repro\CoreBoundaryProbe.cs(73,1034): error CS1519: 类、记录、结构或接口成员声明中的标记“2”无效 [D:\workespace\ws-game-artifacts\audit-76d16a5-20260910\core\repro\CoreBoundaryProbe.csproj]
D:\workespace\ws-game-artifacts\audit-76d16a5-20260910\core\repro\CoreBoundaryProbe.cs(73,1089): error CS1519: 类、记录、结构或接口成员声明中的标记“(”无效 [D:\workespace\ws-game-artifacts\audit-76d16a5-20260910\core\repro\CoreBoundaryProbe.csproj]
D:\workespace\ws-game-artifacts\audit-76d16a5-20260910\core\repro\CoreBoundaryProbe.cs(73,1090): error CS1031: 应输入类型 [D:\workespace\ws-game-artifacts\audit-76d16a5-20260910\core\repro\CoreBoundaryProbe.csproj]
D:\workespace\ws-game-artifacts\audit-76d16a5-20260910\core\repro\CoreBoundaryProbe.cs(73,1090): error CS8124: 元组必须包含至少两个元素。 [D:\workespace\ws-game-artifacts\audit-76d16a5-20260910\core\repro\CoreBoundaryProbe.csproj]
D:\workespace\ws-game-artifacts\audit-76d16a5-20260910\core\repro\CoreBoundaryProbe.cs(73,1090): error CS1026: 应输入 ) [D:\workespace\ws-game-artifacts\audit-76d16a5-20260910\core\repro\CoreBoundaryProbe.csproj]
D:\workespace\ws-game-artifacts\audit-76d16a5-20260910\core\repro\CoreBoundaryProbe.cs(73,1090): error CS1519: 类、记录、结构或接口成员声明中的标记“$"ECON-NONE-TO-TIMER;load_blocking={load.IsBlocking};reload_blocking={rr.IsBlocking};before_update={before};after_update={after};timer_before={beforeTimer};timer_after={afterTimer};fresh_before={freshBefore};fresh_after={freshAfter}"”无效 [D:\workespace\ws-game-artifacts\audit-76d16a5-20260910\core\repro\CoreBoundaryProbe.csproj]
D:\workespace\ws-game-artifacts\audit-76d16a5-20260910\core\repro\CoreBoundaryProbe.cs(73,1342): error CS1519: 类、记录、结构或接口成员声明中的标记“(”无效 [D:\workespace\ws-game-artifacts\audit-76d16a5-20260910\core\repro\CoreBoundaryProbe.csproj]
D:\workespace\ws-game-artifacts\audit-76d16a5-20260910\core\repro\CoreBoundaryProbe.cs(73,1343): error CS1031: 应输入类型 [D:\workespace\ws-game-artifacts\audit-76d16a5-20260910\core\repro\CoreBoundaryProbe.csproj]
D:\workespace\ws-game-artifacts\audit-76d16a5-20260910\core\repro\CoreBoundaryProbe.cs(73,1343): error CS8124: 元组必须包含至少两个元素。 [D:\workespace\ws-game-artifacts\audit-76d16a5-20260910\core\repro\CoreBoundaryProbe.csproj]
D:\workespace\ws-game-artifacts\audit-76d16a5-20260910\core\repro\CoreBoundaryProbe.cs(73,1343): error CS1026: 应输入 ) [D:\workespace\ws-game-artifacts\audit-76d16a5-20260910\core\repro\CoreBoundaryProbe.csproj]
D:\workespace\ws-game-artifacts\audit-76d16a5-20260910\core\repro\CoreBoundaryProbe.cs(73,1343): error CS1519: 类、记录、结构或接口成员声明中的标记“"ORACLE=when a retained stock entry adopts timer policy, Update after the timer interval must restock to the current stock limit; null timer state must be initialized on definition transition. A fresh host is the current-definition control."”无效 [D:\workespace\ws-game-artifacts\audit-76d16a5-20260910\core\repro\CoreBoundaryProbe.csproj]
D:\workespace\ws-game-artifacts\audit-76d16a5-20260910\core\repro\CoreBoundaryProbe.cs(75,223): error CS1519: 类、记录、结构或接口成员声明中的标记“(”无效 [D:\workespace\ws-game-artifacts\audit-76d16a5-20260910\core\repro\CoreBoundaryProbe.csproj]
D:\workespace\ws-game-artifacts\audit-76d16a5-20260910\core\repro\CoreBoundaryProbe.cs(75,247): error CS8124: 元组必须包含至少两个元素。 [D:\workespace\ws-game-artifacts\audit-76d16a5-20260910\core\repro\CoreBoundaryProbe.csproj]
D:\workespace\ws-game-artifacts\audit-76d16a5-20260910\core\repro\CoreBoundaryProbe.cs(75,248): error CS1519: 类、记录、结构或接口成员声明中的标记“;”无效 [D:\workespace\ws-game-artifacts\audit-76d16a5-20260910\core\repro\CoreBoundaryProbe.csproj]
D:\workespace\ws-game-artifacts\audit-76d16a5-20260910\core\repro\CoreBoundaryProbe.cs(75,265): error CS1519: 类、记录、结构或接口成员声明中的标记“(”无效 [D:\workespace\ws-game-artifacts\audit-76d16a5-20260910\core\repro\CoreBoundaryProbe.csproj]
D:\workespace\ws-game-artifacts\audit-76d16a5-20260910\core\repro\CoreBoundaryProbe.cs(75,287): error CS8124: 元组必须包含至少两个元素。 [D:\workespace\ws-game-artifacts\audit-76d16a5-20260910\core\repro\CoreBoundaryProbe.csproj]
D:\workespace\ws-game-artifacts\audit-76d16a5-20260910\core\repro\CoreBoundaryProbe.cs(75,288): error CS1519: 类、记录、结构或接口成员声明中的标记“;”无效 [D:\workespace\ws-game-artifacts\audit-76d16a5-20260910\core\repro\CoreBoundaryProbe.csproj]
D:\workespace\ws-game-artifacts\audit-76d16a5-20260910\core\repro\CoreBoundaryProbe.cs(75,313): error CS1519: 类、记录、结构或接口成员声明中的标记“(”无效 [D:\workespace\ws-game-artifacts\audit-76d16a5-20260910\core\repro\CoreBoundaryProbe.csproj]
D:\workespace\ws-game-artifacts\audit-76d16a5-20260910\core\repro\CoreBoundaryProbe.cs(75,314): error CS1031: 应输入类型 [D:\workespace\ws-game-artifacts\audit-76d16a5-20260910\core\repro\CoreBoundaryProbe.csproj]
D:\workespace\ws-game-artifacts\audit-76d16a5-20260910\core\repro\CoreBoundaryProbe.cs(75,314): error CS8124: 元组必须包含至少两个元素。 [D:\workespace\ws-game-artifacts\audit-76d16a5-20260910\core\repro\CoreBoundaryProbe.csproj]
D:\workespace\ws-game-artifacts\audit-76d16a5-20260910\core\repro\CoreBoundaryProbe.cs(75,314): error CS1026: 应输入 ) [D:\workespace\ws-game-artifacts\audit-76d16a5-20260910\core\repro\CoreBoundaryProbe.csproj]
D:\workespace\ws-game-artifacts\audit-76d16a5-20260910\core\repro\CoreBoundaryProbe.cs(75,348): error CS1002: 应输入 ; [D:\workespace\ws-game-artifacts\audit-76d16a5-20260910\core\repro\CoreBoundaryProbe.csproj]
D:\workespace\ws-game-artifacts\audit-76d16a5-20260910\core\repro\CoreBoundaryProbe.cs(75,348): error CS1519: 类、记录、结构或接口成员声明中的标记“)”无效 [D:\workespace\ws-game-artifacts\audit-76d16a5-20260910\core\repro\CoreBoundaryProbe.csproj]
D:\workespace\ws-game-artifacts\audit-76d16a5-20260910\core\repro\CoreBoundaryProbe.cs(75,521): error CS1519: 类、记录、结构或接口成员声明中的标记“(”无效 [D:\workespace\ws-game-artifacts\audit-76d16a5-20260910\core\repro\CoreBoundaryProbe.csproj]
D:\workespace\ws-game-artifacts\audit-76d16a5-20260910\core\repro\CoreBoundaryProbe.cs(75,526): error CS1031: 应输入类型 [D:\workespace\ws-game-artifacts\audit-76d16a5-20260910\core\repro\CoreBoundaryProbe.csproj]
D:\workespace\ws-game-artifacts\audit-76d16a5-20260910\core\repro\CoreBoundaryProbe.cs(75,526): error CS1026: 应输入 ) [D:\workespace\ws-game-artifacts\audit-76d16a5-20260910\core\repro\CoreBoundaryProbe.csproj]
D:\workespace\ws-game-artifacts\audit-76d16a5-20260910\core\repro\CoreBoundaryProbe.cs(75,526): error CS1519: 类、记录、结构或接口成员声明中的标记“0”无效 [D:\workespace\ws-game-artifacts\audit-76d16a5-20260910\core\repro\CoreBoundaryProbe.csproj]
D:\workespace\ws-game-artifacts\audit-76d16a5-20260910\core\repro\CoreBoundaryProbe.cs(75,538): error CS1519: 类、记录、结构或接口成员声明中的标记“(”无效 [D:\workespace\ws-game-artifacts\audit-76d16a5-20260910\core\repro\CoreBoundaryProbe.csproj]
D:\workespace\ws-game-artifacts\audit-76d16a5-20260910\core\repro\CoreBoundaryProbe.cs(75,539): error CS1031: 应输入类型 [D:\workespace\ws-game-artifacts\audit-76d16a5-20260910\core\repro\CoreBoundaryProbe.csproj]
D:\workespace\ws-game-artifacts\audit-76d16a5-20260910\core\repro\CoreBoundaryProbe.cs(75,539): error CS8124: 元组必须包含至少两个元素。 [D:\workespace\ws-game-artifacts\audit-76d16a5-20260910\core\repro\CoreBoundaryProbe.csproj]
D:\workespace\ws-game-artifacts\audit-76d16a5-20260910\core\repro\CoreBoundaryProbe.cs(75,539): error CS1026: 应输入 ) [D:\workespace\ws-game-artifacts\audit-76d16a5-20260910\core\repro\CoreBoundaryProbe.csproj]
D:\workespace\ws-game-artifacts\audit-76d16a5-20260910\core\repro\CoreBoundaryProbe.cs(75,539): error CS1519: 类、记录、结构或接口成员声明中的标记“"econ.vendor"”无效 [D:\workespace\ws-game-artifacts\audit-76d16a5-20260910\core\repro\CoreBoundaryProbe.csproj]
D:\workespace\ws-game-artifacts\audit-76d16a5-20260910\core\repro\CoreBoundaryProbe.cs(75,555): error CS1001: 应输入标识符 [D:\workespace\ws-game-artifacts\audit-76d16a5-20260910\core\repro\CoreBoundaryProbe.csproj]
D:\workespace\ws-game-artifacts\audit-76d16a5-20260910\core\repro\CoreBoundaryProbe.cs(75,568): error CS1031: 应输入类型 [D:\workespace\ws-game-artifacts\audit-76d16a5-20260910\core\repro\CoreBoundaryProbe.csproj]
D:\workespace\ws-game-artifacts\audit-76d16a5-20260910\core\repro\CoreBoundaryProbe.cs(75,568): error CS1001: 应输入标识符 [D:\workespace\ws-game-artifacts\audit-76d16a5-20260910\core\repro\CoreBoundaryProbe.csproj]
D:\workespace\ws-game-artifacts\audit-76d16a5-20260910\core\repro\CoreBoundaryProbe.cs(75,575): error CS1001: 应输入标识符 [D:\workespace\ws-game-artifacts\audit-76d16a5-20260910\core\repro\CoreBoundaryProbe.csproj]
D:\workespace\ws-game-artifacts\audit-76d16a5-20260910\core\repro\CoreBoundaryProbe.cs(75,575): error CS1003: 语法错误，应输入“,” [D:\workespace\ws-game-artifacts\audit-76d16a5-20260910\core\repro\CoreBoundaryProbe.csproj]
D:\workespace\ws-game-artifacts\audit-76d16a5-20260910\core\repro\CoreBoundaryProbe.cs(75,576): error CS1031: 应输入类型 [D:\workespace\ws-game-artifacts\audit-76d16a5-20260910\core\repro\CoreBoundaryProbe.csproj]
D:\workespace\ws-game-artifacts\audit-76d16a5-20260910\core\repro\CoreBoundaryProbe.cs(75,576): error CS8124: 元组必须包含至少两个元素。 [D:\workespace\ws-game-artifacts\audit-76d16a5-20260910\core\repro\CoreBoundaryProbe.csproj]
D:\workespace\ws-game-artifacts\audit-76d16a5-20260910\core\repro\CoreBoundaryProbe.cs(75,576): error CS1026: 应输入 ) [D:\workespace\ws-game-artifacts\audit-76d16a5-20260910\core\repro\CoreBoundaryProbe.csproj]
D:\workespace\ws-game-artifacts\audit-76d16a5-20260910\core\repro\CoreBoundaryProbe.cs(75,576): error CS1001: 应输入标识符 [D:\workespace\ws-game-artifacts\audit-76d16a5-20260910\core\repro\CoreBoundaryProbe.csproj]
D:\workespace\ws-game-artifacts\audit-76d16a5-20260910\core\repro\CoreBoundaryProbe.cs(75,576): error CS1003: 语法错误，应输入“,” [D:\workespace\ws-game-artifacts\audit-76d16a5-20260910\core\repro\CoreBoundaryProbe.csproj]
D:\workespace\ws-game-artifacts\audit-76d16a5-20260910\core\repro\CoreBoundaryProbe.cs(75,584): error CS1002: 应输入 ; [D:\workespace\ws-game-artifacts\audit-76d16a5-20260910\core\repro\CoreBoundaryProbe.csproj]
D:\workespace\ws-game-artifacts\audit-76d16a5-20260910\core\repro\CoreBoundaryProbe.cs(75,584): error CS1519: 类、记录、结构或接口成员声明中的标记“)”无效 [D:\workespace\ws-game-artifacts\audit-76d16a5-20260910\core\repro\CoreBoundaryProbe.csproj]
D:\workespace\ws-game-artifacts\audit-76d16a5-20260910\core\repro\CoreBoundaryProbe.cs(75,638): error CS1519: 类、记录、结构或接口成员声明中的标记“(”无效 [D:\workespace\ws-game-artifacts\audit-76d16a5-20260910\core\repro\CoreBoundaryProbe.csproj]
D:\workespace\ws-game-artifacts\audit-76d16a5-20260910\core\repro\CoreBoundaryProbe.cs(75,639): error CS1031: 应输入类型 [D:\workespace\ws-game-artifacts\audit-76d16a5-20260910\core\repro\CoreBoundaryProbe.csproj]
D:\workespace\ws-game-artifacts\audit-76d16a5-20260910\core\repro\CoreBoundaryProbe.cs(75,639): error CS8124: 元组必须包含至少两个元素。 [D:\workespace\ws-game-artifacts\audit-76d16a5-20260910\core\repro\CoreBoundaryProbe.csproj]
D:\workespace\ws-game-artifacts\audit-76d16a5-20260910\core\repro\CoreBoundaryProbe.cs(75,639): error CS1026: 应输入 ) [D:\workespace\ws-game-artifacts\audit-76d16a5-20260910\core\repro\CoreBoundaryProbe.csproj]
D:\workespace\ws-game-artifacts\audit-76d16a5-20260910\core\repro\CoreBoundaryProbe.cs(75,680): error CS1001: 应输入标识符 [D:\workespace\ws-game-artifacts\audit-76d16a5-20260910\core\repro\CoreBoundaryProbe.csproj]
D:\workespace\ws-game-artifacts\audit-76d16a5-20260910\core\repro\CoreBoundaryProbe.cs(75,681): error CS1031: 应输入类型 [D:\workespace\ws-game-artifacts\audit-76d16a5-20260910\core\repro\CoreBoundaryProbe.csproj]
D:\workespace\ws-game-artifacts\audit-76d16a5-20260910\core\repro\CoreBoundaryProbe.cs(75,681): error CS1001: 应输入标识符 [D:\workespace\ws-game-artifacts\audit-76d16a5-20260910\core\repro\CoreBoundaryProbe.csproj]
D:\workespace\ws-game-artifacts\audit-76d16a5-20260910\core\repro\CoreBoundaryProbe.cs(75,681): error CS1003: 语法错误，应输入“,” [D:\workespace\ws-game-artifacts\audit-76d16a5-20260910\core\repro\CoreBoundaryProbe.csproj]
D:\workespace\ws-game-artifacts\audit-76d16a5-20260910\core\repro\CoreBoundaryProbe.cs(75,696): error CS1001: 应输入标识符 [D:\workespace\ws-game-artifacts\audit-76d16a5-20260910\core\repro\CoreBoundaryProbe.csproj]
D:\workespace\ws-game-artifacts\audit-76d16a5-20260910\core\repro\CoreBoundaryProbe.cs(75,712): error CS1001: 应输入标识符 [D:\workespace\ws-game-artifacts\audit-76d16a5-20260910\core\repro\CoreBoundaryProbe.csproj]
D:\workespace\ws-game-artifacts\audit-76d16a5-20260910\core\repro\CoreBoundaryProbe.cs(75,713): error CS1002: 应输入 ; [D:\workespace\ws-game-artifacts\audit-76d16a5-20260910\core\repro\CoreBoundaryProbe.csproj]
D:\workespace\ws-game-artifacts\audit-76d16a5-20260910\core\repro\CoreBoundaryProbe.cs(75,713): error CS1519: 类、记录、结构或接口成员声明中的标记“)”无效 [D:\workespace\ws-game-artifacts\audit-76d16a5-20260910\core\repro\CoreBoundaryProbe.csproj]
D:\workespace\ws-game-artifacts\audit-76d16a5-20260910\core\repro\CoreBoundaryProbe.cs(75,756): error CS1519: 类、记录、结构或接口成员声明中的标记“(”无效 [D:\workespace\ws-game-artifacts\audit-76d16a5-20260910\core\repro\CoreBoundaryProbe.csproj]
D:\workespace\ws-game-artifacts\audit-76d16a5-20260910\core\repro\CoreBoundaryProbe.cs(75,757): error CS1031: 应输入类型 [D:\workespace\ws-game-artifacts\audit-76d16a5-20260910\core\repro\CoreBoundaryProbe.csproj]
D:\workespace\ws-game-artifacts\audit-76d16a5-20260910\core\repro\CoreBoundaryProbe.cs(75,757): error CS8124: 元组必须包含至少两个元素。 [D:\workespace\ws-game-artifacts\audit-76d16a5-20260910\core\repro\CoreBoundaryProbe.csproj]
D:\workespace\ws-game-artifacts\audit-76d16a5-20260910\core\repro\CoreBoundaryProbe.cs(75,757): error CS1026: 应输入 ) [D:\workespace\ws-game-artifacts\audit-76d16a5-20260910\core\repro\CoreBoundaryProbe.csproj]
D:\workespace\ws-game-artifacts\audit-76d16a5-20260910\core\repro\CoreBoundaryProbe.cs(75,757): error CS1519: 类、记录、结构或接口成员声明中的标记“2”无效 [D:\workespace\ws-game-artifacts\audit-76d16a5-20260910\core\repro\CoreBoundaryProbe.csproj]
D:\workespace\ws-game-artifacts\audit-76d16a5-20260910\core\repro\CoreBoundaryProbe.cs(75,914): error CS1519: 类、记录、结构或接口成员声明中的标记“(”无效 [D:\workespace\ws-game-artifacts\audit-76d16a5-20260910\core\repro\CoreBoundaryProbe.csproj]
D:\workespace\ws-game-artifacts\audit-76d16a5-20260910\core\repro\CoreBoundaryProbe.cs(75,915): error CS1031: 应输入类型 [D:\workespace\ws-game-artifacts\audit-76d16a5-20260910\core\repro\CoreBoundaryProbe.csproj]
D:\workespace\ws-game-artifacts\audit-76d16a5-20260910\core\repro\CoreBoundaryProbe.cs(75,915): error CS8124: 元组必须包含至少两个元素。 [D:\workespace\ws-game-artifacts\audit-76d16a5-20260910\core\repro\CoreBoundaryProbe.csproj]
D:\workespace\ws-game-artifacts\audit-76d16a5-20260910\core\repro\CoreBoundaryProbe.cs(75,915): error CS1026: 应输入 ) [D:\workespace\ws-game-artifacts\audit-76d16a5-20260910\core\repro\CoreBoundaryProbe.csproj]
D:\workespace\ws-game-artifacts\audit-76d16a5-20260910\core\repro\CoreBoundaryProbe.cs(75,915): error CS1519: 类、记录、结构或接口成员声明中的标记“2”无效 [D:\workespace\ws-game-artifacts\audit-76d16a5-20260910\core\repro\CoreBoundaryProbe.csproj]
D:\workespace\ws-game-artifacts\audit-76d16a5-20260910\core\repro\CoreBoundaryProbe.cs(75,970): error CS1519: 类、记录、结构或接口成员声明中的标记“(”无效 [D:\workespace\ws-game-artifacts\audit-76d16a5-20260910\core\repro\CoreBoundaryProbe.csproj]
D:\workespace\ws-game-artifacts\audit-76d16a5-20260910\core\repro\CoreBoundaryProbe.cs(75,971): error CS1031: 应输入类型 [D:\workespace\ws-game-artifacts\audit-76d16a5-20260910\core\repro\CoreBoundaryProbe.csproj]
D:\workespace\ws-game-artifacts\audit-76d16a5-20260910\core\repro\CoreBoundaryProbe.cs(75,971): error CS8124: 元组必须包含至少两个元素。 [D:\workespace\ws-game-artifacts\audit-76d16a5-20260910\core\repro\CoreBoundaryProbe.csproj]
D:\workespace\ws-game-artifacts\audit-76d16a5-20260910\core\repro\CoreBoundaryProbe.cs(75,971): error CS1026: 应输入 ) [D:\workespace\ws-game-artifacts\audit-76d16a5-20260910\core\repro\CoreBoundaryProbe.csproj]
D:\workespace\ws-game-artifacts\audit-76d16a5-20260910\core\repro\CoreBoundaryProbe.cs(75,971): error CS1519: 类、记录、结构或接口成员声明中的标记“$"ECON-NONE-TO-TIMER;load_blocking={load.IsBlocking};reload_blocking={rr.IsBlocking};before_update={before};after_update={after};fresh_before={freshBefore};fresh_after={freshAfter}"”无效 [D:\workespace\ws-game-artifacts\audit-76d16a5-20260910\core\repro\CoreBoundaryProbe.csproj]
D:\workespace\ws-game-artifacts\audit-76d16a5-20260910\core\repro\CoreBoundaryProbe.cs(75,1171): error CS1519: 类、记录、结构或接口成员声明中的标记“(”无效 [D:\workespace\ws-game-artifacts\audit-76d16a5-20260910\core\repro\CoreBoundaryProbe.csproj]
D:\workespace\ws-game-artifacts\audit-76d16a5-20260910\core\repro\CoreBoundaryProbe.cs(75,1172): error CS1031: 应输入类型 [D:\workespace\ws-game-artifacts\audit-76d16a5-20260910\core\repro\CoreBoundaryProbe.csproj]
D:\workespace\ws-game-artifacts\audit-76d16a5-20260910\core\repro\CoreBoundaryProbe.cs(75,1172): error CS8124: 元组必须包含至少两个元素。 [D:\workespace\ws-game-artifacts\audit-76d16a5-20260910\core\repro\CoreBoundaryProbe.csproj]
D:\workespace\ws-game-artifacts\audit-76d16a5-20260910\core\repro\CoreBoundaryProbe.cs(75,1172): error CS1026: 应输入 ) [D:\workespace\ws-game-artifacts\audit-76d16a5-20260910\core\repro\CoreBoundaryProbe.csproj]
D:\workespace\ws-game-artifacts\audit-76d16a5-20260910\core\repro\CoreBoundaryProbe.cs(75,1172): error CS1519: 类、记录、结构或接口成员声明中的标记“"ORACLE=when a retained stock entry adopts timer policy, Update after the timer interval must restock to the current stock limit; null timer state must be initialized on definition transition."”无效 [D:\workespace\ws-game-artifacts\audit-76d16a5-20260910\core\repro\CoreBoundaryProbe.csproj]
D:\workespace\ws-game-artifacts\audit-76d16a5-20260910\core\repro\CoreBoundaryProbe.cs(77,1): error CS1022: 应输入类型、命名空间定义或文件尾 [D:\workespace\ws-game-artifacts\audit-76d16a5-20260910\core\repro\CoreBoundaryProbe.csproj]

生成失败。

D:\workespace\ws-game-artifacts\audit-76d16a5-20260910\core\repro\CoreBoundaryProbe.cs(73,223): error CS1519: 类、记录、结构或接口成员声明中的标记“(”无效 [D:\workespace\ws-game-artifacts\audit-76d16a5-20260910\core\repro\CoreBoundaryProbe.csproj]
D:\workespace\ws-game-artifacts\audit-76d16a5-20260910\core\repro\CoreBoundaryProbe.cs(73,247): error CS8124: 元组必须包含至少两个元素。 [D:\workespace\ws-game-artifacts\audit-76d16a5-20260910\core\repro\CoreBoundaryProbe.csproj]
D:\workespace\ws-game-artifacts\audit-76d16a5-20260910\core\repro\CoreBoundaryProbe.cs(73,248): error CS1519: 类、记录、结构或接口成员声明中的标记“;”无效 [D:\workespace\ws-game-artifacts\audit-76d16a5-20260910\core\repro\CoreBoundaryProbe.csproj]
D:\workespace\ws-game-artifacts\audit-76d16a5-20260910\core\repro\CoreBoundaryProbe.cs(73,265): error CS1519: 类、记录、结构或接口成员声明中的标记“(”无效 [D:\workespace\ws-game-artifacts\audit-76d16a5-20260910\core\repro\CoreBoundaryProbe.csproj]
D:\workespace\ws-game-artifacts\audit-76d16a5-20260910\core\repro\CoreBoundaryProbe.cs(73,287): error CS8124: 元组必须包含至少两个元素。 [D:\workespace\ws-game-artifacts\audit-76d16a5-20260910\core\repro\CoreBoundaryProbe.csproj]
D:\workespace\ws-game-artifacts\audit-76d16a5-20260910\core\repro\CoreBoundaryProbe.cs(73,288): error CS1519: 类、记录、结构或接口成员声明中的标记“;”无效 [D:\workespace\ws-game-artifacts\audit-76d16a5-20260910\core\repro\CoreBoundaryProbe.csproj]
D:\workespace\ws-game-artifacts\audit-76d16a5-20260910\core\repro\CoreBoundaryProbe.cs(73,313): error CS1519: 类、记录、结构或接口成员声明中的标记“(”无效 [D:\workespace\ws-game-artifacts\audit-76d16a5-20260910\core\repro\CoreBoundaryProbe.csproj]
D:\workespace\ws-game-artifacts\audit-76d16a5-20260910\core\repro\CoreBoundaryProbe.cs(73,314): error CS1031: 应输入类型 [D:\workespace\ws-game-artifacts\audit-76d16a5-20260910\core\repro\CoreBoundaryProbe.csproj]
D:\workespace\ws-game-artifacts\audit-76d16a5-20260910\core\repro\CoreBoundaryProbe.cs(73,314): error CS8124: 元组必须包含至少两个元素。 [D:\workespace\ws-game-artifacts\audit-76d16a5-20260910\core\repro\CoreBoundaryProbe.csproj]
D:\workespace\ws-game-artifacts\audit-76d16a5-20260910\core\repro\CoreBoundaryProbe.cs(73,314): error CS1026: 应输入 ) [D:\workespace\ws-game-artifacts\audit-76d16a5-20260910\core\repro\CoreBoundaryProbe.csproj]
D:\workespace\ws-game-artifacts\audit-76d16a5-20260910\core\repro\CoreBoundaryProbe.cs(73,348): error CS1002: 应输入 ; [D:\workespace\ws-game-artifacts\audit-76d16a5-20260910\core\repro\CoreBoundaryProbe.csproj]
D:\workespace\ws-game-artifacts\audit-76d16a5-20260910\core\repro\CoreBoundaryProbe.cs(73,348): error CS1519: 类、记录、结构或接口成员声明中的标记“)”无效 [D:\workespace\ws-game-artifacts\audit-76d16a5-20260910\core\repro\CoreBoundaryProbe.csproj]
D:\workespace\ws-game-artifacts\audit-76d16a5-20260910\core\repro\CoreBoundaryProbe.cs(73,521): error CS1519: 类、记录、结构或接口成员声明中的标记“(”无效 [D:\workespace\ws-game-artifacts\audit-76d16a5-20260910\core\repro\CoreBoundaryProbe.csproj]
D:\workespace\ws-game-artifacts\audit-76d16a5-20260910\core\repro\CoreBoundaryProbe.cs(73,526): error CS1031: 应输入类型 [D:\workespace\ws-game-artifacts\audit-76d16a5-20260910\core\repro\CoreBoundaryProbe.csproj]
D:\workespace\ws-game-artifacts\audit-76d16a5-20260910\core\repro\CoreBoundaryProbe.cs(73,526): error CS1026: 应输入 ) [D:\workespace\ws-game-artifacts\audit-76d16a5-20260910\core\repro\CoreBoundaryProbe.csproj]
D:\workespace\ws-game-artifacts\audit-76d16a5-20260910\core\repro\CoreBoundaryProbe.cs(73,526): error CS1519: 类、记录、结构或接口成员声明中的标记“0”无效 [D:\workespace\ws-game-artifacts\audit-76d16a5-20260910\core\repro\CoreBoundaryProbe.csproj]
D:\workespace\ws-game-artifacts\audit-76d16a5-20260910\core\repro\CoreBoundaryProbe.cs(73,538): error CS1519: 类、记录、结构或接口成员声明中的标记“(”无效 [D:\workespace\ws-game-artifacts\audit-76d16a5-20260910\core\repro\CoreBoundaryProbe.csproj]
D:\workespace\ws-game-artifacts\audit-76d16a5-20260910\core\repro\CoreBoundaryProbe.cs(73,539): error CS1031: 应输入类型 [D:\workespace\ws-game-artifacts\audit-76d16a5-20260910\core\repro\CoreBoundaryProbe.csproj]
D:\workespace\ws-game-artifacts\audit-76d16a5-20260910\core\repro\CoreBoundaryProbe.cs(73,539): error CS8124: 元组必须包含至少两个元素。 [D:\workespace\ws-game-artifacts\audit-76d16a5-20260910\core\repro\CoreBoundaryProbe.csproj]
D:\workespace\ws-game-artifacts\audit-76d16a5-20260910\core\repro\CoreBoundaryProbe.cs(73,539): error CS1026: 应输入 ) [D:\workespace\ws-game-artifacts\audit-76d16a5-20260910\core\repro\CoreBoundaryProbe.csproj]
D:\workespace\ws-game-artifacts\audit-76d16a5-20260910\core\repro\CoreBoundaryProbe.cs(73,539): error CS1519: 类、记录、结构或接口成员声明中的标记“"econ.vendor"”无效 [D:\workespace\ws-game-artifacts\audit-76d16a5-20260910\core\repro\CoreBoundaryProbe.csproj]
D:\workespace\ws-game-artifacts\audit-76d16a5-20260910\core\repro\CoreBoundaryProbe.cs(73,555): error CS1001: 应输入标识符 [D:\workespace\ws-game-artifacts\audit-76d16a5-20260910\core\repro\CoreBoundaryProbe.csproj]
D:\workespace\ws-game-artifacts\audit-76d16a5-20260910\core\repro\CoreBoundaryProbe.cs(73,568): error CS1031: 应输入类型 [D:\workespace\ws-game-artifacts\audit-76d16a5-20260910\core\repro\CoreBoundaryProbe.csproj]
D:\workespace\ws-game-artifacts\audit-76d16a5-20260910\core\repro\CoreBoundaryProbe.cs(73,568): error CS1001: 应输入标识符 [D:\workespace\ws-game-artifacts\audit-76d16a5-20260910\core\repro\CoreBoundaryProbe.csproj]
D:\workespace\ws-game-artifacts\audit-76d16a5-20260910\core\repro\CoreBoundaryProbe.cs(73,575): error CS1001: 应输入标识符 [D:\workespace\ws-game-artifacts\audit-76d16a5-20260910\core\repro\CoreBoundaryProbe.csproj]
D:\workespace\ws-game-artifacts\audit-76d16a5-20260910\core\repro\CoreBoundaryProbe.cs(73,575): error CS1003: 语法错误，应输入“,” [D:\workespace\ws-game-artifacts\audit-76d16a5-20260910\core\repro\CoreBoundaryProbe.csproj]
D:\workespace\ws-game-artifacts\audit-76d16a5-20260910\core\repro\CoreBoundaryProbe.cs(73,576): error CS1031: 应输入类型 [D:\workespace\ws-game-artifacts\audit-76d16a5-20260910\core\repro\CoreBoundaryProbe.csproj]
D:\workespace\ws-game-artifacts\audit-76d16a5-20260910\core\repro\CoreBoundaryProbe.cs(73,576): error CS8124: 元组必须包含至少两个元素。 [D:\workespace\ws-game-artifacts\audit-76d16a5-20260910\core\repro\CoreBoundaryProbe.csproj]
D:\workespace\ws-game-artifacts\audit-76d16a5-20260910\core\repro\CoreBoundaryProbe.cs(73,576): error CS1026: 应输入 ) [D:\workespace\ws-game-artifacts\audit-76d16a5-20260910\core\repro\CoreBoundaryProbe.csproj]
D:\workespace\ws-game-artifacts\audit-76d16a5-20260910\core\repro\CoreBoundaryProbe.cs(73,576): error CS1001: 应输入标识符 [D:\workespace\ws-game-artifacts\audit-76d16a5-20260910\core\repro\CoreBoundaryProbe.csproj]
D:\workespace\ws-game-artifacts\audit-76d16a5-20260910\core\repro\CoreBoundaryProbe.cs(73,576): error CS1003: 语法错误，应输入“,” [D:\workespace\ws-game-artifacts\audit-76d16a5-20260910\core\repro\CoreBoundaryProbe.csproj]
D:\workespace\ws-game-artifacts\audit-76d16a5-20260910\core\repro\CoreBoundaryProbe.cs(73,584): error CS1002: 应输入 ; [D:\workespace\ws-game-artifacts\audit-76d16a5-20260910\core\repro\CoreBoundaryProbe.csproj]
D:\workespace\ws-game-artifacts\audit-76d16a5-20260910\core\repro\CoreBoundaryProbe.cs(73,584): error CS1519: 类、记录、结构或接口成员声明中的标记“)”无效 [D:\workespace\ws-game-artifacts\audit-76d16a5-20260910\core\repro\CoreBoundaryProbe.csproj]
D:\workespace\ws-game-artifacts\audit-76d16a5-20260910\core\repro\CoreBoundaryProbe.cs(73,638): error CS1519: 类、记录、结构或接口成员声明中的标记“(”无效 [D:\workespace\ws-game-artifacts\audit-76d16a5-20260910\core\repro\CoreBoundaryProbe.csproj]
D:\workespace\ws-game-artifacts\audit-76d16a5-20260910\core\repro\CoreBoundaryProbe.cs(73,639): error CS1031: 应输入类型 [D:\workespace\ws-game-artifacts\audit-76d16a5-20260910\core\repro\CoreBoundaryProbe.csproj]
D:\workespace\ws-game-artifacts\audit-76d16a5-20260910\core\repro\CoreBoundaryProbe.cs(73,639): error CS8124: 元组必须包含至少两个元素。 [D:\workespace\ws-game-artifacts\audit-76d16a5-20260910\core\repro\CoreBoundaryProbe.csproj]
D:\workespace\ws-game-artifacts\audit-76d16a5-20260910\core\repro\CoreBoundaryProbe.cs(73,639): error CS1026: 应输入 ) [D:\workespace\ws-game-artifacts\audit-76d16a5-20260910\core\repro\CoreBoundaryProbe.csproj]
D:\workespace\ws-game-artifacts\audit-76d16a5-20260910\core\repro\CoreBoundaryProbe.cs(73,680): error CS1001: 应输入标识符 [D:\workespace\ws-game-artifacts\audit-76d16a5-20260910\core\repro\CoreBoundaryProbe.csproj]
D:\workespace\ws-game-artifacts\audit-76d16a5-20260910\core\repro\CoreBoundaryProbe.cs(73,681): error CS1031: 应输入类型 [D:\workespace\ws-game-artifacts\audit-76d16a5-20260910\core\repro\CoreBoundaryProbe.csproj]
D:\workespace\ws-game-artifacts\audit-76d16a5-20260910\core\repro\CoreBoundaryProbe.cs(73,681): error CS1001: 应输入标识符 [D:\workespace\ws-game-artifacts\audit-76d16a5-20260910\core\repro\CoreBoundaryProbe.csproj]
D:\workespace\ws-game-artifacts\audit-76d16a5-20260910\core\repro\CoreBoundaryProbe.cs(73,681): error CS1003: 语法错误，应输入“,” [D:\workespace\ws-game-artifacts\audit-76d16a5-20260910\core\repro\CoreBoundaryProbe.csproj]
D:\workespace\ws-game-artifacts\audit-76d16a5-20260910\core\repro\CoreBoundaryProbe.cs(73,696): error CS1001: 应输入标识符 [D:\workespace\ws-game-artifacts\audit-76d16a5-20260910\core\repro\CoreBoundaryProbe.csproj]
D:\workespace\ws-game-artifacts\audit-76d16a5-20260910\core\repro\CoreBoundaryProbe.cs(73,712): error CS1001: 应输入标识符 [D:\workespace\ws-game-artifacts\audit-76d16a5-20260910\core\repro\CoreBoundaryProbe.csproj]
D:\workespace\ws-game-artifacts\audit-76d16a5-20260910\core\repro\CoreBoundaryProbe.cs(73,713): error CS1002: 应输入 ; [D:\workespace\ws-game-artifacts\audit-76d16a5-20260910\core\repro\CoreBoundaryProbe.csproj]
D:\workespace\ws-game-artifacts\audit-76d16a5-20260910\core\repro\CoreBoundaryProbe.cs(73,713): error CS1519: 类、记录、结构或接口成员声明中的标记“)”无效 [D:\workespace\ws-game-artifacts\audit-76d16a5-20260910\core\repro\CoreBoundaryProbe.csproj]
D:\workespace\ws-game-artifacts\audit-76d16a5-20260910\core\repro\CoreBoundaryProbe.cs(73,805): error CS1519: 类、记录、结构或接口成员声明中的标记“(”无效 [D:\workespace\ws-game-artifacts\audit-76d16a5-20260910\core\repro\CoreBoundaryProbe.csproj]
D:\workespace\ws-game-artifacts\audit-76d16a5-20260910\core\repro\CoreBoundaryProbe.cs(73,806): error CS1031: 应输入类型 [D:\workespace\ws-game-artifacts\audit-76d16a5-20260910\core\repro\CoreBoundaryProbe.csproj]
D:\workespace\ws-game-artifacts\audit-76d16a5-20260910\core\repro\CoreBoundaryProbe.cs(73,806): error CS8124: 元组必须包含至少两个元素。 [D:\workespace\ws-game-artifacts\audit-76d16a5-20260910\core\repro\CoreBoundaryProbe.csproj]
D:\workespace\ws-game-artifacts\audit-76d16a5-20260910\core\repro\CoreBoundaryProbe.cs(73,806): error CS1026: 应输入 ) [D:\workespace\ws-game-artifacts\audit-76d16a5-20260910\core\repro\CoreBoundaryProbe.csproj]
D:\workespace\ws-game-artifacts\audit-76d16a5-20260910\core\repro\CoreBoundaryProbe.cs(73,806): error CS1519: 类、记录、结构或接口成员声明中的标记“2”无效 [D:\workespace\ws-game-artifacts\audit-76d16a5-20260910\core\repro\CoreBoundaryProbe.csproj]
D:\workespace\ws-game-artifacts\audit-76d16a5-20260910\core\repro\CoreBoundaryProbe.cs(73,977): error CS1519: 类、记录、结构或接口成员声明中的标记“(”无效 [D:\workespace\ws-game-artifacts\audit-76d16a5-20260910\core\repro\CoreBoundaryProbe.csproj]
D:\workespace\ws-game-artifacts\audit-76d16a5-20260910\core\repro\CoreBoundaryProbe.cs(73,982): error CS1031: 应输入类型 [D:\workespace\ws-game-artifacts\audit-76d16a5-20260910\core\repro\CoreBoundaryProbe.csproj]
D:\workespace\ws-game-artifacts\audit-76d16a5-20260910\core\repro\CoreBoundaryProbe.cs(73,982): error CS1026: 应输入 ) [D:\workespace\ws-game-artifacts\audit-76d16a5-20260910\core\repro\CoreBoundaryProbe.csproj]
D:\workespace\ws-game-artifacts\audit-76d16a5-20260910\core\repro\CoreBoundaryProbe.cs(73,982): error CS1519: 类、记录、结构或接口成员声明中的标记“0”无效 [D:\workespace\ws-game-artifacts\audit-76d16a5-20260910\core\repro\CoreBoundaryProbe.csproj]
D:\workespace\ws-game-artifacts\audit-76d16a5-20260910\core\repro\CoreBoundaryProbe.cs(73,1033): error CS1519: 类、记录、结构或接口成员声明中的标记“(”无效 [D:\workespace\ws-game-artifacts\audit-76d16a5-20260910\core\repro\CoreBoundaryProbe.csproj]
D:\workespace\ws-game-artifacts\audit-76d16a5-20260910\core\repro\CoreBoundaryProbe.cs(73,1034): error CS1031: 应输入类型 [D:\workespace\ws-game-artifacts\audit-76d16a5-20260910\core\repro\CoreBoundaryProbe.csproj]
D:\workespace\ws-game-artifacts\audit-76d16a5-20260910\core\repro\CoreBoundaryProbe.cs(73,1034): error CS8124: 元组必须包含至少两个元素。 [D:\workespace\ws-game-artifacts\audit-76d16a5-20260910\core\repro\CoreBoundaryProbe.csproj]
D:\workespace\ws-game-artifacts\audit-76d16a5-20260910\core\repro\CoreBoundaryProbe.cs(73,1034): error CS1026: 应输入 ) [D:\workespace\ws-game-artifacts\audit-76d16a5-20260910\core\repro\CoreBoundaryProbe.csproj]
D:\workespace\ws-game-artifacts\audit-76d16a5-20260910\core\repro\CoreBoundaryProbe.cs(73,1034): error CS1519: 类、记录、结构或接口成员声明中的标记“2”无效 [D:\workespace\ws-game-artifacts\audit-76d16a5-20260910\core\repro\CoreBoundaryProbe.csproj]
D:\workespace\ws-game-artifacts\audit-76d16a5-20260910\core\repro\CoreBoundaryProbe.cs(73,1089): error CS1519: 类、记录、结构或接口成员声明中的标记“(”无效 [D:\workespace\ws-game-artifacts\audit-76d16a5-20260910\core\repro\CoreBoundaryProbe.csproj]
D:\workespace\ws-game-artifacts\audit-76d16a5-20260910\core\repro\CoreBoundaryProbe.cs(73,1090): error CS1031: 应输入类型 [D:\workespace\ws-game-artifacts\audit-76d16a5-20260910\core\repro\CoreBoundaryProbe.csproj]
D:\workespace\ws-game-artifacts\audit-76d16a5-20260910\core\repro\CoreBoundaryProbe.cs(73,1090): error CS8124: 元组必须包含至少两个元素。 [D:\workespace\ws-game-artifacts\audit-76d16a5-20260910\core\repro\CoreBoundaryProbe.csproj]
D:\workespace\ws-game-artifacts\audit-76d16a5-20260910\core\repro\CoreBoundaryProbe.cs(73,1090): error CS1026: 应输入 ) [D:\workespace\ws-game-artifacts\audit-76d16a5-20260910\core\repro\CoreBoundaryProbe.csproj]
D:\workespace\ws-game-artifacts\audit-76d16a5-20260910\core\repro\CoreBoundaryProbe.cs(73,1090): error CS1519: 类、记录、结构或接口成员声明中的标记“$"ECON-NONE-TO-TIMER;load_blocking={load.IsBlocking};reload_blocking={rr.IsBlocking};before_update={before};after_update={after};timer_before={beforeTimer};timer_after={afterTimer};fresh_before={freshBefore};fresh_after={freshAfter}"”无效 [D:\workespace\ws-game-artifacts\audit-76d16a5-20260910\core\repro\CoreBoundaryProbe.csproj]
D:\workespace\ws-game-artifacts\audit-76d16a5-20260910\core\repro\CoreBoundaryProbe.cs(73,1342): error CS1519: 类、记录、结构或接口成员声明中的标记“(”无效 [D:\workespace\ws-game-artifacts\audit-76d16a5-20260910\core\repro\CoreBoundaryProbe.csproj]
D:\workespace\ws-game-artifacts\audit-76d16a5-20260910\core\repro\CoreBoundaryProbe.cs(73,1343): error CS1031: 应输入类型 [D:\workespace\ws-game-artifacts\audit-76d16a5-20260910\core\repro\CoreBoundaryProbe.csproj]
D:\workespace\ws-game-artifacts\audit-76d16a5-20260910\core\repro\CoreBoundaryProbe.cs(73,1343): error CS8124: 元组必须包含至少两个元素。 [D:\workespace\ws-game-artifacts\audit-76d16a5-20260910\core\repro\CoreBoundaryProbe.csproj]
D:\workespace\ws-game-artifacts\audit-76d16a5-20260910\core\repro\CoreBoundaryProbe.cs(73,1343): error CS1026: 应输入 ) [D:\workespace\ws-game-artifacts\audit-76d16a5-20260910\core\repro\CoreBoundaryProbe.csproj]
D:\workespace\ws-game-artifacts\audit-76d16a5-20260910\core\repro\CoreBoundaryProbe.cs(73,1343): error CS1519: 类、记录、结构或接口成员声明中的标记“"ORACLE=when a retained stock entry adopts timer policy, Update after the timer interval must restock to the current stock limit; null timer state must be initialized on definition transition. A fresh host is the current-definition control."”无效 [D:\workespace\ws-game-artifacts\audit-76d16a5-20260910\core\repro\CoreBoundaryProbe.csproj]
D:\workespace\ws-game-artifacts\audit-76d16a5-20260910\core\repro\CoreBoundaryProbe.cs(75,223): error CS1519: 类、记录、结构或接口成员声明中的标记“(”无效 [D:\workespace\ws-game-artifacts\audit-76d16a5-20260910\core\repro\CoreBoundaryProbe.csproj]
D:\workespace\ws-game-artifacts\audit-76d16a5-20260910\core\repro\CoreBoundaryProbe.cs(75,247): error CS8124: 元组必须包含至少两个元素。 [D:\workespace\ws-game-artifacts\audit-76d16a5-20260910\core\repro\CoreBoundaryProbe.csproj]
D:\workespace\ws-game-artifacts\audit-76d16a5-20260910\core\repro\CoreBoundaryProbe.cs(75,248): error CS1519: 类、记录、结构或接口成员声明中的标记“;”无效 [D:\workespace\ws-game-artifacts\audit-76d16a5-20260910\core\repro\CoreBoundaryProbe.csproj]
D:\workespace\ws-game-artifacts\audit-76d16a5-20260910\core\repro\CoreBoundaryProbe.cs(75,265): error CS1519: 类、记录、结构或接口成员声明中的标记“(”无效 [D:\workespace\ws-game-artifacts\audit-76d16a5-20260910\core\repro\CoreBoundaryProbe.csproj]
D:\workespace\ws-game-artifacts\audit-76d16a5-20260910\core\repro\CoreBoundaryProbe.cs(75,287): error CS8124: 元组必须包含至少两个元素。 [D:\workespace\ws-game-artifacts\audit-76d16a5-20260910\core\repro\CoreBoundaryProbe.csproj]
D:\workespace\ws-game-artifacts\audit-76d16a5-20260910\core\repro\CoreBoundaryProbe.cs(75,288): error CS1519: 类、记录、结构或接口成员声明中的标记“;”无效 [D:\workespace\ws-game-artifacts\audit-76d16a5-20260910\core\repro\CoreBoundaryProbe.csproj]
D:\workespace\ws-game-artifacts\audit-76d16a5-20260910\core\repro\CoreBoundaryProbe.cs(75,313): error CS1519: 类、记录、结构或接口成员声明中的标记“(”无效 [D:\workespace\ws-game-artifacts\audit-76d16a5-20260910\core\repro\CoreBoundaryProbe.csproj]
D:\workespace\ws-game-artifacts\audit-76d16a5-20260910\core\repro\CoreBoundaryProbe.cs(75,314): error CS1031: 应输入类型 [D:\workespace\ws-game-artifacts\audit-76d16a5-20260910\core\repro\CoreBoundaryProbe.csproj]
D:\workespace\ws-game-artifacts\audit-76d16a5-20260910\core\repro\CoreBoundaryProbe.cs(75,314): error CS8124: 元组必须包含至少两个元素。 [D:\workespace\ws-game-artifacts\audit-76d16a5-20260910\core\repro\CoreBoundaryProbe.csproj]
D:\workespace\ws-game-artifacts\audit-76d16a5-20260910\core\repro\CoreBoundaryProbe.cs(75,314): error CS1026: 应输入 ) [D:\workespace\ws-game-artifacts\audit-76d16a5-20260910\core\repro\CoreBoundaryProbe.csproj]
D:\workespace\ws-game-artifacts\audit-76d16a5-20260910\core\repro\CoreBoundaryProbe.cs(75,348): error CS1002: 应输入 ; [D:\workespace\ws-game-artifacts\audit-76d16a5-20260910\core\repro\CoreBoundaryProbe.csproj]
D:\workespace\ws-game-artifacts\audit-76d16a5-20260910\core\repro\CoreBoundaryProbe.cs(75,348): error CS1519: 类、记录、结构或接口成员声明中的标记“)”无效 [D:\workespace\ws-game-artifacts\audit-76d16a5-20260910\core\repro\CoreBoundaryProbe.csproj]
D:\workespace\ws-game-artifacts\audit-76d16a5-20260910\core\repro\CoreBoundaryProbe.cs(75,521): error CS1519: 类、记录、结构或接口成员声明中的标记“(”无效 [D:\workespace\ws-game-artifacts\audit-76d16a5-20260910\core\repro\CoreBoundaryProbe.csproj]
D:\workespace\ws-game-artifacts\audit-76d16a5-20260910\core\repro\CoreBoundaryProbe.cs(75,526): error CS1031: 应输入类型 [D:\workespace\ws-game-artifacts\audit-76d16a5-20260910\core\repro\CoreBoundaryProbe.csproj]
D:\workespace\ws-game-artifacts\audit-76d16a5-20260910\core\repro\CoreBoundaryProbe.cs(75,526): error CS1026: 应输入 ) [D:\workespace\ws-game-artifacts\audit-76d16a5-20260910\core\repro\CoreBoundaryProbe.csproj]
D:\workespace\ws-game-artifacts\audit-76d16a5-20260910\core\repro\CoreBoundaryProbe.cs(75,526): error CS1519: 类、记录、结构或接口成员声明中的标记“0”无效 [D:\workespace\ws-game-artifacts\audit-76d16a5-20260910\core\repro\CoreBoundaryProbe.csproj]
D:\workespace\ws-game-artifacts\audit-76d16a5-20260910\core\repro\CoreBoundaryProbe.cs(75,538): error CS1519: 类、记录、结构或接口成员声明中的标记“(”无效 [D:\workespace\ws-game-artifacts\audit-76d16a5-20260910\core\repro\CoreBoundaryProbe.csproj]
D:\workespace\ws-game-artifacts\audit-76d16a5-20260910\core\repro\CoreBoundaryProbe.cs(75,539): error CS1031: 应输入类型 [D:\workespace\ws-game-artifacts\audit-76d16a5-20260910\core\repro\CoreBoundaryProbe.csproj]
D:\workespace\ws-game-artifacts\audit-76d16a5-20260910\core\repro\CoreBoundaryProbe.cs(75,539): error CS8124: 元组必须包含至少两个元素。 [D:\workespace\ws-game-artifacts\audit-76d16a5-20260910\core\repro\CoreBoundaryProbe.csproj]
D:\workespace\ws-game-artifacts\audit-76d16a5-20260910\core\repro\CoreBoundaryProbe.cs(75,539): error CS1026: 应输入 ) [D:\workespace\ws-game-artifacts\audit-76d16a5-20260910\core\repro\CoreBoundaryProbe.csproj]
D:\workespace\ws-game-artifacts\audit-76d16a5-20260910\core\repro\CoreBoundaryProbe.cs(75,539): error CS1519: 类、记录、结构或接口成员声明中的标记“"econ.vendor"”无效 [D:\workespace\ws-game-artifacts\audit-76d16a5-20260910\core\repro\CoreBoundaryProbe.csproj]
D:\workespace\ws-game-artifacts\audit-76d16a5-20260910\core\repro\CoreBoundaryProbe.cs(75,555): error CS1001: 应输入标识符 [D:\workespace\ws-game-artifacts\audit-76d16a5-20260910\core\repro\CoreBoundaryProbe.csproj]
D:\workespace\ws-game-artifacts\audit-76d16a5-20260910\core\repro\CoreBoundaryProbe.cs(75,568): error CS1031: 应输入类型 [D:\workespace\ws-game-artifacts\audit-76d16a5-20260910\core\repro\CoreBoundaryProbe.csproj]
D:\workespace\ws-game-artifacts\audit-76d16a5-20260910\core\repro\CoreBoundaryProbe.cs(75,568): error CS1001: 应输入标识符 [D:\workespace\ws-game-artifacts\audit-76d16a5-20260910\core\repro\CoreBoundaryProbe.csproj]
D:\workespace\ws-game-artifacts\audit-76d16a5-20260910\core\repro\CoreBoundaryProbe.cs(75,575): error CS1001: 应输入标识符 [D:\workespace\ws-game-artifacts\audit-76d16a5-20260910\core\repro\CoreBoundaryProbe.csproj]
D:\workespace\ws-game-artifacts\audit-76d16a5-20260910\core\repro\CoreBoundaryProbe.cs(75,575): error CS1003: 语法错误，应输入“,” [D:\workespace\ws-game-artifacts\audit-76d16a5-20260910\core\repro\CoreBoundaryProbe.csproj]
D:\workespace\ws-game-artifacts\audit-76d16a5-20260910\core\repro\CoreBoundaryProbe.cs(75,576): error CS1031: 应输入类型 [D:\workespace\ws-game-artifacts\audit-76d16a5-20260910\core\repro\CoreBoundaryProbe.csproj]
D:\workespace\ws-game-artifacts\audit-76d16a5-20260910\core\repro\CoreBoundaryProbe.cs(75,576): error CS8124: 元组必须包含至少两个元素。 [D:\workespace\ws-game-artifacts\audit-76d16a5-20260910\core\repro\CoreBoundaryProbe.csproj]
D:\workespace\ws-game-artifacts\audit-76d16a5-20260910\core\repro\CoreBoundaryProbe.cs(75,576): error CS1026: 应输入 ) [D:\workespace\ws-game-artifacts\audit-76d16a5-20260910\core\repro\CoreBoundaryProbe.csproj]
D:\workespace\ws-game-artifacts\audit-76d16a5-20260910\core\repro\CoreBoundaryProbe.cs(75,576): error CS1001: 应输入标识符 [D:\workespace\ws-game-artifacts\audit-76d16a5-20260910\core\repro\CoreBoundaryProbe.csproj]
D:\workespace\ws-game-artifacts\audit-76d16a5-20260910\core\repro\CoreBoundaryProbe.cs(75,576): error CS1003: 语法错误，应输入“,” [D:\workespace\ws-game-artifacts\audit-76d16a5-20260910\core\repro\CoreBoundaryProbe.csproj]
D:\workespace\ws-game-artifacts\audit-76d16a5-20260910\core\repro\CoreBoundaryProbe.cs(75,584): error CS1002: 应输入 ; [D:\workespace\ws-game-artifacts\audit-76d16a5-20260910\core\repro\CoreBoundaryProbe.csproj]
D:\workespace\ws-game-artifacts\audit-76d16a5-20260910\core\repro\CoreBoundaryProbe.cs(75,584): error CS1519: 类、记录、结构或接口成员声明中的标记“)”无效 [D:\workespace\ws-game-artifacts\audit-76d16a5-20260910\core\repro\CoreBoundaryProbe.csproj]
D:\workespace\ws-game-artifacts\audit-76d16a5-20260910\core\repro\CoreBoundaryProbe.cs(75,638): error CS1519: 类、记录、结构或接口成员声明中的标记“(”无效 [D:\workespace\ws-game-artifacts\audit-76d16a5-20260910\core\repro\CoreBoundaryProbe.csproj]
D:\workespace\ws-game-artifacts\audit-76d16a5-20260910\core\repro\CoreBoundaryProbe.cs(75,639): error CS1031: 应输入类型 [D:\workespace\ws-game-artifacts\audit-76d16a5-20260910\core\repro\CoreBoundaryProbe.csproj]
D:\workespace\ws-game-artifacts\audit-76d16a5-20260910\core\repro\CoreBoundaryProbe.cs(75,639): error CS8124: 元组必须包含至少两个元素。 [D:\workespace\ws-game-artifacts\audit-76d16a5-20260910\core\repro\CoreBoundaryProbe.csproj]
D:\workespace\ws-game-artifacts\audit-76d16a5-20260910\core\repro\CoreBoundaryProbe.cs(75,639): error CS1026: 应输入 ) [D:\workespace\ws-game-artifacts\audit-76d16a5-20260910\core\repro\CoreBoundaryProbe.csproj]
D:\workespace\ws-game-artifacts\audit-76d16a5-20260910\core\repro\CoreBoundaryProbe.cs(75,680): error CS1001: 应输入标识符 [D:\workespace\ws-game-artifacts\audit-76d16a5-20260910\core\repro\CoreBoundaryProbe.csproj]
D:\workespace\ws-game-artifacts\audit-76d16a5-20260910\core\repro\CoreBoundaryProbe.cs(75,681): error CS1031: 应输入类型 [D:\workespace\ws-game-artifacts\audit-76d16a5-20260910\core\repro\CoreBoundaryProbe.csproj]
D:\workespace\ws-game-artifacts\audit-76d16a5-20260910\core\repro\CoreBoundaryProbe.cs(75,681): error CS1001: 应输入标识符 [D:\workespace\ws-game-artifacts\audit-76d16a5-20260910\core\repro\CoreBoundaryProbe.csproj]
D:\workespace\ws-game-artifacts\audit-76d16a5-20260910\core\repro\CoreBoundaryProbe.cs(75,681): error CS1003: 语法错误，应输入“,” [D:\workespace\ws-game-artifacts\audit-76d16a5-20260910\core\repro\CoreBoundaryProbe.csproj]
D:\workespace\ws-game-artifacts\audit-76d16a5-20260910\core\repro\CoreBoundaryProbe.cs(75,696): error CS1001: 应输入标识符 [D:\workespace\ws-game-artifacts\audit-76d16a5-20260910\core\repro\CoreBoundaryProbe.csproj]
D:\workespace\ws-game-artifacts\audit-76d16a5-20260910\core\repro\CoreBoundaryProbe.cs(75,712): error CS1001: 应输入标识符 [D:\workespace\ws-game-artifacts\audit-76d16a5-20260910\core\repro\CoreBoundaryProbe.csproj]
D:\workespace\ws-game-artifacts\audit-76d16a5-20260910\core\repro\CoreBoundaryProbe.cs(75,713): error CS1002: 应输入 ; [D:\workespace\ws-game-artifacts\audit-76d16a5-20260910\core\repro\CoreBoundaryProbe.csproj]
D:\workespace\ws-game-artifacts\audit-76d16a5-20260910\core\repro\CoreBoundaryProbe.cs(75,713): error CS1519: 类、记录、结构或接口成员声明中的标记“)”无效 [D:\workespace\ws-game-artifacts\audit-76d16a5-20260910\core\repro\CoreBoundaryProbe.csproj]
D:\workespace\ws-game-artifacts\audit-76d16a5-20260910\core\repro\CoreBoundaryProbe.cs(75,756): error CS1519: 类、记录、结构或接口成员声明中的标记“(”无效 [D:\workespace\ws-game-artifacts\audit-76d16a5-20260910\core\repro\CoreBoundaryProbe.csproj]
D:\workespace\ws-game-artifacts\audit-76d16a5-20260910\core\repro\CoreBoundaryProbe.cs(75,757): error CS1031: 应输入类型 [D:\workespace\ws-game-artifacts\audit-76d16a5-20260910\core\repro\CoreBoundaryProbe.csproj]
D:\workespace\ws-game-artifacts\audit-76d16a5-20260910\core\repro\CoreBoundaryProbe.cs(75,757): error CS8124: 元组必须包含至少两个元素。 [D:\workespace\ws-game-artifacts\audit-76d16a5-20260910\core\repro\CoreBoundaryProbe.csproj]
D:\workespace\ws-game-artifacts\audit-76d16a5-20260910\core\repro\CoreBoundaryProbe.cs(75,757): error CS1026: 应输入 ) [D:\workespace\ws-game-artifacts\audit-76d16a5-20260910\core\repro\CoreBoundaryProbe.csproj]
D:\workespace\ws-game-artifacts\audit-76d16a5-20260910\core\repro\CoreBoundaryProbe.cs(75,757): error CS1519: 类、记录、结构或接口成员声明中的标记“2”无效 [D:\workespace\ws-game-artifacts\audit-76d16a5-20260910\core\repro\CoreBoundaryProbe.csproj]
D:\workespace\ws-game-artifacts\audit-76d16a5-20260910\core\repro\CoreBoundaryProbe.cs(75,914): error CS1519: 类、记录、结构或接口成员声明中的标记“(”无效 [D:\workespace\ws-game-artifacts\audit-76d16a5-20260910\core\repro\CoreBoundaryProbe.csproj]
D:\workespace\ws-game-artifacts\audit-76d16a5-20260910\core\repro\CoreBoundaryProbe.cs(75,915): error CS1031: 应输入类型 [D:\workespace\ws-game-artifacts\audit-76d16a5-20260910\core\repro\CoreBoundaryProbe.csproj]
D:\workespace\ws-game-artifacts\audit-76d16a5-20260910\core\repro\CoreBoundaryProbe.cs(75,915): error CS8124: 元组必须包含至少两个元素。 [D:\workespace\ws-game-artifacts\audit-76d16a5-20260910\core\repro\CoreBoundaryProbe.csproj]
D:\workespace\ws-game-artifacts\audit-76d16a5-20260910\core\repro\CoreBoundaryProbe.cs(75,915): error CS1026: 应输入 ) [D:\workespace\ws-game-artifacts\audit-76d16a5-20260910\core\repro\CoreBoundaryProbe.csproj]
D:\workespace\ws-game-artifacts\audit-76d16a5-20260910\core\repro\CoreBoundaryProbe.cs(75,915): error CS1519: 类、记录、结构或接口成员声明中的标记“2”无效 [D:\workespace\ws-game-artifacts\audit-76d16a5-20260910\core\repro\CoreBoundaryProbe.csproj]
D:\workespace\ws-game-artifacts\audit-76d16a5-20260910\core\repro\CoreBoundaryProbe.cs(75,970): error CS1519: 类、记录、结构或接口成员声明中的标记“(”无效 [D:\workespace\ws-game-artifacts\audit-76d16a5-20260910\core\repro\CoreBoundaryProbe.csproj]
D:\workespace\ws-game-artifacts\audit-76d16a5-20260910\core\repro\CoreBoundaryProbe.cs(75,971): error CS1031: 应输入类型 [D:\workespace\ws-game-artifacts\audit-76d16a5-20260910\core\repro\CoreBoundaryProbe.csproj]
D:\workespace\ws-game-artifacts\audit-76d16a5-20260910\core\repro\CoreBoundaryProbe.cs(75,971): error CS8124: 元组必须包含至少两个元素。 [D:\workespace\ws-game-artifacts\audit-76d16a5-20260910\core\repro\CoreBoundaryProbe.csproj]
D:\workespace\ws-game-artifacts\audit-76d16a5-20260910\core\repro\CoreBoundaryProbe.cs(75,971): error CS1026: 应输入 ) [D:\workespace\ws-game-artifacts\audit-76d16a5-20260910\core\repro\CoreBoundaryProbe.csproj]
D:\workespace\ws-game-artifacts\audit-76d16a5-20260910\core\repro\CoreBoundaryProbe.cs(75,971): error CS1519: 类、记录、结构或接口成员声明中的标记“$"ECON-NONE-TO-TIMER;load_blocking={load.IsBlocking};reload_blocking={rr.IsBlocking};before_update={before};after_update={after};fresh_before={freshBefore};fresh_after={freshAfter}"”无效 [D:\workespace\ws-game-artifacts\audit-76d16a5-20260910\core\repro\CoreBoundaryProbe.csproj]
D:\workespace\ws-game-artifacts\audit-76d16a5-20260910\core\repro\CoreBoundaryProbe.cs(75,1171): error CS1519: 类、记录、结构或接口成员声明中的标记“(”无效 [D:\workespace\ws-game-artifacts\audit-76d16a5-20260910\core\repro\CoreBoundaryProbe.csproj]
D:\workespace\ws-game-artifacts\audit-76d16a5-20260910\core\repro\CoreBoundaryProbe.cs(75,1172): error CS1031: 应输入类型 [D:\workespace\ws-game-artifacts\audit-76d16a5-20260910\core\repro\CoreBoundaryProbe.csproj]
D:\workespace\ws-game-artifacts\audit-76d16a5-20260910\core\repro\CoreBoundaryProbe.cs(75,1172): error CS8124: 元组必须包含至少两个元素。 [D:\workespace\ws-game-artifacts\audit-76d16a5-20260910\core\repro\CoreBoundaryProbe.csproj]
D:\workespace\ws-game-artifacts\audit-76d16a5-20260910\core\repro\CoreBoundaryProbe.cs(75,1172): error CS1026: 应输入 ) [D:\workespace\ws-game-artifacts\audit-76d16a5-20260910\core\repro\CoreBoundaryProbe.csproj]
D:\workespace\ws-game-artifacts\audit-76d16a5-20260910\core\repro\CoreBoundaryProbe.cs(75,1172): error CS1519: 类、记录、结构或接口成员声明中的标记“"ORACLE=when a retained stock entry adopts timer policy, Update after the timer interval must restock to the current stock limit; null timer state must be initialized on definition transition."”无效 [D:\workespace\ws-game-artifacts\audit-76d16a5-20260910\core\repro\CoreBoundaryProbe.csproj]
D:\workespace\ws-game-artifacts\audit-76d16a5-20260910\core\repro\CoreBoundaryProbe.cs(77,1): error CS1022: 应输入类型、命名空间定义或文件尾 [D:\workespace\ws-game-artifacts\audit-76d16a5-20260910\core\repro\CoreBoundaryProbe.csproj]
    0 个警告
    135 个错误

已用时间 00:00:02.31
