  正在确定要还原的项目…
  已还原 D:\workespace\ws-game-artifacts\audit-76d16a5-20260910\core\repro\GobjLockBoundaryProbe.csproj (用时 61 毫秒)。
  6 个项目(共 7 个)是最新的，无法还原。
  Core.Foundation -> D:\workespace\ws-game-artifacts\audit-76d16a5-20260910\build\core\out\GobjLockBoundaryProbe\Core.Foundation.dll
  Core.Numbers -> D:\workespace\ws-game-artifacts\audit-76d16a5-20260910\build\core\out\GobjLockBoundaryProbe\Core.Numbers.dll
  Core.Rules -> D:\workespace\ws-game-artifacts\audit-76d16a5-20260910\build\core\out\GobjLockBoundaryProbe\Core.Rules.dll
  Core.Carriers -> D:\workespace\ws-game-artifacts\audit-76d16a5-20260910\build\core\out\GobjLockBoundaryProbe\Core.Carriers.dll
  Core.Gameplay -> D:\workespace\ws-game-artifacts\audit-76d16a5-20260910\build\core\out\GobjLockBoundaryProbe\Core.Gameplay.dll
  Presentation.Common -> D:\workespace\ws-game-artifacts\audit-76d16a5-20260910\build\core\out\GobjLockBoundaryProbe\Presentation.Common.dll
  GobjLockBoundaryProbe -> D:\workespace\ws-game-artifacts\audit-76d16a5-20260910\build\core\out\GobjLockBoundaryProbe\GobjLockBoundaryProbe.dll

已成功生成。
    0 个警告
    0 个错误

已用时间 00:00:03.71
formal_blocking=True;formal_issue_count=1;formal_error_count=1;formal_warning_count=0;issues=[Error] gobj_lock_world_flag_expected gobj.lock[gobj.lock.audit].requirement: requirement.kind="world_flag" 要求字段 "expected" 必填，但缺失
carriers_blocking=True;carriers_issue_count=1;carriers_error_count=1;carriers_warning_count=0
lockdef_parse=blocked;type=InvalidOperationException;message=数据校验未通过，禁止读取
positive_expected_formal_blocking=False;positive_expected_error_count=0;positive_carriers_error_count=0;positive_lockdef_kind=WorldFlag
ORACLE-CURRENT=world_flag requirement requires flag_key and expected; missing expected is rejected by formal validation before runtime parsing, while expected=true is valid.
INTERPRETATION-CURRENT=1.14 formal validation blocks the missing expected variant, so registry reads are correctly blocked; the positive fixture confirms both formal acceptance and LockDef parsing. Process exit 0 is not semantic proof.
  正在确定要还原的项目…
  已还原 D:\workespace\ws-game-artifacts\audit-76d16a5-20260910\core\repro\QuestWorldFlagValueBoundaryProbe.csproj (用时 78 毫秒)。
  6 个项目(共 7 个)是最新的，无法还原。
  Core.Foundation -> D:\workespace\ws-game-artifacts\audit-76d16a5-20260910\build\core\out\QuestWorldFlagValueBoundaryProbe\Core.Foundation.dll
  Core.Numbers -> D:\workespace\ws-game-artifacts\audit-76d16a5-20260910\build\core\out\QuestWorldFlagValueBoundaryProbe\Core.Numbers.dll
  Core.Rules -> D:\workespace\ws-game-artifacts\audit-76d16a5-20260910\build\core\out\QuestWorldFlagValueBoundaryProbe\Core.Rules.dll
  Core.Carriers -> D:\workespace\ws-game-artifacts\audit-76d16a5-20260910\build\core\out\QuestWorldFlagValueBoundaryProbe\Core.Carriers.dll
  Core.Gameplay -> D:\workespace\ws-game-artifacts\audit-76d16a5-20260910\build\core\out\QuestWorldFlagValueBoundaryProbe\Core.Gameplay.dll
  Presentation.Common -> D:\workespace\ws-game-artifacts\audit-76d16a5-20260910\build\core\out\QuestWorldFlagValueBoundaryProbe\Presentation.Common.dll
  QuestWorldFlagValueBoundaryProbe -> D:\workespace\ws-game-artifacts\audit-76d16a5-20260910\build\core\out\QuestWorldFlagValueBoundaryProbe\QuestWorldFlagValueBoundaryProbe.dll

已成功生成。
    0 个警告
    0 个错误

已用时间 00:00:02.28
report_blocking=True;report_issue_count=1;report_error_count=1;report_warning_count=0;issues=[Error] reward_world_flag_value_shape quest.def[quest.audit].rewards.world_flags[0].value: rewards.world_flags[].value 不是合法的 ExprValue 形状（Bool|Number|String|{"$id":...}），实际类型：Array
quest_parse=throws;type=InvalidOperationException;message=数据校验未通过，禁止读取
positive_true_blocking=False;positive_true_error_count=0;positive_true_loaded_error_count=0;positive_true_world_flag_count=1
invalid_id_formal=throws;type=ArgumentException;message=Id 格式非法："BAD"，应满足 ^[a-z][a-z0-9_]*(\.[a-z0-9_]+)+$（全小写点分领域.名称） (Parameter 'value')
ORACLE-CURRENT=ExprValueJson.Parse accepts Bool, Number, Int, String, or {$id:...}; an Array is outside the union and must be rejected before QuestHost/QuestDefinition runtime parsing. The formal validator must report the malformed value before runtime parsing.
INTERPRETATION-CURRENT=1.14 QuestContentValidationRule reports the Array shape error and formal assembly blocks registry reads; the positive value=true fixture validates the accepted path and parses one world flag. Process exit 0 is not semantic proof.
EXPR-ID-CURRENT=the same QuestContentValidationRule path must also reject {$id:BAD} as a report; if IsValid lets Id constructor ArgumentException escape, formal validation itself is not exception-safe.
  正在确定要还原的项目…
  已还原 D:\workespace\ws-game-artifacts\audit-76d16a5-20260910\core\repro\SkillHotReloadBoundaryProbe.csproj (用时 71 毫秒)。
  5 个项目(共 6 个)是最新的，无法还原。
  Core.Foundation -> D:\workespace\ws-game-artifacts\audit-76d16a5-20260910\build\core\out\SkillHotReloadBoundaryProbe\Core.Foundation.dll
  Core.Numbers -> D:\workespace\ws-game-artifacts\audit-76d16a5-20260910\build\core\out\SkillHotReloadBoundaryProbe\Core.Numbers.dll
  Core.Rules -> D:\workespace\ws-game-artifacts\audit-76d16a5-20260910\build\core\out\SkillHotReloadBoundaryProbe\Core.Rules.dll
  Core.Carriers -> D:\workespace\ws-game-artifacts\audit-76d16a5-20260910\build\core\out\SkillHotReloadBoundaryProbe\Core.Carriers.dll
  Core.Gameplay -> D:\workespace\ws-game-artifacts\audit-76d16a5-20260910\build\core\out\SkillHotReloadBoundaryProbe\Core.Gameplay.dll
  SkillHotReloadBoundaryProbe -> D:\workespace\ws-game-artifacts\audit-76d16a5-20260910\build\core\out\SkillHotReloadBoundaryProbe\SkillHotReloadBoundaryProbe.dll

已成功生成。
    0 个警告
    0 个错误

已用时间 00:00:02.16
initial_registry_cooldown=0;host_cooldown_before=0;first_cast_success=True;damage_before=7
reload_blocking=False;reload_error_count=0;registry_cooldown_after=5;registry_damage_after=99;host_cooldown_before_second_cast=0;second_cast_success=True;damage_after=99;host_cooldown_after_second_cast=5
fresh_host_expected_cast_success=True;fresh_host_expected_damage=99;fresh_host_expected_cooldown_after_cast=5
ORACLE-CURRENT=after a successful reload and DataLoadCompleted, an existing SkillHost must either invalidate its SkillDefCache or explicitly document stale behavior; same action compared with a fresh host is the independent oracle. Existing host should use damage=99 and cooldown=5, matching the fresh host.
INTERPRETATION-CURRENT=registry exposes cooldown=5 and damage=99; after DataLoadCompleted the existing host second cast observes damage=99 and cooldown=5, matching a fresh real host. FakeCombatHost damage is EffectContext.BaseValue, not HP. Process exit 0 is not semantic proof.
  正在确定要还原的项目…
  已还原 D:\workespace\ws-game-artifacts\audit-76d16a5-20260910\core\repro\FollowupCoreProbe.csproj (用时 67 毫秒)。
  7 个项目(共 8 个)是最新的，无法还原。
  Core.Foundation -> D:\workespace\ws-game-artifacts\audit-76d16a5-20260910\build\core\out\FollowupCoreProbe\Core.Foundation.dll
  Adapters.Stub -> D:\workespace\ws-game-artifacts\audit-76d16a5-20260910\build\core\out\FollowupCoreProbe\Adapters.Stub.dll
  Core.Numbers -> D:\workespace\ws-game-artifacts\audit-76d16a5-20260910\build\core\out\FollowupCoreProbe\Core.Numbers.dll
  Core.Rules -> D:\workespace\ws-game-artifacts\audit-76d16a5-20260910\build\core\out\FollowupCoreProbe\Core.Rules.dll
  Core.Carriers -> D:\workespace\ws-game-artifacts\audit-76d16a5-20260910\build\core\out\FollowupCoreProbe\Core.Carriers.dll
  Core.Gameplay -> D:\workespace\ws-game-artifacts\audit-76d16a5-20260910\build\core\out\FollowupCoreProbe\Core.Gameplay.dll
  Presentation.Common -> D:\workespace\ws-game-artifacts\audit-76d16a5-20260910\build\core\out\FollowupCoreProbe\Presentation.Common.dll
  FollowupCoreProbe -> D:\workespace\ws-game-artifacts\audit-76d16a5-20260910\build\core\out\FollowupCoreProbe\FollowupCoreProbe.dll

已成功生成。
    0 个警告
    0 个错误

已用时间 00:00:02.02
FOLLOWUP-CORE-PROBE baseline=76d16a5 version=1.14.0
SUCCESSFUL-LOAD-INTERNAL-EVENTS
save_success=True;load_status=Loaded
before_save_level=10;rating_at_10=10
mutated_level=1;rating_at_1=5
after_load_level=10;entity_level=10;rating_after_load_before_dispatch=10;rating_after_dispatch=10
ORACLE-CURRENT=load_status=Loaded;after_load_level=10;rating_after_load=10
INTERPRETATION-CURRENT=SaveSystem suppression remains active, but current 1.14 DerivedStateRebuilder directly recomputes after the relevant section; rating follows the restored level.
SUCCESSFUL-LOAD-POWER-MAX-INTERNAL-EVENT
equip_success=True;save_success=True;load_status=Loaded
saved_max=200;saved_health=200;mutated_max=100
after_load_before_dispatch_max=200;after_load_before_dispatch_health=200
after_load_max=200;after_load_health=200;equipped_after=True
ORACLE-CURRENT=load_status=Loaded;after_load_max=200;after_load_health=200;equipped_after=true
INTERPRETATION-CURRENT=The current 1.14 section hook recomputes Power max before PlayerVitals.Load, so saved health is applied against max 200 despite event suppression.
ROLLBACK-EQUIPMENT-BEFORE-PROGRESSION
initial_equip=True;baseline_inventory_count=0;save_success=True;load_status=PersistableThrew
after_level=2;entity_level=2;equipped_after=True;inventory_count_after=0
ORACLE-CURRENT=load_status=PersistableThrew;after_level=2;entity_level=2;equipped_after=true;inventory_count_after=0
INTERPRETATION-CURRENT=Positive rollback restores Progression before Equipment, so the level-2 item is re-equipped after the level is restored.
SAME-MAP-RACE-SAVE-LOAD
save_a_valid=True;save_b_valid=True;race_b_oracle_stat=91;load_status=Loaded;map=world.followup_core
before_load_race=arch.race.followup_a;stat=61;auraA=True;auraB=False
after_load_race=arch.race.followup_b;stat=91;auraA=False;auraB=True
ORACLE-CURRENT=save_a_valid=True;save_b_valid=True;race_b_oracle_stat=91;load_status=Loaded;after_load_race=arch.race.followup_b;stat=91;auraA=False;auraB=True
INTERPRETATION-CURRENT=Two separately built valid role saves were used. Same-map RestoreFromSlot on A loads B and rebuilds B stat_mods/aura while clearing A state.
DERIVED-HOOK-EXCEPTION-BOUNDARY
save_success=True;load_status=Loaded;before_calls=1;section_calls=20;warning_count=21;rating_after=5
ORACLE-CURRENT=save_success=True;load_status=Loaded;before_calls=1;section_calls>0;warning_count>0
INTERPRETATION=SaveSystem contains BeforeLoad and OnSectionLoaded exceptions, returns Loaded, and records warnings; replacing the production rebuilder intentionally leaves derived state at the stale value.
ROLLBACK-DERIVED-STATE-RACE
save_a_initial=True;save_a_with_failure=True;save_b_valid=True;load_status=PersistableThrew;after_race=arch.race.followup_a;stat=61;auraA=True;auraB=False
ORACLE-CURRENT=load_status=PersistableThrew;after_race=arch.race.followup_a;stat=61;auraA=True;auraB=False
INTERPRETATION-CURRENT=Forward load applies B and its rebuild hook, then the missing custom section throws. current 1.14 positive rollback restores A fields and re-runs the derived hook, restoring A stat/aura.
ROLLBACK-DERIVED-STATE-KNOWN-SKILLS-BEFORE-VITALS
fault_section=player.known_skills;equip_success=True;saved_max=200;saved_health=200;save_a_valid=True;save_b_valid=True;load_status=PersistableThrew;after_level=2;equipped_after=True;max_after=200;health_after=200
ORACLE-CURRENT=load_status=PersistableThrew;after_level=2;equipped_after=True;max_after=200;health_after=200
INTERPRETATION-CURRENT=The B save is valid before fault injection; malformed player.known_skills fails after equipment and before player.vitals. current 1.14 positive rollback restores equipment, re-runs the derived hook, and restores max/health to 200.
SAME-MAP-CLASS-SAVE-LOAD
save_a_valid=True;save_b_valid=True;a_stat=10;a_legacy=5;a_mana=True;b_oracle_stat=20;b_oracle_legacy=0;b_oracle_mana=False;load_status=Loaded;after_class=arch.class.followup_b;after_stat=20;after_legacy=0;after_mana=False
ORACLE-CURRENT=save_a_valid=True;save_b_valid=True;b_oracle_stat=20;b_oracle_legacy=0;b_oracle_mana=False;load_status=Loaded;after_class=arch.class.followup_b;after_stat=20;after_legacy=0;after_mana=False
INTERPRETATION-CURRENT=Class B omits A's legacy base-stat key and mana power type. current 1.14 ReloadArchetypeAndRace rebuilds the class contribution and resource set to match B.
ROLLBACK-CLASS-POWER-CURRENT-AND-COMBAT-STATE
save_a_initial=True;save_a_with_failure=True;save_b_valid=True;race_before=arch.race.followup_a;race_after=arch.race.followup_a;class_after=arch.class.followup_a;mana_before=30;in_combat_before=True;load_status=PersistableThrew;mana_present_after=True;mana_after_rollback=30;in_combat_after_rollback=True;mana_after_advance_1=30;in_combat_after_advance_1=True
ORACLE-CURRENT=load_status=PersistableThrew;race_after=arch.race.followup_a;class_after=arch.class.followup_a;mana_present_after=True;mana_after_rollback=30;in_combat_after_rollback=True;mana_after_advance_1=30;in_combat_after_advance_1=True
INTERPRETATION-CURRENT=The valid A save has the same race, class A, and partially consumed Mana=30 while in combat. Forward B load removes Mana, then failure rollback rebuilds class A resources; current 1.14 PlayerVitals persistence restores Mana=30 and InCombat=True, and Advance(1) leaves both values unchanged under regen_in_combat=0.
ROLLBACK-CLASS-WRITTEN-BEFORE-RACE-LOAD-FAILURE
save_a_valid=True;save_a_with_failure=True;save_b_valid=True;before_class=arch.class.followup_a;before_race=arch.race.followup_a;mana_before=30;auraA_before=True;auraA_stacks_before=1;load_status=PersistableThrew;after_class=arch.class.followup_a;after_race=arch.race.followup_a;mana_present_after=True;mana_after=30;auraA_after=True;auraA_stacks_after=1;auraB_after=False
ORACLE-CURRENT=load_status=PersistableThrew;after_class=arch.class.followup_a;after_race=arch.race.followup_a;mana_present_after=True;mana_after=30;auraA_after=True;auraA_stacks_after=1;auraB_after=False
INTERPRETATION-CURRENT=The valid B document writes class B before its malformed race section fails. current 1.14 rollback restores the same race and different class in forward order, re-runs derived rebuilding, and preserves the partially consumed Mana and single RaceA aura reference.
INVENTORY-VM-SAME-MAP-LOAD
a_inventory_count=1;a_direct_count=1;a_direct_item_count=1;a_equipped_instance=item.inst_2;a_vm_item_count=1;a_vm_equipped_instance=item.inst_2
b_entries_before_save=item.followup_level2:1,item.followup_level2:1;save_b_valid=True;load_status=Loaded;direct_count_after=2;direct_entries_after=item.followup_level2:1,item.followup_level2:1;direct_equipped_instance_after=item.inst_3;direct_equipped_template_after=item.weapon.followup_b;vm_entries_after=item.followup_level2:1,item.followup_level2:1;vm_equipped_instance_after=item.inst_3
CORRECTNESS-ORACLE-CURRENT=after successful load, VM entries/equipped must equal live B direct query: direct_entries_after=item.followup_level2:1,item.followup_level2:1;direct_equipped_template_after=item.weapon.followup_b;vm_entries_after=item.followup_level2:1,item.followup_level2:1;vm_equipped_template_after=item.weapon.followup_b
BUG-SIGNATURE-CURRENT=NO-BUG-SIGNATURE;vm_entries_after and vm_equipped_instance_after match the live B direct query after SaveLoaded.
INTERPRETATION-CURRENT=UiDataSource queries the live B inventory/equipment after same-map load, and current 1.14 InventoryViewModel refreshes from SaveLoaded; the explicit Refresh below is a repeatability check, not required to make the production load path consistent.
vm_after_manual_refresh_entries=item.followup_level2:1,item.followup_level2:1;vm_after_manual_refresh_equipped_instance=item.inst_3
  正在确定要还原的项目…
  已还原 D:\workespace\ws-game-artifacts\audit-76d16a5-20260910\core\repro\TeleportLoadingBoundaryProbe.csproj (用时 77 毫秒)。
  6 个项目(共 7 个)是最新的，无法还原。
  Core.Foundation -> D:\workespace\ws-game-artifacts\audit-76d16a5-20260910\build\core\out\TeleportLoadingBoundaryProbe\Core.Foundation.dll
  Core.Numbers -> D:\workespace\ws-game-artifacts\audit-76d16a5-20260910\build\core\out\TeleportLoadingBoundaryProbe\Core.Numbers.dll
  Adapters.Stub -> D:\workespace\ws-game-artifacts\audit-76d16a5-20260910\build\core\out\TeleportLoadingBoundaryProbe\Adapters.Stub.dll
  Core.Rules -> D:\workespace\ws-game-artifacts\audit-76d16a5-20260910\build\core\out\TeleportLoadingBoundaryProbe\Core.Rules.dll
  Core.Carriers -> D:\workespace\ws-game-artifacts\audit-76d16a5-20260910\build\core\out\TeleportLoadingBoundaryProbe\Core.Carriers.dll
  Core.Gameplay -> D:\workespace\ws-game-artifacts\audit-76d16a5-20260910\build\core\out\TeleportLoadingBoundaryProbe\Core.Gameplay.dll
  TeleportLoadingBoundaryProbe -> D:\workespace\ws-game-artifacts\audit-76d16a5-20260910\build\core\out\TeleportLoadingBoundaryProbe\TeleportLoadingBoundaryProbe.dll

已成功生成。
    0 个警告
    0 个错误

已用时间 00:00:01.63
TELEPORT-GOSSIP-CONSECUTIVE-WHILE-LOADING
initial_scene=world.teleport_loading_a;first_chosen=True;state_after_first=Loading;scene_after_first=world.teleport_loading_a;map_after_first=world.teleport_loading_b;first_pending_B=True
second_chosen=True;state_after_second=Loading;map_after_second=world.teleport_loading_b;position_after_second=30,40;final_scene=world.teleport_loading_b;final_map=world.teleport_loading_b;final_position=30,40;world_player_present=True;world_player_map=world.teleport_loading_b;world_player_position=30,40
ORACLE-CURRENT=scene/player map and position must remain consistent; second request may reject, queue, or replace while preserving that invariant
INTERPRETATION-CURRENT=The public Dialog OpenGossip/ChooseOption path accepted the second request while the first scene load was still Loading. Current ApplyResolvedTeleport commits player/map fields only after SceneRouter accepts the destination; completion leaves router, player, and WorldSim on B at 30,40 with no divergence.
  正在确定要还原的项目…
  已还原 D:\workespace\ws-game-artifacts\audit-76d16a5-20260910\core\repro\CoreBoundaryProbe.csproj (用时 76 毫秒)。
  6 个项目(共 7 个)是最新的，无法还原。
  Core.Foundation -> D:\workespace\ws-game-artifacts\audit-76d16a5-20260910\build\core\out\CoreBoundaryProbe\Core.Foundation.dll
  Core.Numbers -> D:\workespace\ws-game-artifacts\audit-76d16a5-20260910\build\core\out\CoreBoundaryProbe\Core.Numbers.dll
  Core.Rules -> D:\workespace\ws-game-artifacts\audit-76d16a5-20260910\build\core\out\CoreBoundaryProbe\Core.Rules.dll
  Core.Carriers -> D:\workespace\ws-game-artifacts\audit-76d16a5-20260910\build\core\out\CoreBoundaryProbe\Core.Carriers.dll
  Core.Gameplay -> D:\workespace\ws-game-artifacts\audit-76d16a5-20260910\build\core\out\CoreBoundaryProbe\Core.Gameplay.dll
  Presentation.Common -> D:\workespace\ws-game-artifacts\audit-76d16a5-20260910\build\core\out\CoreBoundaryProbe\Presentation.Common.dll
D:\workespace\ws-game-artifacts\audit-76d16a5-20260910\core\repro\QuestTestSupport.cs(154,21): warning CS0649: 从未对字段“FakeRewardDispatcher.ShouldFail”赋值，字段将一直保持其默认值 false [D:\workespace\ws-game-artifacts\audit-76d16a5-20260910\core\repro\CoreBoundaryProbe.csproj]
  CoreBoundaryProbe -> D:\workespace\ws-game-artifacts\audit-76d16a5-20260910\build\core\out\CoreBoundaryProbe\CoreBoundaryProbe.dll

已成功生成。

D:\workespace\ws-game-artifacts\audit-76d16a5-20260910\core\repro\QuestTestSupport.cs(154,21): warning CS0649: 从未对字段“FakeRewardDispatcher.ShouldFail”赋值，字段将一直保持其默认值 false [D:\workespace\ws-game-artifacts\audit-76d16a5-20260910\core\repro\CoreBoundaryProbe.csproj]
    1 个警告
    0 个错误

已用时间 00:00:01.72
CURRENT-CORE-BOUNDARY-PROBE head=76d16a5 version=1.14.0
EXPR-ID;is_valid=<none>;is_valid_call=throws:ArgumentException
parse=throws:ArgumentException
ORACLE=IsValid contract says no throw and malformed Id must be false; Parse may throw ArgumentException for invalid Id. Validator must report this before runtime consumers.
QUEST-OBJECTIVE-RELOAD;exception=IndexOutOfRangeException;message=Index was outside the bounds of the array.
ORACLE=Reload must preserve active progress without indexing a stale ObjectiveCounts array; changed objective cardinality must migrate safely or reject atomically.
STAT-QUERY-ORDER;load_blocking=False;reload_blocking=False;beforeA=0;afterA=0;afterB=77;baseA=77;baseB=77
ORACLE=CHANGELOG current definition reload promises next access sees the new definition; two unmodified registered units must not differ solely because one was queried before reload. Explicit SetBase runtime state is a separate preserved state.
ECON-NONE-TO-TIMER;load_blocking=False;reload_blocking=False;before_update=0;after_update=0;timer_before=;timer_after=;fresh_before=0;fresh_after=2
ORACLE=when a retained stock entry adopts timer policy, Update after the timer interval must restock to the current stock limit; null timer state must be initialized on definition transition. A fresh host is the current-definition control.
All probes completed; interpret logs using core-findings.md and coverage-old-fix-matrix.md.
