scope=architecture 00-14 + architecture/adr ADR-0001..0019 + editor docs + games/_template docs + module README
architecture\00_架构总则.md	lines=217	sha256=a7b6591f3f400f6e726aed0e2a109036b12a44781befa7dba208ca6d91670d35
architecture\01_分层与依赖.md	lines=255	sha256=6da78a94ed433e8e4ab2cb484c6bf296ba87f14a4b6e3141c1f24bb502fd0651
architecture\02_引擎适配层.md	lines=351	sha256=a92915e82233fe85f94b9f716a93c08261d54e06884543603aa34a0dfe87b537
architecture\03_运行时骨架.md	lines=327	sha256=765fe9ac0e0e288d24fb25d5c179fcd7ff85eef635ec847c20ec11c18ec8ea78
architecture\04_数据与内容管线.md	lines=544	sha256=17b203a40146fdefee5ab953928908af3670d0fa797402003448fa3ecb2beff1
architecture\05_对象模型与世界.md	lines=423	sha256=e28d0834df8c059cec7785ed83196553e59d5b3cd48bb5097870bb2f47b3d096
architecture\06_规则层_属性技能战斗AI.md	lines=509	sha256=dc8a7ae0b3d2d140238c96bc44137c39756ad1a72b325248e27b0f3c2fb3f20e
architecture\07_载体层_物品生物物件.md	lines=315	sha256=0be0467062f96b6e4813cc1e03c574fb5ea18307a21de0837f7ae4d152e8f346
architecture\08_玩法层_掉落任务对话关卡.md	lines=407	sha256=9e798b2adad7dcd0b09cba74db03711f376bc256e83244b0337a6e0f627c8fb0
architecture\09_表现层.md	lines=471	sha256=f50194f5d0d444bc09afaa6ed6f10950e9a59a80ec8479651efe423d4ff5cdfd
architecture\10_存档与持久化.md	lines=234	sha256=3319fded3c0d1759e359d07f44545b1515518f6c88a6ec471e41d7ef46da8c43
architecture\11_工程规范与测试.md	lines=226	sha256=d94d72e2f9e2b67aea24c40667a2b59939fc8d21713b45d5d377cd477771bcaa
architecture\12_扩展与变更流程.md	lines=132	sha256=8bdbf943825762fe259b2650a731f598049396aef08d1c887a66b5c5b331cff0
architecture\13_新游戏接入指南.md	lines=182	sha256=422ec66175cba3b9f9934a0c0f8314f16d39e1da205a302b2ec5912c0d496bf6
architecture\14_资产规格书模板.md	lines=399	sha256=62917acebfb20be39f28bfafa359f340717cf8d8825e7f427c4d9172d64c92bc
architecture\adr\0001-万物皆法术.md	lines=44	sha256=9bc53b917e64185699a80ea9cab38800594537ba7e781ef986730d29d024ba88
architecture\adr\0002-逻辑对象不依赖引擎对象.md	lines=44	sha256=7558b96c952b07376a3c9a45050f770dbe659973130838b5d108e668881727ec
architecture\adr\0003-固定步长模拟.md	lines=44	sha256=46f1f4597eddcc7bee1bbbb308ddb961188976e7e88c6e963ad1c54d9a19b882
architecture\adr\0004-数据即内容.md	lines=35	sha256=6c5abaac3602a164d39cece08ace8e89e2bbf7953f5163f17fffa35134a8bc70
architecture\adr\0005-一个条件语言.md	lines=31	sha256=0fe9bca1cb653f7f2d69fdc8b6541b3a38ee157b34da5f71d59d240a1a37317d
architecture\adr\0006-逻辑id到DisplayInfo映射.md	lines=31	sha256=c8a140cef730ccb558b60a9c2bf7bcb1c416684cb359c1896561994bb5ed6105
architecture\adr\0007-窄契约加事件总线.md	lines=36	sha256=8b086e1a3be8abe2dd805ad1a038fdd6ca7e3ad75bc1063ff8731ef2c95ebaf7
architecture\adr\0008-世界状态标志替代Phasing.md	lines=31	sha256=85626e9aca4301c5f991143ead2ff1679992b086e2673d8d6aa00132f913af1c
architecture\adr\0009-存档是唯一持久化.md	lines=31	sha256=26972f03d45ad2929f8982be3e6763a52b46a983957159c9cb897983fa33f5a6
architecture\adr\0010-新增原语走审批.md	lines=31	sha256=2e174f6e1912b90c699a53a79a8960049d511a280484f9214de8f4282923fe8b
architecture\adr\0011-引擎适配层隔离技术选型.md	lines=31	sha256=1c74e9f6634659153188cb473c76f370ca315c598c746b7c01aee8b4b3fadf9a
architecture\adr\0012-表现形态双外形类型加固定镜头.md	lines=37	sha256=1be8befd45157cc95b9f9eb171e971643b087203e52ef210a23ca79c9be52aca
architecture\adr\0013-时间模型可替换即时与回合制同一规则层.md	lines=41	sha256=159264ab6c12e71f038587e5e97d3a2a9b45aed785c8f9965cbb7090f85cff6d
architecture\adr\0014-资产契约导入工具与UI套件是框架交付物.md	lines=40	sha256=de46ffa867123bf5eaa672e93c6ad6b26a13d567c0ec669d8da26ecb5a50e8dd
architecture\adr\0015-Expr点分标识符以引用登记表消歧.md	lines=48	sha256=576c71fb10872ea73c72f7e6520655ee96f35a4b6a5a4be537c58a11c64ffd7b
architecture\adr\0016-引擎适配层契约阶段4联调补齐.md	lines=56	sha256=1b90dc4edb946a67f55768668a322dae8edeb30022fb5385f417e71d573dd676
architecture\adr\0017-模型型外形默认路线补齐与命中帧同步.md	lines=87	sha256=e8033222a0b0ce5768153b4dcaf42e3db881743cc3e2ba07d8a9569ccf275acb
architecture\adr\0018-编辑器随游戏走与框架为此提供的交付物.md	lines=50	sha256=0b10fec1b66f660b5665e06e30ab08e774815feb5b90972ad329a2df47655054
architecture\adr\0019-复合字段子结构登记为机器可读schema.md	lines=46	sha256=63cebb870cbbe937e29e68b8e7832bd7d36acba95999d9fbf90afde27303cc98
architecture\adr\README.md	lines=27	sha256=3ca54a2f40d6c4a0439d043d790e3926e51a25edae27de765ef7bb85e030d926
editor\docs\编辑器产品文档.md	lines=1749	sha256=cbfd5eeaa1295ee70af0e990710acc94f1902559e9ede760b46ec28570c11a28
editor\README.md	lines=9	sha256=dbe4a32f2dee788c4cd872675febd2686cc860c47919557bedfca2e763f49f63
games\_template\data\README.md	lines=98	sha256=8300e2d9dec24d0e89a440e44f6090fc76595b863741534f2d75564f4ecadc7c
games\_template\README.md	lines=217	sha256=4354ae2397a5d3f143e9df9a5f3c3a69c5d546be70ee5052024dfafa49bd7145
core\carriers\assembly\README.md	lines=146	sha256=d99bfd3fa745a877126b1ad0d55f069a7bc214d75ebb3501dd7f745731c92136
core\carriers\common\README.md	lines=96	sha256=af3ff756ff5e25abfe41e93b60e585ded311e5bde1d062d98f64e5daba91159a
core\carriers\creature\README.md	lines=129	sha256=245328236eac54158c3fc20104b8d0e22b07b4ef89d68d2ac21b5762a44f6231
core\carriers\gobj\README.md	lines=295	sha256=86de8d3e63c4070a8dc870d7e33f446fc6af4195d62d44387698bb857dac38ca
core\carriers\item\README.md	lines=273	sha256=f00953eecc213cee68d7a257096057ace021ec85c06768630679232fc1ae4e50
core\carriers\item\schema\README.md	lines=114	sha256=1186a510e25bb1c27098712fa8d3dce34ab653364794f11a4d37bcd6d9e6485f
core\carriers\projectile\README.md	lines=132	sha256=44537e7c6ccccff407e9959ea789e42756d8d607db1fa8f142576bd293430291
core\carriers\README.md	lines=5	sha256=ec43277ddd08664a51146691e97748034d1ea48d309ee1d282b34a6c74a78d48
core\carriers\summon\README.md	lines=105	sha256=89b206620083e875b3286bdebf667957cf7734b0d12b306c98f4fe31cdce03a6
core\carriers\unit\README.md	lines=255	sha256=5f07134bb5add9aff4eb645d4a9a967437b02fe7067a8cfebf0f02a059604ca9
core\foundation\app_lifecycle\README.md	lines=147	sha256=e470b2e615c889cf10a1fa0e910536a17563e778c6effc91e5cc4afd285771a5
core\foundation\common\README.md	lines=37	sha256=1a2a25b6b72c87a357e43f5a3a6ebce41b9fffdc69d093233f5ba199c8d0f4a9
core\foundation\data_registry\README.md	lines=148	sha256=944a3f3863e53169d1e7a5eb5ad52760f8a3a5a0254a5342c063c296f7ece0ab
core\foundation\data_registry\schema\README.md	lines=72	sha256=08533fa47083c3b958c99f6c388d7d676584528a51a8a70f3c312e788f7e7a55
core\foundation\display_info\README.md	lines=109	sha256=ef72c8f1da728d7141c5b0524bc938f2eca772f8a4b85036bb3d2ad65f33dea7
core\foundation\display_info\schema\README.md	lines=74	sha256=72572423b72d648e313759ae3106a6541c01d020412fada653461d8945c78ad4
core\foundation\engine_adapter\README.md	lines=89	sha256=0e367e71fb590db1ba4fbccf9f55a9f6bf0b2b07d3479d0ea46239b0f176d0bc
core\foundation\event_bus\README.md	lines=141	sha256=30be4d4115b2b0ad7671db5117bdc817f4ef3c737e81214ff5bbeb31f3c78c16
core\foundation\expr\README.md	lines=196	sha256=77395a222319d9d00cee56ab7b8524b3c3f7dda70a65f661fc53e6b53c6ecd37
core\foundation\hook_registry\README.md	lines=127	sha256=b050182d6bea109e850808435c787a075721e05baf73fe3528c4e150aab3b791
core\foundation\input_map\README.md	lines=142	sha256=782203337691c731b83c2fdb6bc54f3009ad912f640c89c2063b06b6f1919e20
core\foundation\localization\README.md	lines=80	sha256=308ea718a4834cca436f342a61fa7b9ef18eadf6e0dd0d8677703b3a3107433e
core\foundation\localization\schema\README.md	lines=46	sha256=f7b876912305edd21b3063f8710891f5a82c92b93f0d0c4c55505692e208415b
core\foundation\README.md	lines=5	sha256=a8985339b9a69f1c4c19dd8b5466de1c59277f74c66c8d09e39dbe99cbdcb09b
core\foundation\rng\README.md	lines=63	sha256=1bd983cb93fa27d97d1b36357f97de37ab27b9ef58b185eb6d4c73a12bfb78b2
core\foundation\save_system\README.md	lines=543	sha256=fbe334a84a37e1b7b151826ca80575b7bc0154dac70f76492dcc4c813673ede0
core\foundation\scene_router\README.md	lines=154	sha256=f65a48d4d9393988fd6809caa6ecf79e382e969ab4064002c23def3adfc94a16
core\foundation\scene_router\schema\README.md	lines=35	sha256=35c4bf4cea1379f827fc8a88bceb9f55330f42725278be65ab077abc0c772814
core\foundation\sim_loop\README.md	lines=291	sha256=54bf346e8edcf202d8e4b3cf2b3d5471e728eca0da3b663b97f6617ebcc3735e
core\foundation\sim_loop\schema\README.md	lines=43	sha256=3e2fd6cb84a6c3fddaf8c919c80d219a04e769d9b3f7622a809a2e44f4950474
core\gameplay\achievement\README.md	lines=129	sha256=e9cfa194bd5f7813712c3f5bf1db58c3829dc9819bcc21bf5eaf58d421c6da9a
core\gameplay\achievement\schema\README.md	lines=103	sha256=481d8be934e629f3caa395770e30d124a8377ead69a4877a5170bf283ca55f4d
core\gameplay\area_trigger\README.md	lines=141	sha256=7a96e2aa913d6d233843895dc8fd99eb0d93ba1d971fd3da2b9169cf0600cb5f
core\gameplay\area_trigger\schema\README.md	lines=131	sha256=3f8c9f435af66d9b9ea9dc94155eff8ba970db69e5db632908f28f3504f9309f
core\gameplay\assembly\README.md	lines=376	sha256=a11dbc7639a504bc93f58ed83c3c255e2564d3708b11d8e88098c9c65bcfea72
core\gameplay\common\README.md	lines=121	sha256=31951d6b4a54df961b0f11b6ee3b3ad830591db0528b82aeca76e0e358a38083
core\gameplay\death\README.md	lines=118	sha256=cfd006b14d7fd4d39801bdcbd9042a06c4012df28537b4b11f7fb283fa5b8cad
core\gameplay\dialog\README.md	lines=124	sha256=d952818583f7d571e5430e64d85cfeedfba1f3f547df57d495ba8f5b38e35f27
core\gameplay\difficulty\README.md	lines=88	sha256=8c07638ade03b7e34b40c3f811d3ce34a3bd07c67661bf3393ed129389dbf8fa
core\gameplay\economy\README.md	lines=194	sha256=230b1e1d8ac75c85cf9ea050074be264a669fc9c3b6c62af65f4e50af5c36434
core\gameplay\encounter\README.md	lines=143	sha256=f908804aec77eeceb26dc64e053251828b770443b78e8c8ec4adedd2d75e7b5e
core\gameplay\encounter\schema\README.md	lines=164	sha256=2099577d5d74319693485346b7440eae4057cf8e9f4b0e4d9d43e6a5b8065ab7
core\gameplay\loot\README.md	lines=206	sha256=c963d1bbf3fc430e2e12afb134a6390642cb55496c1edcb5740fb00476a9fdf8
core\gameplay\quest\README.md	lines=184	sha256=307ad7df350c4fa5e8a13d3351da291ef85ad6305bd5c0fe94792020379c6b91
core\gameplay\README.md	lines=5	sha256=dc2b57b0c13bf109bf0f16c21cdbad13e06e023f108215166ed4c253b95213f3
core\gameplay\spawn\README.md	lines=162	sha256=63dda0f753444688998817581ce5ccc3a70116eaf5442ebf500668812edb60af
core\gameplay\spawn\schema\README.md	lines=88	sha256=bdab9e2a9fc7e5ffbb8714690045f716d1bf6339396093d367a2449596707914
core\gameplay\tests\Perf\README.md	lines=33	sha256=c298a306869c64f21578c549ad0d75d891291c64bc2c56368c8c9d584f69722e
core\gameplay\tests\Replay\README.md	lines=69	sha256=b67411c12e7761a405ac3c48cb7dd6fab93c12398a1b4a30c2d83152ca620045
core\gameplay\world_state\README.md	lines=174	sha256=506d6871da1d53e5115901d647483776cf2a93b6af0ca4d86a0a36c75480e576
core\gameplay\world_state\schema\README.md	lines=41	sha256=b8b482fd4e91330951c778c2c5a2b43ad255fe86f51b0324610e10dc2e731c93
core\numbers\archetype\README.md	lines=90	sha256=198c85693f985aa924e7b9b3b663f1b56223ddff179c009a4fd27e1de992d8db
core\numbers\archetype\schema\README.md	lines=61	sha256=747e03620037667f9ec7c58c563cf509652d5f9ae4d5bef361eee7e53a79a692
core\numbers\faction\README.md	lines=56	sha256=a1e090881a771c466aa5a52918a9037b7fcfafbc2e0c5df311e58c2245c30823
core\numbers\faction\schema\README.md	lines=36	sha256=d1b6f65a194d27df1fe5031f9f58493a9d1b803e954685d42a29e482da879d53
core\numbers\power_set\README.md	lines=92	sha256=82d75cd84601d8a0a203f0f1e7fa97fb0667ce35ae1f673d4dad4c1a44336800
core\numbers\power_set\schema\README.md	lines=84	sha256=1b38dc8a269873102c92b883e6e0e0777c49332bf8b1ead0ecd1dfe24904f25f
core\numbers\progression\README.md	lines=142	sha256=fb21d3b8f1ba98294279b385f58c6e0d1b6b89ddb2e4ccedd160bd1b82755ab0
core\numbers\progression\schema\README.md	lines=42	sha256=2a2c3a4fd7788f8b6355374fe7af631acf9d94a1b7a54b55b894432b8c82d581
core\numbers\README.md	lines=5	sha256=ec8676640992c48fe5c252b7fb34c0dce488a8e02cd57d7fa2fa5b884646d151
core\numbers\stat_block\README.md	lines=114	sha256=ffa5a88d65751fd5cb5b17d5900c7a7d16d91e3f90fd0f10e5c6cb2fb435e079
core\numbers\stat_block\schema\README.md	lines=47	sha256=951f7e3b08a1296ec37245763634babb6cb84ddc93dc3821db3496f37c21d357
core\rules\ai\README.md	lines=142	sha256=314351ee6c18beb7e9e40a03709c62fe3ecec1f83b9a10fe42eeb6a4d41019cc
core\rules\ai\schema\README.md	lines=64	sha256=49d095a7eb0f5d36f93cd18493c217960712b29a7af0d91403545ec342ccf833
core\rules\assembly\README.md	lines=218	sha256=d0ed089443efb3ea1eda8416a2d2b2cbb8e1001d4cbd1555133506195a4b3257
core\rules\combat\README.md	lines=182	sha256=defd1151443cbd7a1bebdeddf65c64ed33bdcc50ce1dcd15bdae6d9c58893ec8
core\rules\common\README.md	lines=125	sha256=00a034fa849f7fa2ae91874eadd64ed40aec3ec8f08ea66891f60cfca3d4ecd5
core\rules\expr_host\README.md	lines=128	sha256=8942863c16af3a2faf9d172a9ec0521b5c8a1520b3c3e94f15ad7c8cb7e44be8
core\rules\README.md	lines=5	sha256=500ddab558dd78ee24621083d397bf44156f3f342815fea7658cfca9f839469f
core\rules\skill\README.md	lines=458	sha256=f3bf23eacef57c4c3a283293c849ad78c2009f28c29d6b7a3259548652c83772
core\rules\skill\schema\README.md	lines=164	sha256=06d35a38e328dbe42cc5833667aa6c73bcacfc7d634d62b848d585a93e946978
core\rules\targeting\README.md	lines=128	sha256=21ca8e347b648ef3c4f75d110cd000a3ec6f1605b803c0c9114c476d9d78bc3a
core\rules\targeting\schema\README.md	lines=31	sha256=d10a292a68eeae5ec46f23f888ab28a4b519f4c9485530495b8c3b06524f02d0
presentation\assembly\README.md	lines=303	sha256=65dea8a189116a9de51ecb7570e2f3bdd996c6f7d3798761d6cb4015de8dacf2
presentation\camera\README.md	lines=67	sha256=527bc72ed050f813edc434757ba301ab18bdfcc36f1b359cf363c107b10bd778
presentation\camera\schema\README.md	lines=37	sha256=9d9a5b8c5cc5af1eef9b2db5ce65615111db4e32308893af23ba1f1d9cda336d
presentation\common\README.md	lines=125	sha256=5f0105418d9b9a822ad1a5471567e0c4bb01eb0a7101ed3c16e8a48b918e3e13
presentation\feedback_binder\README.md	lines=206	sha256=6f9b9208cbf9928cb3c7d402fafcb4db683fed3c0782f888217e5bb3e12ac2c5
presentation\README.md	lines=15	sha256=4291ed442ae82102156e3bebcefc79bd99b18a1c69fdef1054bb2071e692a219
presentation\render\README.md	lines=290	sha256=8fb4b058718177453da73765614f5d125c04aa3f76ec7b6a22dd1eac0f51e1af
presentation\shell\README.md	lines=53	sha256=af31df2d7b0f56a9d828106eee83c2765039d475110d57936d5fe65c87297953
presentation\ui\README.md	lines=126	sha256=65d23a462d63737c0bd67b5c4904150ffdf8a05fd31a21ad611e810cee4be52a
presentation\ui\schema\README.md	lines=19	sha256=c0ad73546a0ffb4a5865f1be1a2eb8c8a537db93da4894e3fc9bf4a63dd816a0
presentation\vfx_sfx\README.md	lines=171	sha256=2bdff42a7f028de8d419be353e2c2adc0cf6a7ca3be862d21690c3a32666afcc
presentation\view_binding\README.md	lines=101	sha256=f3fefa7cdebfb8f2c81ea4bef1dba8024ac0ff45e7fc08b205d1b68a841da57f
toolchain\README.md	lines=493	sha256=32da0ad8d0ec1b273203c4d80c32464644da50425466057df731939d4ebc3c96
toolchain\registry\manifests\adapter-headless\README.md	lines=53	sha256=a4b4a1328970674d5b4daa6c2196e0f79f05505cfdbd7c23a315914b471b394b
toolchain\registry\manifests\framework-data\README.md	lines=75	sha256=b52c15d2dd32b51a4175f632855dd35f9b7498df84c31173094346fde113d6b5
toolchain\registry\manifests\toolchain\README.md	lines=84	sha256=5f1a0f85ce77c190e0337cb5ec72aad8522ecf65e2dff87397bdfe9e3e7f6852
toolchain\registry\README.md	lines=136	sha256=1fd0f7849b834bc1318b6903017f489cb28374525f584e2539183b653764ce6d
count=129
