  正在确定要还原的项目…
  已还原 D:\workespace\ws-game-artifacts\audit-24a11fe-frozen\toolchain\abi_surface\AbiSurface.csproj (用时 147 毫秒)。
D:\workespace\ws-game-artifacts\audit-24a11fe-20260910\abi-gate-negative-oracle-rerun2\obj\AbiSurface\Release\net8.0\.NETCoreApp,Version=v8.0.AssemblyAttributes.cs(4,12): error CS0579: “global::System.Runtime.Versioning.TargetFrameworkAttribute”特性重复 [D:\workespace\ws-game-artifacts\audit-24a11fe-frozen\toolchain\abi_surface\AbiSurface.csproj]
D:\workespace\ws-game-artifacts\audit-24a11fe-20260910\abi-gate-negative-oracle-rerun2\obj\AbiSurface\Release\net8.0\AbiSurface.AssemblyInfo.cs(13,12): error CS0579: “System.Reflection.AssemblyCompanyAttribute”特性重复 [D:\workespace\ws-game-artifacts\audit-24a11fe-frozen\toolchain\abi_surface\AbiSurface.csproj]
D:\workespace\ws-game-artifacts\audit-24a11fe-20260910\abi-gate-negative-oracle-rerun2\obj\AbiSurface\Release\net8.0\AbiSurface.AssemblyInfo.cs(14,12): error CS0579: “System.Reflection.AssemblyConfigurationAttribute”特性重复 [D:\workespace\ws-game-artifacts\audit-24a11fe-frozen\toolchain\abi_surface\AbiSurface.csproj]
D:\workespace\ws-game-artifacts\audit-24a11fe-20260910\abi-gate-negative-oracle-rerun2\obj\AbiSurface\Release\net8.0\AbiSurface.AssemblyInfo.cs(15,12): error CS0579: “System.Reflection.AssemblyFileVersionAttribute”特性重复 [D:\workespace\ws-game-artifacts\audit-24a11fe-frozen\toolchain\abi_surface\AbiSurface.csproj]
D:\workespace\ws-game-artifacts\audit-24a11fe-20260910\abi-gate-negative-oracle-rerun2\obj\AbiSurface\Release\net8.0\AbiSurface.AssemblyInfo.cs(16,12): error CS0579: “System.Reflection.AssemblyInformationalVersionAttribute”特性重复 [D:\workespace\ws-game-artifacts\audit-24a11fe-frozen\toolchain\abi_surface\AbiSurface.csproj]
D:\workespace\ws-game-artifacts\audit-24a11fe-20260910\abi-gate-negative-oracle-rerun2\obj\AbiSurface\Release\net8.0\AbiSurface.AssemblyInfo.cs(17,12): error CS0579: “System.Reflection.AssemblyProductAttribute”特性重复 [D:\workespace\ws-game-artifacts\audit-24a11fe-frozen\toolchain\abi_surface\AbiSurface.csproj]
D:\workespace\ws-game-artifacts\audit-24a11fe-20260910\abi-gate-negative-oracle-rerun2\obj\AbiSurface\Release\net8.0\AbiSurface.AssemblyInfo.cs(18,12): error CS0579: “System.Reflection.AssemblyTitleAttribute”特性重复 [D:\workespace\ws-game-artifacts\audit-24a11fe-frozen\toolchain\abi_surface\AbiSurface.csproj]
D:\workespace\ws-game-artifacts\audit-24a11fe-20260910\abi-gate-negative-oracle-rerun2\obj\AbiSurface\Release\net8.0\AbiSurface.AssemblyInfo.cs(19,12): error CS0579: “System.Reflection.AssemblyVersionAttribute”特性重复 [D:\workespace\ws-game-artifacts\audit-24a11fe-frozen\toolchain\abi_surface\AbiSurface.csproj]

生成失败。

D:\workespace\ws-game-artifacts\audit-24a11fe-20260910\abi-gate-negative-oracle-rerun2\obj\AbiSurface\Release\net8.0\.NETCoreApp,Version=v8.0.AssemblyAttributes.cs(4,12): error CS0579: “global::System.Runtime.Versioning.TargetFrameworkAttribute”特性重复 [D:\workespace\ws-game-artifacts\audit-24a11fe-frozen\toolchain\abi_surface\AbiSurface.csproj]
D:\workespace\ws-game-artifacts\audit-24a11fe-20260910\abi-gate-negative-oracle-rerun2\obj\AbiSurface\Release\net8.0\AbiSurface.AssemblyInfo.cs(13,12): error CS0579: “System.Reflection.AssemblyCompanyAttribute”特性重复 [D:\workespace\ws-game-artifacts\audit-24a11fe-frozen\toolchain\abi_surface\AbiSurface.csproj]
D:\workespace\ws-game-artifacts\audit-24a11fe-20260910\abi-gate-negative-oracle-rerun2\obj\AbiSurface\Release\net8.0\AbiSurface.AssemblyInfo.cs(14,12): error CS0579: “System.Reflection.AssemblyConfigurationAttribute”特性重复 [D:\workespace\ws-game-artifacts\audit-24a11fe-frozen\toolchain\abi_surface\AbiSurface.csproj]
D:\workespace\ws-game-artifacts\audit-24a11fe-20260910\abi-gate-negative-oracle-rerun2\obj\AbiSurface\Release\net8.0\AbiSurface.AssemblyInfo.cs(15,12): error CS0579: “System.Reflection.AssemblyFileVersionAttribute”特性重复 [D:\workespace\ws-game-artifacts\audit-24a11fe-frozen\toolchain\abi_surface\AbiSurface.csproj]
D:\workespace\ws-game-artifacts\audit-24a11fe-20260910\abi-gate-negative-oracle-rerun2\obj\AbiSurface\Release\net8.0\AbiSurface.AssemblyInfo.cs(16,12): error CS0579: “System.Reflection.AssemblyInformationalVersionAttribute”特性重复 [D:\workespace\ws-game-artifacts\audit-24a11fe-frozen\toolchain\abi_surface\AbiSurface.csproj]
D:\workespace\ws-game-artifacts\audit-24a11fe-20260910\abi-gate-negative-oracle-rerun2\obj\AbiSurface\Release\net8.0\AbiSurface.AssemblyInfo.cs(17,12): error CS0579: “System.Reflection.AssemblyProductAttribute”特性重复 [D:\workespace\ws-game-artifacts\audit-24a11fe-frozen\toolchain\abi_surface\AbiSurface.csproj]
D:\workespace\ws-game-artifacts\audit-24a11fe-20260910\abi-gate-negative-oracle-rerun2\obj\AbiSurface\Release\net8.0\AbiSurface.AssemblyInfo.cs(18,12): error CS0579: “System.Reflection.AssemblyTitleAttribute”特性重复 [D:\workespace\ws-game-artifacts\audit-24a11fe-frozen\toolchain\abi_surface\AbiSurface.csproj]
D:\workespace\ws-game-artifacts\audit-24a11fe-20260910\abi-gate-negative-oracle-rerun2\obj\AbiSurface\Release\net8.0\AbiSurface.AssemblyInfo.cs(19,12): error CS0579: “System.Reflection.AssemblyVersionAttribute”特性重复 [D:\workespace\ws-game-artifacts\audit-24a11fe-frozen\toolchain\abi_surface\AbiSurface.csproj]
    0 个警告
    8 个错误

已用时间 00:00:00.70
