  正在确定要还原的项目…
  跳过项目“D:\workespace\ws-game-review-7e63d66\bin\audit-7e63d66\pjt-c-toolchain-1.0.0\package\presentation\Presentation.Common.csproj”，因为未找到该项目。
  跳过项目“D:\workespace\ws-game-review-7e63d66\bin\audit-7e63d66\pjt-c-toolchain-1.0.0\package\adapters\stub\Adapters.Stub.csproj”，因为未找到该项目。
  跳过项目“D:\workespace\ws-game-review-7e63d66\bin\audit-7e63d66\pjt-c-toolchain-1.0.0\package\presentation\Presentation.Common.csproj”，因为未找到该项目。
  跳过项目“D:\workespace\ws-game-review-7e63d66\bin\audit-7e63d66\pjt-c-toolchain-1.0.0\package\adapters\stub\Adapters.Stub.csproj”，因为未找到该项目。
  已还原 D:\workespace\ws-game-review-7e63d66\bin\audit-7e63d66\pjt-c-toolchain-1.0.0\package\Tools~\validator\Validator.csproj (用时 36 毫秒)。
C:\Program Files\dotnet\sdk\8.0.424\Microsoft.Common.CurrentVersion.targets(2176,5): warning : The referenced project '../../presentation/Presentation.Common.csproj' does not exist. [D:\workespace\ws-game-review-7e63d66\bin\audit-7e63d66\pjt-c-toolchain-1.0.0\package\Tools~\validator\Validator.csproj]
C:\Program Files\dotnet\sdk\8.0.424\Microsoft.Common.CurrentVersion.targets(2176,5): warning : The referenced project '../../adapters/stub/Adapters.Stub.csproj' does not exist. [D:\workespace\ws-game-review-7e63d66\bin\audit-7e63d66\pjt-c-toolchain-1.0.0\package\Tools~\validator\Validator.csproj]
D:\workespace\ws-game-review-7e63d66\bin\audit-7e63d66\pjt-c-toolchain-1.0.0\package\Tools~\validator\DiskFileSystem.cs(4,7): error CS0246: 未能找到类型或命名空间名“Core”(是否缺少 using 指令或程序集引用?) [D:\workespace\ws-game-review-7e63d66\bin\audit-7e63d66\pjt-c-toolchain-1.0.0\package\Tools~\validator\Validator.csproj]
D:\workespace\ws-game-review-7e63d66\bin\audit-7e63d66\pjt-c-toolchain-1.0.0\package\Tools~\validator\Program.cs(7,7): error CS0246: 未能找到类型或命名空间名“Core”(是否缺少 using 指令或程序集引用?) [D:\workespace\ws-game-review-7e63d66\bin\audit-7e63d66\pjt-c-toolchain-1.0.0\package\Tools~\validator\Validator.csproj]
D:\workespace\ws-game-review-7e63d66\bin\audit-7e63d66\pjt-c-toolchain-1.0.0\package\Tools~\validator\Program.cs(8,7): error CS0246: 未能找到类型或命名空间名“Core”(是否缺少 using 指令或程序集引用?) [D:\workespace\ws-game-review-7e63d66\bin\audit-7e63d66\pjt-c-toolchain-1.0.0\package\Tools~\validator\Validator.csproj]
D:\workespace\ws-game-review-7e63d66\bin\audit-7e63d66\pjt-c-toolchain-1.0.0\package\Tools~\validator\Program.cs(9,7): error CS0246: 未能找到类型或命名空间名“Presentation”(是否缺少 using 指令或程序集引用?) [D:\workespace\ws-game-review-7e63d66\bin\audit-7e63d66\pjt-c-toolchain-1.0.0\package\Tools~\validator\Validator.csproj]
D:\workespace\ws-game-review-7e63d66\bin\audit-7e63d66\pjt-c-toolchain-1.0.0\package\Tools~\validator\DiskFileSystem.cs(27,44): error CS0246: 未能找到类型或命名空间名“IFileSystem”(是否缺少 using 指令或程序集引用?) [D:\workespace\ws-game-review-7e63d66\bin\audit-7e63d66\pjt-c-toolchain-1.0.0\package\Tools~\validator\Validator.csproj]
D:\workespace\ws-game-review-7e63d66\bin\audit-7e63d66\pjt-c-toolchain-1.0.0\package\Tools~\validator\Program.cs(194,43): error CS0246: 未能找到类型或命名空间名“ValidationIssue”(是否缺少 using 指令或程序集引用?) [D:\workespace\ws-game-review-7e63d66\bin\audit-7e63d66\pjt-c-toolchain-1.0.0\package\Tools~\validator\Validator.csproj]
D:\workespace\ws-game-review-7e63d66\bin\audit-7e63d66\pjt-c-toolchain-1.0.0\package\Tools~\validator\Program.cs(214,39): error CS0246: 未能找到类型或命名空间名“ValidationReport”(是否缺少 using 指令或程序集引用?) [D:\workespace\ws-game-review-7e63d66\bin\audit-7e63d66\pjt-c-toolchain-1.0.0\package\Tools~\validator\Validator.csproj]
D:\workespace\ws-game-review-7e63d66\bin\audit-7e63d66\pjt-c-toolchain-1.0.0\package\Tools~\validator\Program.cs(214,97): error CS0246: 未能找到类型或命名空间名“IDataRegistryView”(是否缺少 using 指令或程序集引用?) [D:\workespace\ws-game-review-7e63d66\bin\audit-7e63d66\pjt-c-toolchain-1.0.0\package\Tools~\validator\Validator.csproj]
D:\workespace\ws-game-review-7e63d66\bin\audit-7e63d66\pjt-c-toolchain-1.0.0\package\Tools~\validator\Program.cs(214,148): error CS0246: 未能找到类型或命名空间名“OverrideDiagnostic”(是否缺少 using 指令或程序集引用?) [D:\workespace\ws-game-review-7e63d66\bin\audit-7e63d66\pjt-c-toolchain-1.0.0\package\Tools~\validator\Validator.csproj]
D:\workespace\ws-game-review-7e63d66\bin\audit-7e63d66\pjt-c-toolchain-1.0.0\package\Tools~\validator\Program.cs(258,66): error CS0246: 未能找到类型或命名空间名“OverrideDiagnostic”(是否缺少 using 指令或程序集引用?) [D:\workespace\ws-game-review-7e63d66\bin\audit-7e63d66\pjt-c-toolchain-1.0.0\package\Tools~\validator\Validator.csproj]
D:\workespace\ws-game-review-7e63d66\bin\audit-7e63d66\pjt-c-toolchain-1.0.0\package\Tools~\validator\Program.cs(268,63): error CS0246: 未能找到类型或命名空间名“ValidationIssue”(是否缺少 using 指令或程序集引用?) [D:\workespace\ws-game-review-7e63d66\bin\audit-7e63d66\pjt-c-toolchain-1.0.0\package\Tools~\validator\Validator.csproj]

生成失败。

C:\Program Files\dotnet\sdk\8.0.424\Microsoft.Common.CurrentVersion.targets(2176,5): warning : The referenced project '../../presentation/Presentation.Common.csproj' does not exist. [D:\workespace\ws-game-review-7e63d66\bin\audit-7e63d66\pjt-c-toolchain-1.0.0\package\Tools~\validator\Validator.csproj]
C:\Program Files\dotnet\sdk\8.0.424\Microsoft.Common.CurrentVersion.targets(2176,5): warning : The referenced project '../../adapters/stub/Adapters.Stub.csproj' does not exist. [D:\workespace\ws-game-review-7e63d66\bin\audit-7e63d66\pjt-c-toolchain-1.0.0\package\Tools~\validator\Validator.csproj]
D:\workespace\ws-game-review-7e63d66\bin\audit-7e63d66\pjt-c-toolchain-1.0.0\package\Tools~\validator\DiskFileSystem.cs(4,7): error CS0246: 未能找到类型或命名空间名“Core”(是否缺少 using 指令或程序集引用?) [D:\workespace\ws-game-review-7e63d66\bin\audit-7e63d66\pjt-c-toolchain-1.0.0\package\Tools~\validator\Validator.csproj]
D:\workespace\ws-game-review-7e63d66\bin\audit-7e63d66\pjt-c-toolchain-1.0.0\package\Tools~\validator\Program.cs(7,7): error CS0246: 未能找到类型或命名空间名“Core”(是否缺少 using 指令或程序集引用?) [D:\workespace\ws-game-review-7e63d66\bin\audit-7e63d66\pjt-c-toolchain-1.0.0\package\Tools~\validator\Validator.csproj]
D:\workespace\ws-game-review-7e63d66\bin\audit-7e63d66\pjt-c-toolchain-1.0.0\package\Tools~\validator\Program.cs(8,7): error CS0246: 未能找到类型或命名空间名“Core”(是否缺少 using 指令或程序集引用?) [D:\workespace\ws-game-review-7e63d66\bin\audit-7e63d66\pjt-c-toolchain-1.0.0\package\Tools~\validator\Validator.csproj]
D:\workespace\ws-game-review-7e63d66\bin\audit-7e63d66\pjt-c-toolchain-1.0.0\package\Tools~\validator\Program.cs(9,7): error CS0246: 未能找到类型或命名空间名“Presentation”(是否缺少 using 指令或程序集引用?) [D:\workespace\ws-game-review-7e63d66\bin\audit-7e63d66\pjt-c-toolchain-1.0.0\package\Tools~\validator\Validator.csproj]
D:\workespace\ws-game-review-7e63d66\bin\audit-7e63d66\pjt-c-toolchain-1.0.0\package\Tools~\validator\DiskFileSystem.cs(27,44): error CS0246: 未能找到类型或命名空间名“IFileSystem”(是否缺少 using 指令或程序集引用?) [D:\workespace\ws-game-review-7e63d66\bin\audit-7e63d66\pjt-c-toolchain-1.0.0\package\Tools~\validator\Validator.csproj]
D:\workespace\ws-game-review-7e63d66\bin\audit-7e63d66\pjt-c-toolchain-1.0.0\package\Tools~\validator\Program.cs(194,43): error CS0246: 未能找到类型或命名空间名“ValidationIssue”(是否缺少 using 指令或程序集引用?) [D:\workespace\ws-game-review-7e63d66\bin\audit-7e63d66\pjt-c-toolchain-1.0.0\package\Tools~\validator\Validator.csproj]
D:\workespace\ws-game-review-7e63d66\bin\audit-7e63d66\pjt-c-toolchain-1.0.0\package\Tools~\validator\Program.cs(214,39): error CS0246: 未能找到类型或命名空间名“ValidationReport”(是否缺少 using 指令或程序集引用?) [D:\workespace\ws-game-review-7e63d66\bin\audit-7e63d66\pjt-c-toolchain-1.0.0\package\Tools~\validator\Validator.csproj]
D:\workespace\ws-game-review-7e63d66\bin\audit-7e63d66\pjt-c-toolchain-1.0.0\package\Tools~\validator\Program.cs(214,97): error CS0246: 未能找到类型或命名空间名“IDataRegistryView”(是否缺少 using 指令或程序集引用?) [D:\workespace\ws-game-review-7e63d66\bin\audit-7e63d66\pjt-c-toolchain-1.0.0\package\Tools~\validator\Validator.csproj]
D:\workespace\ws-game-review-7e63d66\bin\audit-7e63d66\pjt-c-toolchain-1.0.0\package\Tools~\validator\Program.cs(214,148): error CS0246: 未能找到类型或命名空间名“OverrideDiagnostic”(是否缺少 using 指令或程序集引用?) [D:\workespace\ws-game-review-7e63d66\bin\audit-7e63d66\pjt-c-toolchain-1.0.0\package\Tools~\validator\Validator.csproj]
D:\workespace\ws-game-review-7e63d66\bin\audit-7e63d66\pjt-c-toolchain-1.0.0\package\Tools~\validator\Program.cs(258,66): error CS0246: 未能找到类型或命名空间名“OverrideDiagnostic”(是否缺少 using 指令或程序集引用?) [D:\workespace\ws-game-review-7e63d66\bin\audit-7e63d66\pjt-c-toolchain-1.0.0\package\Tools~\validator\Validator.csproj]
D:\workespace\ws-game-review-7e63d66\bin\audit-7e63d66\pjt-c-toolchain-1.0.0\package\Tools~\validator\Program.cs(268,63): error CS0246: 未能找到类型或命名空间名“ValidationIssue”(是否缺少 using 指令或程序集引用?) [D:\workespace\ws-game-review-7e63d66\bin\audit-7e63d66\pjt-c-toolchain-1.0.0\package\Tools~\validator\Validator.csproj]
    2 个警告
    11 个错误

已用时间 00:00:00.59
