**********************
Windows PowerShell transcript start
Start time: 20260907165144
Username: ONCE20240717\ONCE
RunAs User: ONCE20240717\ONCE
Configuration Name: 
Machine: ONCE20240717 (Microsoft Windows NT 10.0.26200.0)
Host Application: C:\WINDOWS\System32\WindowsPowerShell\v1.0\powershell.exe -NoProfile -ExecutionPolicy Bypass -File D:\workespace\ws-game-review-7e63d66\bin\audit-7e63d66\release-clean-20260907-165129\check.ps1 -SkipUnity -Quick -ArtifactsPath D:\workespace\ws-game-review-7e63d66\bin\audit-7e63d66\pjt-a-artifacts -LogFile D:\workespace\ws-game-review-7e63d66\bin\audit-7e63d66\pjt-a-quick-check.log
Process ID: 44836
PSVersion: 5.1.26100.9168
PSEdition: Desktop
PSCompatibleVersions: 1.0, 2.0, 3.0, 4.0, 5.0, 5.1.26100.9168
BuildVersion: 10.0.26100.9168
CLRVersion: 4.0.30319.42000
WSManStackVersion: 3.0
PSRemotingProtocolVersion: 2.3
SerializationVersion: 1.1.0.1
**********************

==== 门禁自检：Test-NativeExitCode 对失败/成功原生命令正确判定 ====
F1_SELF_CHECK_PROBE
F1_SELF_CHECK_PROBE
[Test-NativeExitCode] 可执行文件 '__ws_game_check_missing_executable__' 未找到（不在 PATH 中，或路径不存在），判定为 FAIL
[门禁自检：Test-NativeExitCode 对失败/成功原生命令正确判定] 通过，用时 0.3s

==== dotnet build Core.sln -c Release ====
  正在确定要还原的项目…
  已还原 D:\workespace\ws-game-review-7e63d66\bin\audit-7e63d66\release-clean-20260907-165129\core\foundation\Core.Foundation.csproj (用时 42 毫秒)。
  已还原 D:\workespace\ws-game-review-7e63d66\bin\audit-7e63d66\release-clean-20260907-165129\core\numbers\Core.Numbers.csproj (用时 45 毫秒)。
  已还原 D:\workespace\ws-game-review-7e63d66\bin\audit-7e63d66\release-clean-20260907-165129\toolchain\validator\Validator.csproj (用时 46 毫秒)。
  已还原 D:\workespace\ws-game-review-7e63d66\bin\audit-7e63d66\release-clean-20260907-165129\core\carriers\Core.Carriers.csproj (用时 46 毫秒)。
  已还原 D:\workespace\ws-game-review-7e63d66\bin\audit-7e63d66\release-clean-20260907-165129\core\rules\Core.Rules.csproj (用时 45 毫秒)。
  已还原 D:\workespace\ws-game-review-7e63d66\bin\audit-7e63d66\release-clean-20260907-165129\presentation\Presentation.Common.csproj (用时 46 毫秒)。
  已还原 D:\workespace\ws-game-review-7e63d66\bin\audit-7e63d66\release-clean-20260907-165129\core\gameplay\Core.Gameplay.csproj (用时 46 毫秒)。
  已还原 D:\workespace\ws-game-review-7e63d66\bin\audit-7e63d66\release-clean-20260907-165129\adapters\stub\Adapters.Stub.csproj (用时 45 毫秒)。
  已还原 D:\workespace\ws-game-review-7e63d66\bin\audit-7e63d66\release-clean-20260907-165129\core\gameplay\tests\Tests.Gameplay.csproj (用时 257 毫秒)。
  已还原 D:\workespace\ws-game-review-7e63d66\bin\audit-7e63d66\release-clean-20260907-165129\core\foundation\tests\Tests.Foundation.csproj (用时 256 毫秒)。
  已还原 D:\workespace\ws-game-review-7e63d66\bin\audit-7e63d66\release-clean-20260907-165129\core\numbers\tests\Tests.Numbers.csproj (用时 256 毫秒)。
  已还原 D:\workespace\ws-game-review-7e63d66\bin\audit-7e63d66\release-clean-20260907-165129\presentation\tests\Tests.PresentationCommon.csproj (用时 257 毫秒)。
  已还原 D:\workespace\ws-game-review-7e63d66\bin\audit-7e63d66\release-clean-20260907-165129\core\rules\tests\Tests.Rules.csproj (用时 257 毫秒)。
  已还原 D:\workespace\ws-game-review-7e63d66\bin\audit-7e63d66\release-clean-20260907-165129\core\carriers\tests\Tests.Carriers.csproj (用时 257 毫秒)。
  Core.Foundation -> D:\workespace\ws-game-review-7e63d66\bin\audit-7e63d66\pjt-a-artifacts\bin\Core.Foundation\release\Core.Foundation.dll
  Core.Numbers -> D:\workespace\ws-game-review-7e63d66\bin\audit-7e63d66\pjt-a-artifacts\bin\Core.Numbers\release\Core.Numbers.dll
  Adapters.Stub -> D:\workespace\ws-game-review-7e63d66\bin\audit-7e63d66\pjt-a-artifacts\bin\Adapters.Stub\release\Adapters.Stub.dll
  Core.Rules -> D:\workespace\ws-game-review-7e63d66\bin\audit-7e63d66\pjt-a-artifacts\bin\Core.Rules\release\Core.Rules.dll
  Tests.Numbers -> D:\workespace\ws-game-review-7e63d66\bin\audit-7e63d66\pjt-a-artifacts\bin\Tests.Numbers\release\Tests.Numbers.dll
  Tests.Foundation -> D:\workespace\ws-game-review-7e63d66\bin\audit-7e63d66\pjt-a-artifacts\bin\Tests.Foundation\release\Tests.Foundation.dll
  Core.Carriers -> D:\workespace\ws-game-review-7e63d66\bin\audit-7e63d66\pjt-a-artifacts\bin\Core.Carriers\release\Core.Carriers.dll
  Tests.Rules -> D:\workespace\ws-game-review-7e63d66\bin\audit-7e63d66\pjt-a-artifacts\bin\Tests.Rules\release\Tests.Rules.dll
  Core.Gameplay -> D:\workespace\ws-game-review-7e63d66\bin\audit-7e63d66\pjt-a-artifacts\bin\Core.Gameplay\release\Core.Gameplay.dll
  Tests.Carriers -> D:\workespace\ws-game-review-7e63d66\bin\audit-7e63d66\pjt-a-artifacts\bin\Tests.Carriers\release\Tests.Carriers.dll
  Presentation.Common -> D:\workespace\ws-game-review-7e63d66\bin\audit-7e63d66\pjt-a-artifacts\bin\Presentation.Common\release\Presentation.Common.dll
  Tests.Gameplay -> D:\workespace\ws-game-review-7e63d66\bin\audit-7e63d66\pjt-a-artifacts\bin\Tests.Gameplay\release\Tests.Gameplay.dll
  Validator -> D:\workespace\ws-game-review-7e63d66\bin\audit-7e63d66\pjt-a-artifacts\bin\Validator\release\Validator.dll
  Tests.PresentationCommon -> D:\workespace\ws-game-review-7e63d66\bin\audit-7e63d66\pjt-a-artifacts\bin\Tests.PresentationCommon\release\Tests.PresentationCommon.dll

已成功生成。
    0 个警告
    0 个错误

已用时间 00:00:02.59
[dotnet build Core.sln -c Release] 通过，用时 2.7s

==== dotnet test Core.sln -c Release --no-build（六工程，含 Perf 类别） ====
D:\workespace\ws-game-review-7e63d66\bin\audit-7e63d66\pjt-a-artifacts\bin\Tests.Carriers\release\Tests.Carriers.dll (.NETCoreApp,Version=v8.0)的测试运行
D:\workespace\ws-game-review-7e63d66\bin\audit-7e63d66\pjt-a-artifacts\bin\Tests.Numbers\release\Tests.Numbers.dll (.NETCoreApp,Version=v8.0)的测试运行
D:\workespace\ws-game-review-7e63d66\bin\audit-7e63d66\pjt-a-artifacts\bin\Tests.Foundation\release\Tests.Foundation.dll (.NETCoreApp,Version=v8.0)的测试运行
D:\workespace\ws-game-review-7e63d66\bin\audit-7e63d66\pjt-a-artifacts\bin\Tests.Rules\release\Tests.Rules.dll (.NETCoreApp,Version=v8.0)的测试运行
D:\workespace\ws-game-review-7e63d66\bin\audit-7e63d66\pjt-a-artifacts\bin\Tests.Gameplay\release\Tests.Gameplay.dll (.NETCoreApp,Version=v8.0)的测试运行
D:\workespace\ws-game-review-7e63d66\bin\audit-7e63d66\pjt-a-artifacts\bin\Tests.PresentationCommon\release\Tests.PresentationCommon.dll (.NETCoreApp,Version=v8.0)的测试运行
VSTest 版本 17.11.1 (x64)

VSTest 版本 17.11.1 (x64)

VSTest 版本 17.11.1 (x64)

VSTest 版本 17.11.1 (x64)

VSTest 版本 17.11.1 (x64)
VSTest 版本 17.11.1 (x64)


正在启动测试执行，请稍候...
正在启动测试执行，请稍候...
正在启动测试执行，请稍候...
正在启动测试执行，请稍候...
正在启动测试执行，请稍候...
正在启动测试执行，请稍候...
总共 1 个测试文件与指定模式相匹配。
总共 1 个测试文件与指定模式相匹配。
总共 1 个测试文件与指定模式相匹配。
总共 1 个测试文件与指定模式相匹配。
总共 1 个测试文件与指定模式相匹配。
总共 1 个测试文件与指定模式相匹配。


已通过! - 失败:     0，通过:   106，已跳过:     0，总计:   106，持续时间: 76 ms - Tests.Numbers.dll (net8.0)
已通过! - 失败:     0，通过:   638，已跳过:     0，总计:   638，持续时间: 49 ms - Tests.Foundation.dll (net8.0)

已通过! - 失败:     0，通过:   283，已跳过:     0，总计:   283，持续时间: 55 ms - Tests.Carriers.dll (net8.0)

已通过! - 失败:     0，通过:   345，已跳过:     0，总计:   345，持续时间: 82 ms - Tests.Rules.dll (net8.0)

已通过! - 失败:     0，通过:   407，已跳过:     0，总计:   407，持续时间: 109 ms - Tests.PresentationCommon.dll (net8.0)

已通过! - 失败:     0，通过:   435，已跳过:     0，总计:   435，持续时间: 2 s - Tests.Gameplay.dll (net8.0)
[dotnet test Core.sln -c Release --no-build（六工程，含 Perf 类别）] 通过，用时 5.8s

==== python toolchain/validate_data.py（合并根） ====
覆盖清单（1 条，见 data/README.md"多根加载与合并规则"）：
  [override] arch.power_type[arch.power.health]: "D:/workespace/ws-game-review-7e63d66/bin/audit-7e63d66/release-clean-20260907-165129/data/_sample/arch/arch.power_type.json" 覆盖 "D:/workespace/ws-game-review-7e63d66/bin/audit-7e63d66/release-clean-20260907-165129/data/_framework/arch/arch.power_type.json"
tables 59, records 276, errors 0, warnings 0, overrides 1
[第一道·骨架检查] checked 60 files across 2 root(s), 0 errors
[第二道·真实校验] 正在运行 toolchain/validator（首次运行会自动编译，可能需要几秒）: C:\Program Files\dotnet\dotnet.EXE run --project D:\workespace\ws-game-review-7e63d66\bin\audit-7e63d66\release-clean-20260907-165129\toolchain\validator -- --data-root D:\workespace\ws-game-review-7e63d66\bin\audit-7e63d66\release-clean-20260907-165129\data\_framework --data-root D:\workespace\ws-game-review-7e63d66\bin\audit-7e63d66\release-clean-20260907-165129\data\_sample
[python toolchain/validate_data.py（合并根）] 通过，用时 3s

==== python toolchain/validate_data.py --data-root data/_framework（框架根单独完整校验） ====
[warning] arch.power_type/arch.power.health/name_key: text_key_exists: l10n.text 表未加载，跳过文本键存在性检查
tables 5, records 122, errors 0, warnings 1, overrides 0
[第一道·骨架检查] checked 5 files across 1 root(s), 0 errors
[第二道·真实校验] 正在运行 toolchain/validator（首次运行会自动编译，可能需要几秒）: C:\Program Files\dotnet\dotnet.EXE run --project D:\workespace\ws-game-review-7e63d66\bin\audit-7e63d66\release-clean-20260907-165129\toolchain\validator -- --data-root D:\workespace\ws-game-review-7e63d66\bin\audit-7e63d66\release-clean-20260907-165129\data\_framework
[python toolchain/validate_data.py --data-root data/_framework（框架根单独完整校验）] 通过，用时 1.2s

==== python toolchain/gen_event_constants.py --check ====
check 通过：88 个常量与 D:\workespace\ws-game-review-7e63d66\bin\audit-7e63d66\release-clean-20260907-165129\core\foundation\event_bus\generated\EventKeys.g.cs 一致
[python toolchain/gen_event_constants.py --check] 通过，用时 0.1s

==== python toolchain/gen_placeholder_assets.py --check ====
已跳过：-Quick

==== python toolchain/import_assets.py check --dataset _sample ====
[check] dataset=_sample only=sfx,sprite,vfx,world: 检查 8 条 display.map / 3 条 vfx.def / 3 条 sfx.def / 1 条 world.map，发现 0 个问题
[python toolchain/import_assets.py check --dataset _sample] 通过，用时 0.1s

==== python -m pytest toolchain/tests -q ====
已跳过：-Quick

==== 禁用词扫描：全仓库不出现具体游戏代号 ====
[禁用词扫描：全仓库不出现具体游戏代号] 通过，用时 1.5s

==== 禁用词扫描：architecture 正文不出现引擎/语言/框架/工具名（immunity 例外） ====
[禁用词扫描：architecture 正文不出现引擎/语言/框架/工具名（immunity 例外）] 通过，用时 0s

==== 版本一致性：VERSION、两个 package.json、packages-lock.json 与 CHANGELOG.md ====
[版本一致性：VERSION、两个 package.json、packages-lock.json 与 CHANGELOG.md] 通过，用时 0s

==== build.ps1 -SkipTests（同步 DLL） ====
已跳过：-Quick

==== 包清单一致性（三个 npm 包版本号 + npm pack --dry-run 排除规则） ====
已跳过：-Quick

==== Unity 编译检查 ====
已跳过：-SkipUnity

==== Unity EditMode 测试 ====
已跳过：-SkipUnity

==== Unity PlayMode 测试 ====
已跳过：-SkipUnity

==== 独立版构建 + -gf-smoke 冒烟（连续模式默认流程） ====
已跳过：-SkipUnity

==== 独立版 -gf-smoke-discrete 冒烟（离散模式链路） ====
已跳过：-SkipUnity

==== 消费方演练 ====
已跳过：-SkipUnity

==== 汇总 ====

Step                                                                     Result Seconds Detail                                                            
----                                                                     ------ ------- ------                                                            
门禁自检：Test-NativeExitCode 对失败/成功原生命令正确判定                                  PASS       0.3                                                                   
dotnet build Core.sln -c Release                                         PASS       2.7                                                                   
dotnet test Core.sln -c Release --no-build（六工程，含 Perf 类别）                PASS       5.8                                                                   
python toolchain/validate_data.py（合并根）                                   PASS         3                                                                   
python toolchain/validate_data.py --data-root data/_framework（框架根单独完整校验） PASS       1.2                                                                   
python toolchain/gen_event_constants.py --check                          PASS       0.1                                                                   
python toolchain/gen_placeholder_assets.py --check                       SKIP         0 -Quick                                                            
python toolchain/import_assets.py check --dataset _sample                PASS       0.1                                                                   
python -m pytest toolchain/tests -q                                      SKIP         0 -Quick                                                            
禁用词扫描：全仓库不出现具体游戏代号                                                       PASS       1.5                                                                   
禁用词扫描：architecture 正文不出现引擎/语言/框架/工具名（immunity 例外）                        PASS         0                                                                   
版本一致性：VERSION、两个 package.json、packages-lock.json 与 CHANGELOG.md          PASS         0 VERSION=1.0.0，两个 package.json、packages-lock.json 与 CHANGELOG.md 一致
build.ps1 -SkipTests（同步 DLL）                                             SKIP         0 -Quick                                                            
包清单一致性（三个 npm 包版本号 + npm pack --dry-run 排除规则）                            SKIP         0 -Quick                                                            
Unity 编译检查                                                               SKIP         0 -SkipUnity                                                        
Unity EditMode 测试                                                        SKIP         0 -SkipUnity                                                        
Unity PlayMode 测试                                                        SKIP         0 -SkipUnity                                                        
独立版构建 + -gf-smoke 冒烟（连续模式默认流程）                                           SKIP         0 -SkipUnity                                                        
独立版 -gf-smoke-discrete 冒烟（离散模式链路）                                        SKIP         0 -SkipUnity                                                        
消费方演练                                                                    SKIP         0 -SkipUnity
门禁通过：全部 20 步（总用时 14.7s）。
**********************
Windows PowerShell transcript end
End time: 20260907165159
**********************
EXIT_CODE=0
