FOLLOWUP-CORE-PROBE baseline=e070e3f version=1.8.0
SUCCESSFUL-LOAD-INTERNAL-EVENTS
save_success=True;load_status=Loaded
before_save_level=10;rating_at_10=10
mutated_level=1;rating_at_1=5
after_load_level=10;entity_level=10;rating_after_load_before_dispatch=5;rating_after_dispatch=5
EXPECTED=load_status=Loaded;after_load_level=10;rating_after_load=10
INTERPRETATION=ProgressionPersistable.Load calls RestoreState, whose ProgressionRestoredEvent is consumed by RulesAssembly to recompute rating; if SaveSystem suppression drops it, level restores but cached rating remains 5.
SUCCESSFUL-LOAD-POWER-MAX-INTERNAL-EVENT
equip_success=True;save_success=True;load_status=Loaded
saved_max=200;saved_health=200;mutated_max=100
after_load_before_dispatch_max=100;after_load_before_dispatch_health=100
after_load_max=100;after_load_health=100;equipped_after=True
EXPECTED=load_status=Loaded;after_load_max=200;after_load_health=200;equipped_after=true
INTERPRETATION=Equipment.Load publishes StatChanged while SaveSystem suppression is active; RulesAssembly.StatChanged subscription is the production path that recomputes PowerHost max. PlayerVitals.Load then applies saved health against that max, so dropped StatChanged leaves derived max/health stale.
ROLLBACK-EQUIPMENT-BEFORE-PROGRESSION
initial_equip=True;baseline_inventory_count=0;save_success=True;load_status=PersistableThrew
after_level=2;entity_level=2;equipped_after=False;inventory_count_after=0
EXPECTED=load_status=PersistableThrew;after_level=2;entity_level=2;equipped_after=true;inventory_count_after=0
INTERPRETATION=rollback order restores Equipment before Progression; at level 1 the level-2 item cannot be re-equipped, so the pre-load equipped state may be lost even though Progression later restores level 2.
